Archive member included to satisfy reference by file (symbol)

.\CortexM3\ARM_GCC_541\Debug\Design01.a(CyLib.o)
                              .\CortexM3\ARM_GCC_541\Debug\Cm3Start.o (CyHalt)
.\CortexM3\ARM_GCC_541\Debug\Design01.a(cyPm.o)
                              .\CortexM3\ARM_GCC_541\Debug\main.o (CyPmSaveClocks)
.\CortexM3\ARM_GCC_541\Debug\Design01.a(D1.o)
                              .\CortexM3\ARM_GCC_541\Debug\main.o (D1_ClearInterrupt)
.\CortexM3\ARM_GCC_541\Debug\Design01.a(isr_1.o)
                              .\CortexM3\ARM_GCC_541\Debug\main.o (isr_1_StartEx)
.\CortexM3\ARM_GCC_541\Debug\Design01.a(I2C_1.o)
                              .\CortexM3\ARM_GCC_541\Debug\main.o (I2C_1_Start)
.\CortexM3\ARM_GCC_541\Debug\Design01.a(I2C_1_INT.o)
                              .\CortexM3\ARM_GCC_541\Debug\Design01.a(I2C_1.o) (I2C_1_ISR)
.\CortexM3\ARM_GCC_541\Debug\Design01.a(I2C_1_PM.o)
                              .\CortexM3\ARM_GCC_541\Debug\main.o (I2C_1_Sleep)
.\CortexM3\ARM_GCC_541\Debug\Design01.a(I2C_1_MASTER.o)
                              .\CortexM3\ARM_GCC_541\Debug\Design01.a(I2C_1.o) (I2C_1_mstrStatus)
.\CortexM3\ARM_GCC_541\Debug\Design01.a(UART_1.o)
                              .\CortexM3\ARM_GCC_541\Debug\main.o (UART_1_Start)
.\CortexM3\ARM_GCC_541\Debug\Design01.a(UART_1_PM.o)
                              .\CortexM3\ARM_GCC_541\Debug\main.o (UART_1_Sleep)
.\CortexM3\ARM_GCC_541\Debug\Design01.a(isr_UART_1_Tx.o)
                              .\CortexM3\ARM_GCC_541\Debug\c_uart.o (isr_UART_1_Tx_StartEx)
.\CortexM3\ARM_GCC_541\Debug\Design01.a(isr_UART_1_Rx.o)
                              .\CortexM3\ARM_GCC_541\Debug\c_uart.o (isr_UART_1_Rx_StartEx)
.\CortexM3\ARM_GCC_541\Debug\Design01.a(ADC_1.o)
                              .\CortexM3\ARM_GCC_541\Debug\c_adc.o (ADC_1_Stop)
.\CortexM3\ARM_GCC_541\Debug\Design01.a(ADC_1_INT.o)
                              .\CortexM3\ARM_GCC_541\Debug\Design01.a(ADC_1.o) (ADC_1_ISR)
.\CortexM3\ARM_GCC_541\Debug\Design01.a(ADC_1_PM.o)
                              .\CortexM3\ARM_GCC_541\Debug\main.o (ADC_1_Sleep)
.\CortexM3\ARM_GCC_541\Debug\Design01.a(ADC_2.o)
                              .\CortexM3\ARM_GCC_541\Debug\c_adc.o (ADC_2_Stop)
.\CortexM3\ARM_GCC_541\Debug\Design01.a(ADC_2_INT.o)
                              .\CortexM3\ARM_GCC_541\Debug\Design01.a(ADC_2.o) (ADC_2_ISR)
.\CortexM3\ARM_GCC_541\Debug\Design01.a(ADC_2_PM.o)
                              .\CortexM3\ARM_GCC_541\Debug\main.o (ADC_2_Sleep)
.\CortexM3\ARM_GCC_541\Debug\Design01.a(USBUART.o)
                              .\CortexM3\ARM_GCC_541\Debug\main.o (USBUART_Start)
.\CortexM3\ARM_GCC_541\Debug\Design01.a(USBUART_cdc.o)
                              .\CortexM3\ARM_GCC_541\Debug\mrbc_firm.o (USBUART_CDC_Init)
.\CortexM3\ARM_GCC_541\Debug\Design01.a(USBUART_drv.o)
                              .\CortexM3\ARM_GCC_541\Debug\Design01.a(USBUART.o) (USBUART_lastPacketSize)
.\CortexM3\ARM_GCC_541\Debug\Design01.a(USBUART_episr.o)
                              .\CortexM3\ARM_GCC_541\Debug\Design01.a(USBUART.o) (USBUART_EP_1_ISR)
.\CortexM3\ARM_GCC_541\Debug\Design01.a(USBUART_pm.o)
                              .\CortexM3\ARM_GCC_541\Debug\Design01.a(USBUART.o) (USBUART_DP_ISR)
.\CortexM3\ARM_GCC_541\Debug\Design01.a(USBUART_std.o)
                              .\CortexM3\ARM_GCC_541\Debug\Design01.a(USBUART_pm.o) (USBUART_ConfigReg)
.\CortexM3\ARM_GCC_541\Debug\Design01.a(USBUART_vnd.o)
                              .\CortexM3\ARM_GCC_541\Debug\Design01.a(USBUART_drv.o) (USBUART_HandleVendorRqst)
.\CortexM3\ARM_GCC_541\Debug\Design01.a(Em_EEPROM.o)
                              .\CortexM3\ARM_GCC_541\Debug\main.o (Em_EEPROM_Start)
.\CortexM3\ARM_GCC_541\Debug\Design01.a(isr_Tick.o)
                              .\CortexM3\ARM_GCC_541\Debug\main.o (isr_Tick_StartEx)
.\CortexM3\ARM_GCC_541\Debug\Design01.a(UART_1_IntClock.o)
                              .\CortexM3\ARM_GCC_541\Debug\Design01.a(UART_1.o) (UART_1_IntClock_Start)
.\CortexM3\ARM_GCC_541\Debug\Design01.a(ADC_1_theACLK.o)
                              .\CortexM3\ARM_GCC_541\Debug\Design01.a(ADC_1.o) (ADC_1_theACLK_SetModeRegister)
.\CortexM3\ARM_GCC_541\Debug\Design01.a(ADC_2_theACLK.o)
                              .\CortexM3\ARM_GCC_541\Debug\Design01.a(ADC_2.o) (ADC_2_theACLK_SetModeRegister)
.\CortexM3\ARM_GCC_541\Debug\Design01.a(USBUART_Dp.o)
                              .\CortexM3\ARM_GCC_541\Debug\Design01.a(USBUART.o) (USBUART_Dp_ClearInterrupt)
.\CortexM3\ARM_GCC_541\Debug\Design01.a(LED1.o)
                              .\CortexM3\ARM_GCC_541\Debug\main.o (LED1_Write)
.\CortexM3\ARM_GCC_541\Debug\Design01.a(SW1.o)
                              .\CortexM3\ARM_GCC_541\Debug\standard_io.o (SW1_Read)
.\CortexM3\ARM_GCC_541\Debug\Design01.a(SleepTimer.o)
                              .\CortexM3\ARM_GCC_541\Debug\main.o (SleepTimer_Stop)
[...]
Memory Configuration

Name             Origin             Length             Attributes
rom              0x00000000         0x00040000         xr
ram              0x1fff8000         0x00010000         xrw
*default*        0x00000000         0xffffffff

Linker script and memory map

LOAD c:/program files (x86)/cypress/psoc creator/4.2/psoc creator/import/gnu/arm/5.4.1/bin/../lib/gcc/arm-none-eabi/5.4.1/armv7-m/crti.o
LOAD c:/program files (x86)/cypress/psoc creator/4.2/psoc creator/import/gnu/arm/5.4.1/bin/../lib/gcc/arm-none-eabi/5.4.1/armv7-m/crtbegin.o
LOAD c:/program files (x86)/cypress/psoc creator/4.2/psoc creator/import/gnu/arm/5.4.1/bin/../lib/gcc/arm-none-eabi/5.4.1/../../../../arm-none-eabi/lib/armv7-m/crt0.o
START GROUP
LOAD .\CortexM3\ARM_GCC_541\Debug\main.o
LOAD .\CortexM3\ARM_GCC_541\Debug\alloc.o
LOAD .\CortexM3\ARM_GCC_541\Debug\c_array.o
LOAD .\CortexM3\ARM_GCC_541\Debug\c_hash.o
LOAD .\CortexM3\ARM_GCC_541\Debug\c_i2c.o
LOAD .\CortexM3\ARM_GCC_541\Debug\c_math.o
LOAD .\CortexM3\ARM_GCC_541\Debug\c_numeric.o
LOAD .\CortexM3\ARM_GCC_541\Debug\c_range.o
LOAD .\CortexM3\ARM_GCC_541\Debug\c_string.o
LOAD .\CortexM3\ARM_GCC_541\Debug\c_uart.o
LOAD .\CortexM3\ARM_GCC_541\Debug\class.o
LOAD .\CortexM3\ARM_GCC_541\Debug\console.o
LOAD .\CortexM3\ARM_GCC_541\Debug\global.o
LOAD .\CortexM3\ARM_GCC_541\Debug\keyvalue.o
LOAD .\CortexM3\ARM_GCC_541\Debug\load.o
LOAD .\CortexM3\ARM_GCC_541\Debug\mrbc_firm.o
LOAD .\CortexM3\ARM_GCC_541\Debug\mrblib.o
LOAD .\CortexM3\ARM_GCC_541\Debug\rrt0.o
LOAD .\CortexM3\ARM_GCC_541\Debug\static.o
LOAD .\CortexM3\ARM_GCC_541\Debug\symbol.o
LOAD .\CortexM3\ARM_GCC_541\Debug\uart2.o
LOAD .\CortexM3\ARM_GCC_541\Debug\value.o
LOAD .\CortexM3\ARM_GCC_541\Debug\vm.o
LOAD .\CortexM3\ARM_GCC_541\Debug\c_adc.o
LOAD .\CortexM3\ARM_GCC_541\Debug\standard_io.o
LOAD .\CortexM3\ARM_GCC_541\Debug\cyfitter_cfg.o
LOAD .\CortexM3\ARM_GCC_541\Debug\cymetadata.o
LOAD .\CortexM3\ARM_GCC_541\Debug\Cm3Start.o
LOAD .\CortexM3\ARM_GCC_541\Debug\Design01.a
LOAD C:\Program Files (x86)\Cypress\PSoC Creator\4.2\PSoC Creator\psoc\content\cycomponentlibrary\CyComponentLibrary.cylib\CortexM3\ARM_GCC_541\Debug\CyComponentLibrary.a
LOAD c:/program files (x86)/cypress/psoc creator/4.2/psoc creator/import/gnu/arm/5.4.1/bin/../lib/gcc/arm-none-eabi/5.4.1/../../../../arm-none-eabi/lib/armv7-m\libm.a
END GROUP
START GROUP
LOAD c:/program files (x86)/cypress/psoc creator/4.2/psoc creator/import/gnu/arm/5.4.1/bin/../lib/gcc/arm-none-eabi/5.4.1/armv7-m\libgcc.a
LOAD c:/program files (x86)/cypress/psoc creator/4.2/psoc creator/import/gnu/arm/5.4.1/bin/../lib/gcc/arm-none-eabi/5.4.1/../../../../arm-none-eabi/lib/armv7-m\libg_nano.a
LOAD c:/program files (x86)/cypress/psoc creator/4.2/psoc creator/import/gnu/arm/5.4.1/bin/../lib/gcc/arm-none-eabi/5.4.1/../../../../arm-none-eabi/lib/armv7-m\libc_nano.a
END GROUP
START GROUP
LOAD c:/program files (x86)/cypress/psoc creator/4.2/psoc creator/import/gnu/arm/5.4.1/bin/../lib/gcc/arm-none-eabi/5.4.1/armv7-m\libgcc.a
LOAD c:/program files (x86)/cypress/psoc creator/4.2/psoc creator/import/gnu/arm/5.4.1/bin/../lib/gcc/arm-none-eabi/5.4.1/../../../../arm-none-eabi/lib/armv7-m\libc_nano.a
END GROUP
LOAD c:/program files (x86)/cypress/psoc creator/4.2/psoc creator/import/gnu/arm/5.4.1/bin/../lib/gcc/arm-none-eabi/5.4.1/armv7-m/crtend.o
LOAD c:/program files (x86)/cypress/psoc creator/4.2/psoc creator/import/gnu/arm/5.4.1/bin/../lib/gcc/arm-none-eabi/5.4.1/armv7-m/crtn.o
START GROUP
LOAD c:/program files (x86)/cypress/psoc creator/4.2/psoc creator/import/gnu/arm/5.4.1/bin/../lib/gcc/arm-none-eabi/5.4.1/armv7-m\libgcc.a
LOAD c:/program files (x86)/cypress/psoc creator/4.2/psoc creator/import/gnu/arm/5.4.1/bin/../lib/gcc/arm-none-eabi/5.4.1/../../../../arm-none-eabi/lib/armv7-m\libc.a
LOAD c:/program files (x86)/cypress/psoc creator/4.2/psoc creator/import/gnu/arm/5.4.1/bin/../lib/gcc/arm-none-eabi/5.4.1/../../../../arm-none-eabi/lib/armv7-m\libnosys.a
END GROUP
                0x00000000                CY_APPL_ORIGIN = 0x0
                0x00000100                CY_FLASH_ROW_SIZE = 0x100
                0x00000020                CY_ECC_ROW_SIZE = 0x20
                0x00000000                CY_EE_IN_BTLDR = 0x0
                0x00000000                CY_APPL_LOADABLE = 0x0
                0x00000800                CY_EE_SIZE = 0x800
                0x00000001                CY_APPL_NUM = 0x1
                0x00000001                CY_APPL_MAX = 0x1
                0x00000040                CY_METADATA_SIZE = 0x40
                0x00000000                CY_APPL_LOADABLE = 0x0
                0x00000000                CY_CHECKSUM_EXCLUDE_SIZE = ALIGN (0x0, CY_FLASH_ROW_SIZE)
                [!provide]                PROVIDE (__cy_heap_start, _end)
                0x00000001                PROVIDE (__cy_region_num, ((__cy_regions_end - __cy_regions) / 0x10))
                0x20008000                PROVIDE (__cy_stack, (ORIGIN (ram) + LENGTH (ram)))
                [!provide]                PROVIDE (__cy_heap_end, (__cy_stack - 0x800))

.cybootloader   0x00000000        0x0
 *(.cybootloader)
                0x00000000                appl1_start = CY_APPL_ORIGIN?CY_APPL_ORIGIN:ALIGN (CY_FLASH_ROW_SIZE)
                0x0001ff00                appl2_start = (appl1_start + ALIGN ((((LENGTH (rom) - appl1_start) - (0x2 * CY_FLASH_ROW_SIZE)) / 0x2), CY_FLASH_ROW_SIZE))
                0x00000000                appl_start = (CY_APPL_NUM == 0x1)?appl1_start:appl2_start
                0x00000000                ecc_offset = ((appl_start / CY_FLASH_ROW_SIZE) * CY_ECC_ROW_SIZE)
                0x00000000                ee_offset = (CY_APPL_LOADABLE && ! (CY_EE_IN_BTLDR))?((CY_EE_SIZE / CY_APPL_MAX) * (CY_APPL_NUM - 0x1)):0x0
                0x00000800                ee_size = (CY_APPL_LOADABLE && ! (CY_EE_IN_BTLDR))?(CY_EE_SIZE / CY_APPL_MAX):CY_EE_SIZE
                [!provide]                PROVIDE (CY_ECC_OFFSET, ecc_offset)

.text           0x00000000    0x134c4
 CREATE_OBJECT_SYMBOLS
                0x00000000                PROVIDE (__cy_interrupt_vector, RomVectors)
 *(.romvectors)
 .romvectors    0x00000000       0x10 .\CortexM3\ARM_GCC_541\Debug\Cm3Start.o
                0x00000000                RomVectors
                0x00000001                ASSERT ((. != __cy_interrupt_vector), No interrupt vector)
                0x00000001                ASSERT (CY_APPL_ORIGIN?(SIZEOF (.cybootloader) <= CY_APPL_ORIGIN):0x1, Wrong image location)
                0x00000010                PROVIDE (__cy_reset, Reset)
 *(.text.Reset)
 .text.Reset    0x00000010       0x18 .\CortexM3\ARM_GCC_541\Debug\Cm3Start.o
                0x00000010                Reset
                0x00000001                ASSERT ((. != __cy_reset), No reset code)
 *(.dma_init)
                0x00000001                ASSERT ((((appl_start + .) <= 0x10000) || 0x1), DMA Init must be within the first 64k of flash)
 *(.text .text.* .gnu.linkonce.t.*)
 .text          0x00000028       0x5c c:/program files (x86)/cypress/psoc creator/4.2/psoc creator/import/gnu/arm/5.4.1/bin/../lib/gcc/arm-none-eabi/5.4.1/armv7-m/crtbegin.o
 .text.io_new   0x00000084       0x24 .\CortexM3\ARM_GCC_541\Debug\main.o
 .text.p2_new   0x000000a8       0x1c .\CortexM3\ARM_GCC_541\Debug\main.o
 .text.P_byte_Write
                0x000000c4       0x10 .\CortexM3\ARM_GCC_541\Debug\main.o
 .text.P_nibble_Write
                0x000000d4       0x24 .\CortexM3\ARM_GCC_541\Debug\main.o
 .text.isr_Tick
                0x000000f8        0x8 .\CortexM3\ARM_GCC_541\Debug\main.o
                0x000000f8                isr_Tick
 .text.isr_D1   0x00000100        0x8 .\CortexM3\ARM_GCC_541\Debug\main.o
                0x00000100                isr_D1
 .text.isr_SleepTimer
                0x00000108       0x14 .\CortexM3\ARM_GCC_541\Debug\main.o
                0x00000108                isr_SleepTimer
 .text.c_sleep_until_nexttime
                0x0000011c       0x58 .\CortexM3\ARM_GCC_541\Debug\main.o
 .text.c_sleep_set_interval
                0x00000174       0x38 .\CortexM3\ARM_GCC_541\Debug\main.o
 .text.c_hibernate
                0x000001ac       0x34 .\CortexM3\ARM_GCC_541\Debug\main.o
 .text.c_log    0x000001e0       0x20 .\CortexM3\ARM_GCC_541\Debug\main.o
 .text.P_byte_read
                0x00000200       0x1c .\CortexM3\ARM_GCC_541\Debug\main.o
 .text.P_read   0x0000021c       0x3c .\CortexM3\ARM_GCC_541\Debug\main.o
 .text.P_Write  0x00000258       0x38 .\CortexM3\ARM_GCC_541\Debug\main.o
 .text.digital_in
                0x00000290       0x40 .\CortexM3\ARM_GCC_541\Debug\main.o
 .text.digital_out
                0x000002d0       0x40 .\CortexM3\ARM_GCC_541\Debug\main.o
 .text.digital_interrupt
                0x00000310       0x14 .\CortexM3\ARM_GCC_541\Debug\main.o
 .text.hal_write
                0x00000324       0x18 .\CortexM3\ARM_GCC_541\Debug\main.o
                0x00000324                hal_write
 .text._write   0x0000033c       0x18 .\CortexM3\ARM_GCC_541\Debug\main.o
                0x0000033c                _write
 .text.check_timeout
                0x00000354       0x34 .\CortexM3\ARM_GCC_541\Debug\main.o
                0x00000354                check_timeout
 .text.mrubyc   0x00000388      0x188 .\CortexM3\ARM_GCC_541\Debug\main.o
                0x00000388                mrubyc
 .text.main     0x00000510       0x64 .\CortexM3\ARM_GCC_541\Debug\main.o
                0x00000510                main
 .text.merge_block
                0x00000574       0x44 .\CortexM3\ARM_GCC_541\Debug\alloc.o
 .text.calc_index
                0x000005b8       0x84 .\CortexM3\ARM_GCC_541\Debug\alloc.o
 .text.add_free_block
                0x0000063c       0x58 .\CortexM3\ARM_GCC_541\Debug\alloc.o
 .text.remove_index
                0x00000694       0x64 .\CortexM3\ARM_GCC_541\Debug\alloc.o
 .text.mrbc_init_alloc
                0x000006f8       0x54 .\CortexM3\ARM_GCC_541\Debug\alloc.o
                0x000006f8                mrbc_init_alloc
 .text.mrbc_raw_alloc
                0x0000074c      0x234 .\CortexM3\ARM_GCC_541\Debug\alloc.o
                0x0000074c                mrbc_raw_alloc
 .text.mrbc_raw_free
                0x00000980       0x58 .\CortexM3\ARM_GCC_541\Debug\alloc.o
                0x00000980                mrbc_raw_free
 .text.mrbc_raw_realloc
                0x000009d8      0x10c .\CortexM3\ARM_GCC_541\Debug\alloc.o
                0x000009d8                mrbc_raw_realloc
 .text.mrbc_alloc
                0x00000ae4       0x1c .\CortexM3\ARM_GCC_541\Debug\alloc.o
                0x00000ae4                mrbc_alloc
 .text.mrbc_realloc
                0x00000b00        0xc .\CortexM3\ARM_GCC_541\Debug\alloc.o
                0x00000b00                mrbc_realloc
 .text.mrbc_free
                0x00000b0c        0xc .\CortexM3\ARM_GCC_541\Debug\alloc.o
                0x00000b0c                mrbc_free
 .text.mrbc_free_all
                0x00000b18       0x44 .\CortexM3\ARM_GCC_541\Debug\alloc.o
                0x00000b18                mrbc_free_all
 .text.mrbc_set_vm_id
                0x00000b5c        0x8 .\CortexM3\ARM_GCC_541\Debug\alloc.o
                0x00000b5c                mrbc_set_vm_id
 .text.c_array_size
                0x00000b64       0x18 .\CortexM3\ARM_GCC_541\Debug\c_array.o
 .text.c_array_empty
                0x00000b7c       0x24 .\CortexM3\ARM_GCC_541\Debug\c_array.o
 .text.c_array_index
                0x00000ba0       0x50 .\CortexM3\ARM_GCC_541\Debug\c_array.o
 .text.c_array_join_1
                0x00000bf0       0x8c .\CortexM3\ARM_GCC_541\Debug\c_array.o
 .text.c_array_join
                0x00000c7c       0x94 .\CortexM3\ARM_GCC_541\Debug\c_array.o
 .text.mrbc_array_new
                0x00000d10       0x4c .\CortexM3\ARM_GCC_541\Debug\c_array.o
                0x00000d10                mrbc_array_new
 .text.c_array_dup
                0x00000d5c       0x58 .\CortexM3\ARM_GCC_541\Debug\c_array.o
 .text.c_array_add
                0x00000db4       0x98 .\CortexM3\ARM_GCC_541\Debug\c_array.o
 .text.mrbc_array_delete
                0x00000e4c       0x2c .\CortexM3\ARM_GCC_541\Debug\c_array.o
                0x00000e4c                mrbc_array_delete
 .text.mrbc_array_clear_vm_id
                0x00000e78       0x28 .\CortexM3\ARM_GCC_541\Debug\c_array.o
                0x00000e78                mrbc_array_clear_vm_id
 .text.mrbc_array_resize
                0x00000ea0       0x1c .\CortexM3\ARM_GCC_541\Debug\c_array.o
                0x00000ea0                mrbc_array_resize
 .text.mrbc_array_set
                0x00000ebc       0x68 .\CortexM3\ARM_GCC_541\Debug\c_array.o
                0x00000ebc                mrbc_array_set
 .text.c_array_set
                0x00000f24       0x34 .\CortexM3\ARM_GCC_541\Debug\c_array.o
 .text.c_array_new
                0x00000f58       0xf8 .\CortexM3\ARM_GCC_541\Debug\c_array.o
 .text.mrbc_array_get
                0x00001050       0x3c .\CortexM3\ARM_GCC_541\Debug\c_array.o
                0x00001050                mrbc_array_get
 .text.c_array_inspect
                0x0000108c       0xa8 .\CortexM3\ARM_GCC_541\Debug\c_array.o
 .text.c_array_last
                0x00001134       0x34 .\CortexM3\ARM_GCC_541\Debug\c_array.o
 .text.c_array_first
                0x00001168       0x30 .\CortexM3\ARM_GCC_541\Debug\c_array.o
 .text.mrbc_array_push
                0x00001198       0x34 .\CortexM3\ARM_GCC_541\Debug\c_array.o
                0x00001198                mrbc_array_push
 .text.c_array_push
                0x000011cc       0x14 .\CortexM3\ARM_GCC_541\Debug\c_array.o
 .text.c_array_get
                0x000011e0       0xd8 .\CortexM3\ARM_GCC_541\Debug\c_array.o
 .text.mrbc_array_pop
                0x000012b8       0x30 .\CortexM3\ARM_GCC_541\Debug\c_array.o
                0x000012b8                mrbc_array_pop
 .text.c_array_pop
                0x000012e8       0x3c .\CortexM3\ARM_GCC_541\Debug\c_array.o
 .text.mrbc_array_shift
                0x00001324       0x48 .\CortexM3\ARM_GCC_541\Debug\c_array.o
                0x00001324                mrbc_array_shift
 .text.c_array_shift
                0x0000136c       0x3c .\CortexM3\ARM_GCC_541\Debug\c_array.o
 .text.mrbc_array_insert
                0x000013a8       0x98 .\CortexM3\ARM_GCC_541\Debug\c_array.o
                0x000013a8                mrbc_array_insert
 .text.mrbc_array_unshift
                0x00001440        0xc .\CortexM3\ARM_GCC_541\Debug\c_array.o
                0x00001440                mrbc_array_unshift
 .text.c_array_unshift
                0x0000144c       0x14 .\CortexM3\ARM_GCC_541\Debug\c_array.o
 .text.mrbc_array_remove
                0x00001460       0x6c .\CortexM3\ARM_GCC_541\Debug\c_array.o
                0x00001460                mrbc_array_remove
 .text.c_array_delete_at
                0x000014cc       0x2c .\CortexM3\ARM_GCC_541\Debug\c_array.o
 .text.mrbc_array_clear
                0x000014f8       0x24 .\CortexM3\ARM_GCC_541\Debug\c_array.o
                0x000014f8                mrbc_array_clear
 .text.c_array_clear
                0x0000151c        0xc .\CortexM3\ARM_GCC_541\Debug\c_array.o
 .text.mrbc_array_compare
                0x00001528       0x38 .\CortexM3\ARM_GCC_541\Debug\c_array.o
                0x00001528                mrbc_array_compare
 .text.mrbc_array_minmax
                0x00001560       0x5c .\CortexM3\ARM_GCC_541\Debug\c_array.o
                0x00001560                mrbc_array_minmax
 .text.c_array_minmax
                0x000015bc       0x78 .\CortexM3\ARM_GCC_541\Debug\c_array.o
 .text.c_array_max
                0x00001634       0x40 .\CortexM3\ARM_GCC_541\Debug\c_array.o
 .text.c_array_min
                0x00001674       0x40 .\CortexM3\ARM_GCC_541\Debug\c_array.o
 .text.mrbc_init_class_array
                0x000016b4      0x21c .\CortexM3\ARM_GCC_541\Debug\c_array.o
                0x000016b4                mrbc_init_class_array
 .text.c_hash_size
                0x000018d0       0x18 .\CortexM3\ARM_GCC_541\Debug\c_hash.o
 .text.c_hash_has_value
                0x000018e8       0x5c .\CortexM3\ARM_GCC_541\Debug\c_hash.o
 .text.c_hash_empty
                0x00001944       0x24 .\CortexM3\ARM_GCC_541\Debug\c_hash.o
 .text.c_hash_key
                0x00001968       0x70 .\CortexM3\ARM_GCC_541\Debug\c_hash.o
 .text.c_hash_inspect
                0x000019d8       0xfc .\CortexM3\ARM_GCC_541\Debug\c_hash.o
 .text.c_hash_values
                0x00001ad4       0x6c .\CortexM3\ARM_GCC_541\Debug\c_hash.o
 .text.c_hash_keys
                0x00001b40       0x68 .\CortexM3\ARM_GCC_541\Debug\c_hash.o
 .text.mrbc_hash_new
                0x00001ba8       0x4c .\CortexM3\ARM_GCC_541\Debug\c_hash.o
                0x00001ba8                mrbc_hash_new
 .text.c_hash_new
                0x00001bf4       0x2c .\CortexM3\ARM_GCC_541\Debug\c_hash.o
 .text.mrbc_hash_delete
                0x00001c20        0x8 .\CortexM3\ARM_GCC_541\Debug\c_hash.o
                0x00001c20                mrbc_hash_delete
 .text.mrbc_hash_search
                0x00001c28       0x28 .\CortexM3\ARM_GCC_541\Debug\c_hash.o
                0x00001c28                mrbc_hash_search
 .text.c_hash_has_key
                0x00001c50       0x28 .\CortexM3\ARM_GCC_541\Debug\c_hash.o
 .text.mrbc_hash_set
                0x00001c78       0x4c .\CortexM3\ARM_GCC_541\Debug\c_hash.o
                0x00001c78                mrbc_hash_set
 .text.c_hash_merge_self
                0x00001cc4       0x4c .\CortexM3\ARM_GCC_541\Debug\c_hash.o
 .text.c_hash_set
                0x00001d10       0x20 .\CortexM3\ARM_GCC_541\Debug\c_hash.o
 .text.mrbc_hash_get
                0x00001d30       0x2c .\CortexM3\ARM_GCC_541\Debug\c_hash.o
                0x00001d30                mrbc_hash_get
 .text.c_hash_get
                0x00001d5c       0x38 .\CortexM3\ARM_GCC_541\Debug\c_hash.o
 .text.mrbc_hash_remove
                0x00001d94       0x5c .\CortexM3\ARM_GCC_541\Debug\c_hash.o
                0x00001d94                mrbc_hash_remove
 .text.c_hash_delete
                0x00001df0       0x2c .\CortexM3\ARM_GCC_541\Debug\c_hash.o
 .text.mrbc_hash_clear
                0x00001e1c        0x8 .\CortexM3\ARM_GCC_541\Debug\c_hash.o
                0x00001e1c                mrbc_hash_clear
 .text.c_hash_clear
                0x00001e24        0xc .\CortexM3\ARM_GCC_541\Debug\c_hash.o
 .text.mrbc_hash_compare
                0x00001e30       0x50 .\CortexM3\ARM_GCC_541\Debug\c_hash.o
                0x00001e30                mrbc_hash_compare
 .text.mrbc_hash_dup
                0x00001e80       0x44 .\CortexM3\ARM_GCC_541\Debug\c_hash.o
                0x00001e80                mrbc_hash_dup
 .text.c_hash_merge
                0x00001ec4       0x70 .\CortexM3\ARM_GCC_541\Debug\c_hash.o
 .text.c_hash_dup
                0x00001f34       0x2c .\CortexM3\ARM_GCC_541\Debug\c_hash.o
 .text.mrbc_init_class_hash
                0x00001f60      0x1a8 .\CortexM3\ARM_GCC_541\Debug\c_hash.o
                0x00001f60                mrbc_init_class_hash
 .text.c_i2c_clear_status
                0x00002108       0x10 .\CortexM3\ARM_GCC_541\Debug\c_i2c.o
 .text.c_i2c_status
                0x00002118       0x1c .\CortexM3\ARM_GCC_541\Debug\c_i2c.o
 .text.c_i2c_write
                0x00002134       0xfc .\CortexM3\ARM_GCC_541\Debug\c_i2c.o
 .text.c_i2c_read
                0x00002230      0x168 .\CortexM3\ARM_GCC_541\Debug\c_i2c.o
 .text.c_i2c_new
                0x00002398       0x24 .\CortexM3\ARM_GCC_541\Debug\c_i2c.o
 .text.mrbc_init_class_i2c
                0x000023bc       0x84 .\CortexM3\ARM_GCC_541\Debug\c_i2c.o
                0x000023bc                mrbc_init_class_i2c
 .text.shift    0x00002440       0x20 .\CortexM3\ARM_GCC_541\Debug\c_numeric.o
 .text.c_fixnum_abs
                0x00002460        0xc .\CortexM3\ARM_GCC_541\Debug\c_numeric.o
 .text.c_float_abs
                0x0000246c       0x24 .\CortexM3\ARM_GCC_541\Debug\c_numeric.o
 .text.c_fixnum_to_s
                0x00002490       0x68 .\CortexM3\ARM_GCC_541\Debug\c_numeric.o
 .text.c_fixnum_to_f
                0x000024f8       0x20 .\CortexM3\ARM_GCC_541\Debug\c_numeric.o
 .text.c_fixnum_rshift
                0x00002518       0x20 .\CortexM3\ARM_GCC_541\Debug\c_numeric.o
 .text.c_fixnum_lshift
                0x00002538       0x1c .\CortexM3\ARM_GCC_541\Debug\c_numeric.o
 .text.c_fixnum_not
                0x00002554       0x18 .\CortexM3\ARM_GCC_541\Debug\c_numeric.o
 .text.c_fixnum_xor
                0x0000256c       0x18 .\CortexM3\ARM_GCC_541\Debug\c_numeric.o
 .text.c_fixnum_or
                0x00002584       0x18 .\CortexM3\ARM_GCC_541\Debug\c_numeric.o
 .text.c_fixnum_and
                0x0000259c       0x18 .\CortexM3\ARM_GCC_541\Debug\c_numeric.o
 .text.c_fixnum_mod
                0x000025b4       0x20 .\CortexM3\ARM_GCC_541\Debug\c_numeric.o
 .text.c_fixnum_power
                0x000025d4       0x38 .\CortexM3\ARM_GCC_541\Debug\c_numeric.o
 .text.c_fixnum_negative
                0x0000260c       0x18 .\CortexM3\ARM_GCC_541\Debug\c_numeric.o
 .text.c_fixnum_bitref
                0x00002624       0x38 .\CortexM3\ARM_GCC_541\Debug\c_numeric.o
 .text.c_float_to_i
                0x0000265c       0x1c .\CortexM3\ARM_GCC_541\Debug\c_numeric.o
 .text.c_float_negative
                0x00002678       0x20 .\CortexM3\ARM_GCC_541\Debug\c_numeric.o
 .text.c_fixnum_chr
                0x00002698       0x3c .\CortexM3\ARM_GCC_541\Debug\c_numeric.o
 .text.c_float_to_s
                0x000026d4       0x48 .\CortexM3\ARM_GCC_541\Debug\c_numeric.o
 .text.mrbc_init_class_fixnum
                0x0000271c      0x160 .\CortexM3\ARM_GCC_541\Debug\c_numeric.o
                0x0000271c                mrbc_init_class_fixnum
 .text.mrbc_init_class_float
                0x0000287c       0x98 .\CortexM3\ARM_GCC_541\Debug\c_numeric.o
                0x0000287c                mrbc_init_class_float
 .text.c_range_inspect
                0x00002914       0xa8 .\CortexM3\ARM_GCC_541\Debug\c_range.o
 .text.c_range_exclude_end
                0x000029bc       0x1c .\CortexM3\ARM_GCC_541\Debug\c_range.o
 .text.c_range_last
                0x000029d8       0x28 .\CortexM3\ARM_GCC_541\Debug\c_range.o
 .text.c_range_first
                0x00002a00       0x28 .\CortexM3\ARM_GCC_541\Debug\c_range.o
 .text.c_range_equal3
                0x00002a28       0x94 .\CortexM3\ARM_GCC_541\Debug\c_range.o
 .text.mrbc_range_new
                0x00002abc       0x4c .\CortexM3\ARM_GCC_541\Debug\c_range.o
                0x00002abc                mrbc_range_new
 .text.mrbc_range_delete
                0x00002b08       0x1c .\CortexM3\ARM_GCC_541\Debug\c_range.o
                0x00002b08                mrbc_range_delete
 .text.mrbc_range_clear_vm_id
                0x00002b24       0x20 .\CortexM3\ARM_GCC_541\Debug\c_range.o
                0x00002b24                mrbc_range_clear_vm_id
 .text.mrbc_range_compare
                0x00002b44       0x34 .\CortexM3\ARM_GCC_541\Debug\c_range.o
                0x00002b44                mrbc_range_compare
 .text.mrbc_init_class_range
                0x00002b78       0x98 .\CortexM3\ARM_GCC_541\Debug\c_range.o
                0x00002b78                mrbc_init_class_range
 .text.is_space
                0x00002c10       0x20 .\CortexM3\ARM_GCC_541\Debug\c_string.o
 .text.tr_find_character
                0x00002c30       0x68 .\CortexM3\ARM_GCC_541\Debug\c_string.o
 .text.tr_get_character
                0x00002c98       0x4c .\CortexM3\ARM_GCC_541\Debug\c_string.o
 .text.tr_free_pattern
                0x00002ce4       0x14 .\CortexM3\ARM_GCC_541\Debug\c_string.o
 .text.tr_parse_pattern
                0x00002cf8       0xe0 .\CortexM3\ARM_GCC_541\Debug\c_string.o
 .text.c_string_ord
                0x00002dd8       0x18 .\CortexM3\ARM_GCC_541\Debug\c_string.o
 .text.c_string_size
                0x00002df0       0x18 .\CortexM3\ARM_GCC_541\Debug\c_string.o
 .text.c_string_to_f
                0x00002e08       0x20 .\CortexM3\ARM_GCC_541\Debug\c_string.o
 .text.c_string_to_sym
                0x00002e28       0x30 .\CortexM3\ARM_GCC_541\Debug\c_string.o
 .text.c_string_to_i
                0x00002e58       0x2c .\CortexM3\ARM_GCC_541\Debug\c_string.o
 .text.c_string_start_with
                0x00002e84       0x50 .\CortexM3\ARM_GCC_541\Debug\c_string.o
 .text.c_string_end_with
                0x00002ed4       0x54 .\CortexM3\ARM_GCC_541\Debug\c_string.o
 .text.tr_main  0x00002f28       0xc0 .\CortexM3\ARM_GCC_541\Debug\c_string.o
 .text.c_string_tr_self
                0x00002fe8       0x18 .\CortexM3\ARM_GCC_541\Debug\c_string.o
 .text.c_string_insert
                0x00003000       0xe0 .\CortexM3\ARM_GCC_541\Debug\c_string.o
 .text.mrbc_string_new
                0x000030e0       0x68 .\CortexM3\ARM_GCC_541\Debug\c_string.o
                0x000030e0                mrbc_string_new
 .text.c_string_slice
                0x00003148       0xf0 .\CortexM3\ARM_GCC_541\Debug\c_string.o
 .text.c_string_mul
                0x00003238       0x88 .\CortexM3\ARM_GCC_541\Debug\c_string.o
 .text.mrbc_string_new_cstr
                0x000032c0       0x24 .\CortexM3\ARM_GCC_541\Debug\c_string.o
                0x000032c0                mrbc_string_new_cstr
 .text.mrbc_string_new_alloc
                0x000032e4       0x34 .\CortexM3\ARM_GCC_541\Debug\c_string.o
                0x000032e4                mrbc_string_new_alloc
 .text.c_object_sprintf
                0x00003318      0x244 .\CortexM3\ARM_GCC_541\Debug\c_string.o
 .text.c_object_printf
                0x0000355c       0x20 .\CortexM3\ARM_GCC_541\Debug\c_string.o
 .text.mrbc_string_delete
                0x0000357c       0x14 .\CortexM3\ARM_GCC_541\Debug\c_string.o
                0x0000357c                mrbc_string_delete
 .text.mrbc_string_clear_vm_id
                0x00003590       0x18 .\CortexM3\ARM_GCC_541\Debug\c_string.o
                0x00003590                mrbc_string_clear_vm_id
 .text.mrbc_string_dup
                0x000035a8       0x24 .\CortexM3\ARM_GCC_541\Debug\c_string.o
                0x000035a8                mrbc_string_dup
 .text.c_string_tr
                0x000035cc       0x40 .\CortexM3\ARM_GCC_541\Debug\c_string.o
 .text.c_string_dup
                0x0000360c       0x2c .\CortexM3\ARM_GCC_541\Debug\c_string.o
 .text.mrbc_string_add
                0x00003638       0x38 .\CortexM3\ARM_GCC_541\Debug\c_string.o
                0x00003638                mrbc_string_add
 .text.c_string_add
                0x00003670       0x48 .\CortexM3\ARM_GCC_541\Debug\c_string.o
 .text.mrbc_string_append
                0x000036b8       0x68 .\CortexM3\ARM_GCC_541\Debug\c_string.o
                0x000036b8                mrbc_string_append
 .text.c_string_append
                0x00003720        0xc .\CortexM3\ARM_GCC_541\Debug\c_string.o
 .text.mrbc_string_append_cstr
                0x0000372c       0x44 .\CortexM3\ARM_GCC_541\Debug\c_string.o
                0x0000372c                mrbc_string_append_cstr
 .text.c_string_inspect
                0x00003770       0x94 .\CortexM3\ARM_GCC_541\Debug\c_string.o
 .text.mrbc_string_index
                0x00003804       0x40 .\CortexM3\ARM_GCC_541\Debug\c_string.o
                0x00003804                mrbc_string_index
 .text.c_string_include
                0x00003844       0x40 .\CortexM3\ARM_GCC_541\Debug\c_string.o
 .text.c_string_split
                0x00003884      0x1f8 .\CortexM3\ARM_GCC_541\Debug\c_string.o
 .text.c_string_index
                0x00003a7c       0x50 .\CortexM3\ARM_GCC_541\Debug\c_string.o
 .text.mrbc_string_strip
                0x00003acc       0x80 .\CortexM3\ARM_GCC_541\Debug\c_string.o
                0x00003acc                mrbc_string_strip
 .text.c_string_strip_self
                0x00003b4c       0x34 .\CortexM3\ARM_GCC_541\Debug\c_string.o
 .text.c_string_strip
                0x00003b80       0x34 .\CortexM3\ARM_GCC_541\Debug\c_string.o
 .text.c_string_rstrip_self
                0x00003bb4       0x34 .\CortexM3\ARM_GCC_541\Debug\c_string.o
 .text.c_string_rstrip
                0x00003be8       0x34 .\CortexM3\ARM_GCC_541\Debug\c_string.o
 .text.c_string_lstrip_self
                0x00003c1c       0x34 .\CortexM3\ARM_GCC_541\Debug\c_string.o
 .text.c_string_lstrip
                0x00003c50       0x34 .\CortexM3\ARM_GCC_541\Debug\c_string.o
 .text.mrbc_string_chomp
                0x00003c84       0x38 .\CortexM3\ARM_GCC_541\Debug\c_string.o
                0x00003c84                mrbc_string_chomp
 .text.c_string_chomp_self
                0x00003cbc       0x30 .\CortexM3\ARM_GCC_541\Debug\c_string.o
 .text.c_string_chomp
                0x00003cec       0x34 .\CortexM3\ARM_GCC_541\Debug\c_string.o
 .text.mrbc_init_class_string
                0x00003d20      0x29c .\CortexM3\ARM_GCC_541\Debug\c_string.o
                0x00003d20                mrbc_init_class_string
 .text.isr_UART_1_Tx
                0x00003fbc       0x10 .\CortexM3\ARM_GCC_541\Debug\c_uart.o
                0x00003fbc                isr_UART_1_Tx
 .text.isr_UART_1_Rx
                0x00003fcc       0x10 .\CortexM3\ARM_GCC_541\Debug\c_uart.o
                0x00003fcc                isr_UART_1_Rx
 .text.c_uart_clear_rx_buffer
                0x00003fdc        0xc .\CortexM3\ARM_GCC_541\Debug\c_uart.o
 .text.c_uart_clear_tx_buffer
                0x00003fe8        0xc .\CortexM3\ARM_GCC_541\Debug\c_uart.o
 .text.c_uart_puts
                0x00003ff4       0x20 .\CortexM3\ARM_GCC_541\Debug\c_uart.o
 .text.c_uart_gets
                0x00004014       0x94 .\CortexM3\ARM_GCC_541\Debug\c_uart.o
 .text.c_uart_write
                0x000040a8       0x38 .\CortexM3\ARM_GCC_541\Debug\c_uart.o
 .text.c_uart_read
                0x000040e0       0x80 .\CortexM3\ARM_GCC_541\Debug\c_uart.o
 .text.c_uart_new
                0x00004160       0x60 .\CortexM3\ARM_GCC_541\Debug\c_uart.o
 .text.mrbc_init_class_uart
                0x000041c0      0x10c .\CortexM3\ARM_GCC_541\Debug\c_uart.o
                0x000041c0                mrbc_init_class_uart
 .text.c_nil_false_not
                0x000042cc        0x8 .\CortexM3\ARM_GCC_541\Debug\class.o
 .text.c_ineffect
                0x000042d4        0x4 .\CortexM3\ARM_GCC_541\Debug\class.o
                0x000042d4                c_ineffect
 .text.c_proc_call
                0x000042d8       0x1c .\CortexM3\ARM_GCC_541\Debug\class.o
                0x000042d8                c_proc_call
 .text.c_nil_inspect
                0x000042f4       0x20 .\CortexM3\ARM_GCC_541\Debug\class.o
 .text.c_false_to_s
                0x00004314       0x20 .\CortexM3\ARM_GCC_541\Debug\class.o
 .text.c_true_to_s
                0x00004334       0x20 .\CortexM3\ARM_GCC_541\Debug\class.o
 .text.c_object_not
                0x00004354       0x10 .\CortexM3\ARM_GCC_541\Debug\class.o
 .text.c_proc_to_s
                0x00004364       0x5c .\CortexM3\ARM_GCC_541\Debug\class.o
 .text.c_object_to_s
                0x000043c0       0xb0 .\CortexM3\ARM_GCC_541\Debug\class.o
 .text.c_object_kind_of
                0x00004470       0x2c .\CortexM3\ARM_GCC_541\Debug\class.o
 .text.c_object_setiv
                0x0000449c       0x48 .\CortexM3\ARM_GCC_541\Debug\class.o
 .text.c_object_getiv
                0x000044e4       0x34 .\CortexM3\ARM_GCC_541\Debug\class.o
 .text.c_object_new
                0x00004518       0xe8 .\CortexM3\ARM_GCC_541\Debug\class.o
 .text.c_object_equal3
                0x00004600       0x3c .\CortexM3\ARM_GCC_541\Debug\class.o
 .text.c_object_compare
                0x0000463c       0x1c .\CortexM3\ARM_GCC_541\Debug\class.o
 .text.c_object_neq
                0x00004658       0x20 .\CortexM3\ARM_GCC_541\Debug\class.o
 .text.c_object_alias_method
                0x00004678       0x60 .\CortexM3\ARM_GCC_541\Debug\class.o
 .text.c_nil_to_s
                0x000046d8       0x20 .\CortexM3\ARM_GCC_541\Debug\class.o
 .text.mrbc_run_mrblib
                0x000046f8       0x34 .\CortexM3\ARM_GCC_541\Debug\class.o
 .text.find_class_by_object
                0x0000472c       0xac .\CortexM3\ARM_GCC_541\Debug\class.o
                0x0000472c                find_class_by_object
 .text.c_object_class
                0x000047d8       0x38 .\CortexM3\ARM_GCC_541\Debug\class.o
 .text.mrbc_print_sub
                0x00004810      0x264 .\CortexM3\ARM_GCC_541\Debug\class.o
 .text.c_object_print
                0x00004a74       0x1c .\CortexM3\ARM_GCC_541\Debug\class.o
 .text.mrbc_p_sub
                0x00004a90      0x11c .\CortexM3\ARM_GCC_541\Debug\class.o
 .text.mrbc_puts_sub
                0x00004bac       0x4c .\CortexM3\ARM_GCC_541\Debug\class.o
 .text.c_object_puts
                0x00004bf8       0x48 .\CortexM3\ARM_GCC_541\Debug\class.o
 .text.find_method
                0x00004c40       0x28 .\CortexM3\ARM_GCC_541\Debug\class.o
                0x00004c40                find_method
 .text.mrbc_define_class
                0x00004c68       0x7c .\CortexM3\ARM_GCC_541\Debug\class.o
                0x00004c68                mrbc_define_class
 .text.mrbc_define_method
                0x00004ce4       0x28 .\CortexM3\ARM_GCC_541\Debug\class.o
                0x00004ce4                mrbc_define_method
 .text.mrbc_init_class_object
                0x00004d0c      0x158 .\CortexM3\ARM_GCC_541\Debug\class.o
 .text.c_object_attr_accessor
                0x00004e64       0x88 .\CortexM3\ARM_GCC_541\Debug\class.o
 .text.c_object_attr_reader
                0x00004eec       0x38 .\CortexM3\ARM_GCC_541\Debug\class.o
 .text.mrbc_init_class_nil
                0x00004f24       0x5c .\CortexM3\ARM_GCC_541\Debug\class.o
 .text.mrbc_init_class_proc
                0x00004f80       0x5c .\CortexM3\ARM_GCC_541\Debug\class.o
 .text.mrbc_init_class_false
                0x00004fdc       0x5c .\CortexM3\ARM_GCC_541\Debug\class.o
 .text.mrbc_init_class_true
                0x00005038       0x48 .\CortexM3\ARM_GCC_541\Debug\class.o
 .text.mrbc_send
                0x00005080       0xfc .\CortexM3\ARM_GCC_541\Debug\class.o
                0x00005080                mrbc_send
 .text.mrbc_init_class
                0x0000517c       0x50 .\CortexM3\ARM_GCC_541\Debug\class.o
                0x0000517c                mrbc_init_class
 .text.mrbc_printf_main
                0x000051cc       0xec .\CortexM3\ARM_GCC_541\Debug\console.o
                0x000051cc                mrbc_printf_main
 .text.mrbc_printf_char
                0x000052b8       0x64 .\CortexM3\ARM_GCC_541\Debug\console.o
                0x000052b8                mrbc_printf_char
 .text.mrbc_printf_bstr
                0x0000531c       0x8c .\CortexM3\ARM_GCC_541\Debug\console.o
                0x0000531c                mrbc_printf_bstr
 .text.mrbc_printf_int
                0x000053a8       0xd8 .\CortexM3\ARM_GCC_541\Debug\console.o
                0x000053a8                mrbc_printf_int
 .text.mrbc_printf_float
                0x00005480       0x50 .\CortexM3\ARM_GCC_541\Debug\console.o
                0x00005480                mrbc_printf_float
 .text.console_printf
                0x000054d0      0x128 .\CortexM3\ARM_GCC_541\Debug\console.o
                0x000054d0                console_printf
 .text.mrbc_printf_replace_buffer
                0x000055f8       0x18 .\CortexM3\ARM_GCC_541\Debug\console.o
                0x000055f8                mrbc_printf_replace_buffer
 .text.search_global_object
                0x00005610       0x44 .\CortexM3\ARM_GCC_541\Debug\global.o
 .text.mrbc_init_global
                0x00005654       0x10 .\CortexM3\ARM_GCC_541\Debug\global.o
                0x00005654                mrbc_init_global
 .text.global_object_add
                0x00005664       0x80 .\CortexM3\ARM_GCC_541\Debug\global.o
                0x00005664                global_object_add
 .text.const_object_add
                0x000056e4       0x74 .\CortexM3\ARM_GCC_541\Debug\global.o
                0x000056e4                const_object_add
 .text.global_object_get
                0x00005758       0x48 .\CortexM3\ARM_GCC_541\Debug\global.o
                0x00005758                global_object_get
 .text.const_object_get
                0x000057a0       0x54 .\CortexM3\ARM_GCC_541\Debug\global.o
                0x000057a0                const_object_get
 .text.mrbc_global_clear_vm_id
                0x000057f4       0x28 .\CortexM3\ARM_GCC_541\Debug\global.o
                0x000057f4                mrbc_global_clear_vm_id
 .text.binary_search
                0x0000581c       0x3c .\CortexM3\ARM_GCC_541\Debug\keyvalue.o
 .text.mrbc_kv_new
                0x00005858       0x38 .\CortexM3\ARM_GCC_541\Debug\keyvalue.o
                0x00005858                mrbc_kv_new
 .text.mrbc_kv_resize
                0x00005890       0x20 .\CortexM3\ARM_GCC_541\Debug\keyvalue.o
                0x00005890                mrbc_kv_resize
 .text.mrbc_kv_set
                0x000058b0       0xac .\CortexM3\ARM_GCC_541\Debug\keyvalue.o
                0x000058b0                mrbc_kv_set
 .text.mrbc_kv_get
                0x0000595c       0x2c .\CortexM3\ARM_GCC_541\Debug\keyvalue.o
                0x0000595c                mrbc_kv_get
 .text.mrbc_kv_clear
                0x00005988       0x28 .\CortexM3\ARM_GCC_541\Debug\keyvalue.o
                0x00005988                mrbc_kv_clear
 .text.mrbc_kv_delete
                0x000059b0       0x18 .\CortexM3\ARM_GCC_541\Debug\keyvalue.o
                0x000059b0                mrbc_kv_delete
 .text.load_lvar
                0x000059c8       0x28 .\CortexM3\ARM_GCC_541\Debug\load.o
 .text.load_header
                0x000059f0       0x74 .\CortexM3\ARM_GCC_541\Debug\load.o
 .text.load_irep_1
                0x00005a64      0x1cc .\CortexM3\ARM_GCC_541\Debug\load.o
 .text.load_irep_0
                0x00005c30       0x38 .\CortexM3\ARM_GCC_541\Debug\load.o
 .text.load_irep
                0x00005c68       0x78 .\CortexM3\ARM_GCC_541\Debug\load.o
 .text.mrbc_load_mrb
                0x00005ce0       0x6c .\CortexM3\ARM_GCC_541\Debug\load.o
                0x00005ce0                mrbc_load_mrb
 .text.usbuart_clear
                0x00005d4c       0x14 .\CortexM3\ARM_GCC_541\Debug\mrbc_firm.o
                0x00005d4c                usbuart_clear
 .text.usbuart_can_read_line
                0x00005d60        0xc .\CortexM3\ARM_GCC_541\Debug\mrbc_firm.o
                0x00005d60                usbuart_can_read_line
 .text.usbuart_size
                0x00005d6c       0x10 .\CortexM3\ARM_GCC_541\Debug\mrbc_firm.o
                0x00005d6c                usbuart_size
 .text.usbuart_cstr
                0x00005d7c        0x8 .\CortexM3\ARM_GCC_541\Debug\mrbc_firm.o
                0x00005d7c                usbuart_cstr
 .text.usbuart_put_string
                0x00005d84       0x14 .\CortexM3\ARM_GCC_541\Debug\mrbc_firm.o
                0x00005d84                usbuart_put_string
 .text.usbuart_write
                0x00005d98       0x3c .\CortexM3\ARM_GCC_541\Debug\mrbc_firm.o
                0x00005d98                usbuart_write
 .text.usbuart_event
                0x00005dd4       0x84 .\CortexM3\ARM_GCC_541\Debug\mrbc_firm.o
                0x00005dd4                usbuart_event
 .text.usbuart_read
                0x00005e58       0x6c .\CortexM3\ARM_GCC_541\Debug\mrbc_firm.o
                0x00005e58                usbuart_read
 .text.write_bytecode
                0x00005ec4       0xc4 .\CortexM3\ARM_GCC_541\Debug\mrbc_firm.o
 .text.mode_monitor
                0x00005f88      0x134 .\CortexM3\ARM_GCC_541\Debug\mrbc_firm.o
                0x00005f88                mode_monitor
 .text.q_delete_task
                0x000060bc       0x78 .\CortexM3\ARM_GCC_541\Debug\rrt0.o
 .text.q_insert_task
                0x00006134       0x98 .\CortexM3\ARM_GCC_541\Debug\rrt0.o
 .text.c_vm_tick
                0x000061cc       0x1c .\CortexM3\ARM_GCC_541\Debug\rrt0.o
 .text.c_get_tcb
                0x000061e8       0x34 .\CortexM3\ARM_GCC_541\Debug\rrt0.o
 .text.mrbc_tick
                0x0000621c       0x7c .\CortexM3\ARM_GCC_541\Debug\rrt0.o
                0x0000621c                mrbc_tick
 .text.mrbc_init
                0x00006298      0x120 .\CortexM3\ARM_GCC_541\Debug\rrt0.o
                0x00006298                mrbc_init
 .text.mrbc_init_tcb
                0x000063b8       0x1c .\CortexM3\ARM_GCC_541\Debug\rrt0.o
                0x000063b8                mrbc_init_tcb
 .text.mrbc_create_task
                0x000063d4       0x74 .\CortexM3\ARM_GCC_541\Debug\rrt0.o
                0x000063d4                mrbc_create_task
 .text.mrbc_run
                0x00006448       0x70 .\CortexM3\ARM_GCC_541\Debug\rrt0.o
                0x00006448                mrbc_run
 .text.mrbc_sleep_ms
                0x000064b8       0x34 .\CortexM3\ARM_GCC_541\Debug\rrt0.o
                0x000064b8                mrbc_sleep_ms
 .text.c_sleep_ms
                0x000064ec        0xc .\CortexM3\ARM_GCC_541\Debug\rrt0.o
 .text.mrbc_relinquish
                0x000064f8        0xc .\CortexM3\ARM_GCC_541\Debug\rrt0.o
                0x000064f8                mrbc_relinquish
 .text.c_relinquish
                0x00006504        0xc .\CortexM3\ARM_GCC_541\Debug\rrt0.o
 .text.mrbc_change_priority
                0x00006510       0x14 .\CortexM3\ARM_GCC_541\Debug\rrt0.o
                0x00006510                mrbc_change_priority
 .text.c_change_priority
                0x00006524        0xc .\CortexM3\ARM_GCC_541\Debug\rrt0.o
 .text.mrbc_suspend_task
                0x00006530       0x20 .\CortexM3\ARM_GCC_541\Debug\rrt0.o
                0x00006530                mrbc_suspend_task
 .text.c_suspend_task
                0x00006550       0x20 .\CortexM3\ARM_GCC_541\Debug\rrt0.o
 .text.c_sleep  0x00006570       0x50 .\CortexM3\ARM_GCC_541\Debug\rrt0.o
 .text.mrbc_resume_task
                0x000065c0       0x38 .\CortexM3\ARM_GCC_541\Debug\rrt0.o
                0x000065c0                mrbc_resume_task
 .text.c_resume_task
                0x000065f8       0x14 .\CortexM3\ARM_GCC_541\Debug\rrt0.o
 .text.mrbc_mutex_init
                0x0000660c       0x20 .\CortexM3\ARM_GCC_541\Debug\rrt0.o
                0x0000660c                mrbc_mutex_init
 .text.c_mutex_new
                0x0000662c       0x28 .\CortexM3\ARM_GCC_541\Debug\rrt0.o
 .text.mrbc_mutex_lock
                0x00006654       0x44 .\CortexM3\ARM_GCC_541\Debug\rrt0.o
                0x00006654                mrbc_mutex_lock
 .text.c_mutex_lock
                0x00006698       0x30 .\CortexM3\ARM_GCC_541\Debug\rrt0.o
 .text.mrbc_mutex_unlock
                0x000066c8       0x74 .\CortexM3\ARM_GCC_541\Debug\rrt0.o
                0x000066c8                mrbc_mutex_unlock
 .text.c_mutex_unlock
                0x0000673c       0x30 .\CortexM3\ARM_GCC_541\Debug\rrt0.o
 .text.mrbc_mutex_trylock
                0x0000676c       0x18 .\CortexM3\ARM_GCC_541\Debug\rrt0.o
                0x0000676c                mrbc_mutex_trylock
 .text.c_mutex_trylock
                0x00006784       0x2c .\CortexM3\ARM_GCC_541\Debug\rrt0.o
 .text.init_static
                0x000067b0        0xc .\CortexM3\ARM_GCC_541\Debug\static.o
                0x000067b0                init_static
 .text.search_index
                0x000067bc       0x54 .\CortexM3\ARM_GCC_541\Debug\symbol.o
 .text.add_index
                0x00006810       0x90 .\CortexM3\ARM_GCC_541\Debug\symbol.o
 .text.c_all_symbols
                0x000068a0       0x5c .\CortexM3\ARM_GCC_541\Debug\symbol.o
 .text.calc_hash
                0x000068fc       0x20 .\CortexM3\ARM_GCC_541\Debug\symbol.o
                0x000068fc                calc_hash
 .text.mrbc_symbol_new
                0x0000691c       0x58 .\CortexM3\ARM_GCC_541\Debug\symbol.o
                0x0000691c                mrbc_symbol_new
 .text.str_to_symid
                0x00006974       0x24 .\CortexM3\ARM_GCC_541\Debug\symbol.o
                0x00006974                str_to_symid
 .text.symid_to_str
                0x00006998       0x28 .\CortexM3\ARM_GCC_541\Debug\symbol.o
                0x00006998                symid_to_str
 .text.c_to_s   0x000069c0       0x28 .\CortexM3\ARM_GCC_541\Debug\symbol.o
 .text.c_inspect
                0x000069e8       0x34 .\CortexM3\ARM_GCC_541\Debug\symbol.o
 .text.mrbc_init_class_symbol
                0x00006a1c       0x84 .\CortexM3\ARM_GCC_541\Debug\symbol.o
                0x00006a1c                mrbc_init_class_symbol
 .text.uart_isr_tx
                0x00006aa0       0x40 .\CortexM3\ARM_GCC_541\Debug\uart2.o
                0x00006aa0                uart_isr_tx
 .text.uart_isr_rx
                0x00006ae0       0x6c .\CortexM3\ARM_GCC_541\Debug\uart2.o
                0x00006ae0                uart_isr_rx
 .text.uart_init_m
                0x00006b4c       0x60 .\CortexM3\ARM_GCC_541\Debug\uart2.o
                0x00006b4c                uart_init_m
 .text.uart_clear_tx_buffer
                0x00006bac        0xc .\CortexM3\ARM_GCC_541\Debug\uart2.o
                0x00006bac                uart_clear_tx_buffer
 .text.uart_clear_rx_buffer
                0x00006bb8       0x14 .\CortexM3\ARM_GCC_541\Debug\uart2.o
                0x00006bb8                uart_clear_rx_buffer
 .text.uart_write
                0x00006bcc       0x4c .\CortexM3\ARM_GCC_541\Debug\uart2.o
                0x00006bcc                uart_write
 .text.uart_read
                0x00006c18       0x4c .\CortexM3\ARM_GCC_541\Debug\uart2.o
                0x00006c18                uart_read
 .text.uart_puts
                0x00006c64       0x18 .\CortexM3\ARM_GCC_541\Debug\uart2.o
                0x00006c64                uart_puts
 .text.uart_gets
                0x00006c7c       0x5c .\CortexM3\ARM_GCC_541\Debug\uart2.o
                0x00006c7c                uart_gets
 .text.uart_bytes_available
                0x00006cd8       0x28 .\CortexM3\ARM_GCC_541\Debug\uart2.o
                0x00006cd8                uart_bytes_available
 .text.uart_can_read_line
                0x00006d00       0x30 .\CortexM3\ARM_GCC_541\Debug\uart2.o
                0x00006d00                uart_can_read_line
 .text.mrbc_obj_alloc
                0x00006d30       0x14 .\CortexM3\ARM_GCC_541\Debug\value.o
                0x00006d30                mrbc_obj_alloc
 .text.mrbc_rproc_alloc
                0x00006d44       0x24 .\CortexM3\ARM_GCC_541\Debug\value.o
                0x00006d44                mrbc_rproc_alloc
 .text.mrbc_compare
                0x00006d68      0x138 .\CortexM3\ARM_GCC_541\Debug\value.o
                0x00006d68                mrbc_compare
 .text.mrbc_obj_is_kind_of
                0x00006ea0       0x20 .\CortexM3\ARM_GCC_541\Debug\value.o
                0x00006ea0                mrbc_obj_is_kind_of
 .text.mrbc_dup
                0x00006ec0       0x44 .\CortexM3\ARM_GCC_541\Debug\value.o
                0x00006ec0                mrbc_dup
 .text.mrbc_clear_vm_id
                0x00006f04       0x2c .\CortexM3\ARM_GCC_541\Debug\value.o
                0x00006f04                mrbc_clear_vm_id
 .text.mrbc_atoi
                0x00006f30       0x5c .\CortexM3\ARM_GCC_541\Debug\value.o
                0x00006f30                mrbc_atoi
 .text.mrbc_irep_alloc
                0x00006f8c       0x20 .\CortexM3\ARM_GCC_541\Debug\value.o
                0x00006f8c                mrbc_irep_alloc
 .text.mrbc_irep_free
                0x00006fac       0x48 .\CortexM3\ARM_GCC_541\Debug\value.o
                0x00006fac                mrbc_irep_free
 .text.mrbc_instance_new
                0x00006ff4       0x4c .\CortexM3\ARM_GCC_541\Debug\value.o
                0x00006ff4                mrbc_instance_new
 .text.mrbc_instance_delete
                0x00007040       0x14 .\CortexM3\ARM_GCC_541\Debug\value.o
                0x00007040                mrbc_instance_delete
 .text.mrbc_dec_ref_counter
                0x00007054       0x70 .\CortexM3\ARM_GCC_541\Debug\value.o
                0x00007054                mrbc_dec_ref_counter
 .text.mrbc_release
                0x000070c4       0x10 .\CortexM3\ARM_GCC_541\Debug\value.o
                0x000070c4                mrbc_release
 .text.mrbc_instance_setiv
                0x000070d4       0x1c .\CortexM3\ARM_GCC_541\Debug\value.o
                0x000070d4                mrbc_instance_setiv
 .text.mrbc_instance_getiv
                0x000070f0       0x34 .\CortexM3\ARM_GCC_541\Debug\value.o
                0x000070f0                mrbc_instance_getiv
 .text.not_supported
                0x00007124       0x10 .\CortexM3\ARM_GCC_541\Debug\vm.o
 .text.mrbc_get_irep_symbol
                0x00007134       0x40 .\CortexM3\ARM_GCC_541\Debug\vm.o
                0x00007134                mrbc_get_irep_symbol
 .text.mrbc_get_callee_name
                0x00007174       0x2c .\CortexM3\ARM_GCC_541\Debug\vm.o
                0x00007174                mrbc_get_callee_name
 .text.mrbc_push_callinfo
                0x000071a0       0x30 .\CortexM3\ARM_GCC_541\Debug\vm.o
                0x000071a0                mrbc_push_callinfo
 .text.mrbc_vm_open
                0x000071d0       0xa8 .\CortexM3\ARM_GCC_541\Debug\vm.o
                0x000071d0                mrbc_vm_open
 .text.mrbc_vm_close
                0x00007278       0x74 .\CortexM3\ARM_GCC_541\Debug\vm.o
                0x00007278                mrbc_vm_close
 .text.mrbc_vm_begin
                0x000072ec       0x50 .\CortexM3\ARM_GCC_541\Debug\vm.o
                0x000072ec                mrbc_vm_begin
 .text.mrbc_vm_end
                0x0000733c       0x10 .\CortexM3\ARM_GCC_541\Debug\vm.o
                0x0000733c                mrbc_vm_end
 .text.mrbc_vm_run
                0x0000734c     0x170c .\CortexM3\ARM_GCC_541\Debug\vm.o
                0x0000734c                mrbc_vm_run
 .text.adc_start
                0x00008a58        0xc .\CortexM3\ARM_GCC_541\Debug\c_adc.o
 .text.ADC_1_GetResult
                0x00008a64       0x18 .\CortexM3\ARM_GCC_541\Debug\c_adc.o
                0x00008a64                ADC_1_GetResult
 .text.ADC_2_GetResult
                0x00008a7c       0x18 .\CortexM3\ARM_GCC_541\Debug\c_adc.o
                0x00008a7c                ADC_2_GetResult
 .text.adc_get  0x00008a94       0x1c .\CortexM3\ARM_GCC_541\Debug\c_adc.o
 .text.adc_new  0x00008ab0       0x30 .\CortexM3\ARM_GCC_541\Debug\c_adc.o
 .text.adc_init_m
                0x00008ae0        0x8 .\CortexM3\ARM_GCC_541\Debug\c_adc.o
                0x00008ae0                adc_init_m
 .text.mrbc_init_class_adc
                0x00008ae8       0x90 .\CortexM3\ARM_GCC_541\Debug\c_adc.o
                0x00008ae8                mrbc_init_class_adc
 .text.led_new  0x00008b78       0x10 .\CortexM3\ARM_GCC_541\Debug\standard_io.o
 .text.decimal_led_write
                0x00008b88       0x14 .\CortexM3\ARM_GCC_541\Debug\standard_io.o
 .text.sw       0x00008b9c       0x18 .\CortexM3\ARM_GCC_541\Debug\standard_io.o
 .text.led_write
                0x00008bb4       0x60 .\CortexM3\ARM_GCC_541\Debug\standard_io.o
 .text.mrbc_init_class_standard_io
                0x00008c14       0x6c .\CortexM3\ARM_GCC_541\Debug\standard_io.o
                0x00008c14                mrbc_init_class_standard_io
 .text.CyClockStartupError
                0x00008c80        0x4 .\CortexM3\ARM_GCC_541\Debug\cyfitter_cfg.o
 .text.cfg_write_bytes32
                0x00008c84       0x34 .\CortexM3\ARM_GCC_541\Debug\cyfitter_cfg.o
 .text.CYMEMZERO
                0x00008cb8        0xc .\CortexM3\ARM_GCC_541\Debug\cyfitter_cfg.o
 .text.AnalogSetDefault
                0x00008cc4       0x9c .\CortexM3\ARM_GCC_541\Debug\cyfitter_cfg.o
 .text.CYCONFIGCPY
                0x00008d60        0x8 .\CortexM3\ARM_GCC_541\Debug\cyfitter_cfg.o
 .text.ClockSetup
                0x00008d68       0xf8 .\CortexM3\ARM_GCC_541\Debug\cyfitter_cfg.o
 .text.cyfitter_cfg
                0x00008e60      0x14c .\CortexM3\ARM_GCC_541\Debug\cyfitter_cfg.o
                0x00008e60                cyfitter_cfg
 .text.IntDefaultHandler
                0x00008fac       0x10 .\CortexM3\ARM_GCC_541\Debug\Cm3Start.o
                0x00008fac                IntDefaultHandler
 .text._exit    0x00008fbc        0xc .\CortexM3\ARM_GCC_541\Debug\Cm3Start.o
                0x00008fbc                _exit
 .text._sbrk    0x00008fc8       0x30 .\CortexM3\ARM_GCC_541\Debug\Cm3Start.o
                0x00008fc8                _sbrk
 .text.Start_c  0x00008ff8       0x4c .\CortexM3\ARM_GCC_541\Debug\Cm3Start.o
                0x00008ff8                Start_c
 .text.initialize_psoc
                0x00009044       0x68 .\CortexM3\ARM_GCC_541\Debug\Cm3Start.o
                0x00009044                initialize_psoc
 .text.CyUSB_PowerOnCheck
                0x000090ac       0x48 .\CortexM3\ARM_GCC_541\Debug\Design01.a(CyLib.o)
 .text.CyBusClk_Internal_SetDivider
                0x000090f4       0x48 .\CortexM3\ARM_GCC_541\Debug\Design01.a(CyLib.o)
 .text.CyPLL_OUT_Stop
                0x0000913c       0x10 .\CortexM3\ARM_GCC_541\Debug\Design01.a(CyLib.o)
                0x0000913c                CyPLL_OUT_Stop
 .text.CyIMO_Stop
                0x0000914c       0x1c .\CortexM3\ARM_GCC_541\Debug\Design01.a(CyLib.o)
                0x0000914c                CyIMO_Stop
 .text.CyIMO_EnableDoubler
                0x00009168       0x10 .\CortexM3\ARM_GCC_541\Debug\Design01.a(CyLib.o)
                0x00009168                CyIMO_EnableDoubler
 .text.CyIMO_DisableDoubler
                0x00009178       0x10 .\CortexM3\ARM_GCC_541\Debug\Design01.a(CyLib.o)
                0x00009178                CyIMO_DisableDoubler
 .text.CyMasterClk_SetSource
                0x00009188       0x18 .\CortexM3\ARM_GCC_541\Debug\Design01.a(CyLib.o)
                0x00009188                CyMasterClk_SetSource
 .text.CyMasterClk_SetDivider
                0x000091a0        0xc .\CortexM3\ARM_GCC_541\Debug\Design01.a(CyLib.o)
                0x000091a0                CyMasterClk_SetDivider
 .text.CyBusClk_SetDivider
                0x000091ac       0x70 .\CortexM3\ARM_GCC_541\Debug\Design01.a(CyLib.o)
                0x000091ac                CyBusClk_SetDivider
 .text.CyILO_Start1K
                0x0000921c       0x10 .\CortexM3\ARM_GCC_541\Debug\Design01.a(CyLib.o)
                0x0000921c                CyILO_Start1K
 .text.CyILO_Start100K
                0x0000922c       0x10 .\CortexM3\ARM_GCC_541\Debug\Design01.a(CyLib.o)
                0x0000922c                CyILO_Start100K
 .text.CyILO_Stop100K
                0x0000923c       0x10 .\CortexM3\ARM_GCC_541\Debug\Design01.a(CyLib.o)
                0x0000923c                CyILO_Stop100K
 .text.CyPLL_OUT_Start
                0x0000924c       0x78 .\CortexM3\ARM_GCC_541\Debug\Design01.a(CyLib.o)
                0x0000924c                CyPLL_OUT_Start
 .text.CyIMO_Start
                0x000092c4       0x60 .\CortexM3\ARM_GCC_541\Debug\Design01.a(CyLib.o)
                0x000092c4                CyIMO_Start
 .text.CyILO_SetPowerMode
                0x00009324       0x24 .\CortexM3\ARM_GCC_541\Debug\Design01.a(CyLib.o)
                0x00009324                CyILO_SetPowerMode
 .text.CyXTAL_Start
                0x00009348       0xac .\CortexM3\ARM_GCC_541\Debug\Design01.a(CyLib.o)
                0x00009348                CyXTAL_Start
 .text.CyXTAL_Stop
                0x000093f4       0x10 .\CortexM3\ARM_GCC_541\Debug\Design01.a(CyLib.o)
                0x000093f4                CyXTAL_Stop
 .text.CyHalt   0x00009404        0x4 .\CortexM3\ARM_GCC_541\Debug\Design01.a(CyLib.o)
                0x00009404                CyHalt
 .text.CyIMO_SetTrimValue
                0x00009408       0xcc .\CortexM3\ARM_GCC_541\Debug\Design01.a(CyLib.o)
 .text.CyIMO_SetFreq
                0x000094d4       0xf4 .\CortexM3\ARM_GCC_541\Debug\Design01.a(CyLib.o)
                0x000094d4                CyIMO_SetFreq
 .text.CyIMO_SetSource
                0x000095c8       0x58 .\CortexM3\ARM_GCC_541\Debug\Design01.a(CyLib.o)
                0x000095c8                CyIMO_SetSource
 .text.CySoftwareReset
                0x00009620       0x10 .\CortexM3\ARM_GCC_541\Debug\Design01.a(CyLib.o)
                0x00009620                CySoftwareReset
 .text.CyDelay  0x00009630       0x2c .\CortexM3\ARM_GCC_541\Debug\Design01.a(CyLib.o)
                0x00009630                CyDelay
 .text.CyDelayUs
                0x0000965c       0x14 .\CortexM3\ARM_GCC_541\Debug\Design01.a(CyLib.o)
                0x0000965c                CyDelayUs
 .text.CyVdStickyStatus
                0x00009670       0x2c .\CortexM3\ARM_GCC_541\Debug\Design01.a(CyLib.o)
                0x00009670                CyVdStickyStatus
 .text.CyVdLvDigitEnable
                0x0000969c       0x84 .\CortexM3\ARM_GCC_541\Debug\Design01.a(CyLib.o)
                0x0000969c                CyVdLvDigitEnable
 .text.CyVdLvAnalogEnable
                0x00009720       0x80 .\CortexM3\ARM_GCC_541\Debug\Design01.a(CyLib.o)
                0x00009720                CyVdLvAnalogEnable
 .text.CyVdLvDigitDisable
                0x000097a0       0x30 .\CortexM3\ARM_GCC_541\Debug\Design01.a(CyLib.o)
                0x000097a0                CyVdLvDigitDisable
 .text.CyVdLvAnalogDisable
                0x000097d0       0x28 .\CortexM3\ARM_GCC_541\Debug\Design01.a(CyLib.o)
                0x000097d0                CyVdLvAnalogDisable
 .text.CyVdHvAnalogEnable
                0x000097f8       0x54 .\CortexM3\ARM_GCC_541\Debug\Design01.a(CyLib.o)
                0x000097f8                CyVdHvAnalogEnable
 .text.CyVdHvAnalogDisable
                0x0000984c       0x20 .\CortexM3\ARM_GCC_541\Debug\Design01.a(CyLib.o)
                0x0000984c                CyVdHvAnalogDisable
 .text.CyFlushCache
                0x0000986c       0x44 .\CortexM3\ARM_GCC_541\Debug\Design01.a(CyLib.o)
                0x0000986c                CyFlushCache
 .text.CyIntSetVector
                0x000098b0       0x28 .\CortexM3\ARM_GCC_541\Debug\Design01.a(CyLib.o)
                0x000098b0                CyIntSetVector
 .text.CyIntSetPriority
                0x000098d8       0x30 .\CortexM3\ARM_GCC_541\Debug\Design01.a(CyLib.o)
                0x000098d8                CyIntSetPriority
 .text.CyGetUniqueId
                0x00009908       0x70 .\CortexM3\ARM_GCC_541\Debug\Design01.a(CyLib.o)
                0x00009908                CyGetUniqueId
 .text.CyPmHibSlpSaveSet
                0x00009978      0x1dc .\CortexM3\ARM_GCC_541\Debug\Design01.a(cyPm.o)
 .text.CyPmHibSlpRestore
                0x00009b54       0xd8 .\CortexM3\ARM_GCC_541\Debug\Design01.a(cyPm.o)
 .text.CyPmHviLviSaveDisable
                0x00009c2c       0xa0 .\CortexM3\ARM_GCC_541\Debug\Design01.a(cyPm.o)
 .text.CyPmHibSaveSet
                0x00009ccc       0x98 .\CortexM3\ARM_GCC_541\Debug\Design01.a(cyPm.o)
 .text.CyPmHviLviRestore
                0x00009d64       0x48 .\CortexM3\ARM_GCC_541\Debug\Design01.a(cyPm.o)
 .text.CyPmHibRestore
                0x00009dac       0x60 .\CortexM3\ARM_GCC_541\Debug\Design01.a(cyPm.o)
 .text.CyPmSaveClocks
                0x00009e0c      0x218 .\CortexM3\ARM_GCC_541\Debug\Design01.a(cyPm.o)
                0x00009e0c                CyPmSaveClocks
 .text.CyPmRestoreClocks
                0x0000a024      0x24c .\CortexM3\ARM_GCC_541\Debug\Design01.a(cyPm.o)
                0x0000a024                CyPmRestoreClocks
 .text.CyPmAltAct
                0x0000a270       0x6c .\CortexM3\ARM_GCC_541\Debug\Design01.a(cyPm.o)
                0x0000a270                CyPmAltAct
 .text.CyPmSleep
                0x0000a2dc       0xf4 .\CortexM3\ARM_GCC_541\Debug\Design01.a(cyPm.o)
                0x0000a2dc                CyPmSleep
 .text.CyPmHibernateEx
                0x0000a3d0       0xf4 .\CortexM3\ARM_GCC_541\Debug\Design01.a(cyPm.o)
                0x0000a3d0                CyPmHibernateEx
 .text.CyPmHibernate
                0x0000a4c4        0xc .\CortexM3\ARM_GCC_541\Debug\Design01.a(cyPm.o)
                0x0000a4c4                CyPmHibernate
 .text.CyPmReadStatus
                0x0000a4d0       0x30 .\CortexM3\ARM_GCC_541\Debug\Design01.a(cyPm.o)
                0x0000a4d0                CyPmReadStatus
 .text.CyPmFtwSetInterval
                0x0000a500       0x5c .\CortexM3\ARM_GCC_541\Debug\Design01.a(cyPm.o)
                0x0000a500                CyPmFtwSetInterval
 .text.D1_ClearInterrupt
                0x0000a55c       0x10 .\CortexM3\ARM_GCC_541\Debug\Design01.a(D1.o)
                0x0000a55c                D1_ClearInterrupt
 .text.isr_1_SetVector
                0x0000a56c        0xc .\CortexM3\ARM_GCC_541\Debug\Design01.a(isr_1.o)
                0x0000a56c                isr_1_SetVector
 .text.isr_1_SetPriority
                0x0000a578       0x10 .\CortexM3\ARM_GCC_541\Debug\Design01.a(isr_1.o)
                0x0000a578                isr_1_SetPriority
 .text.isr_1_Enable
                0x0000a588       0x10 .\CortexM3\ARM_GCC_541\Debug\Design01.a(isr_1.o)
                0x0000a588                isr_1_Enable
 .text.isr_1_Disable
                0x0000a598       0x10 .\CortexM3\ARM_GCC_541\Debug\Design01.a(isr_1.o)
                0x0000a598                isr_1_Disable
 .text.isr_1_StartEx
                0x0000a5a8       0x1c .\CortexM3\ARM_GCC_541\Debug\Design01.a(isr_1.o)
                0x0000a5a8                isr_1_StartEx
 .text.I2C_1_Init
                0x0000a5c4       0x68 .\CortexM3\ARM_GCC_541\Debug\Design01.a(I2C_1.o)
                0x0000a5c4                I2C_1_Init
 .text.I2C_1_Enable
                0x0000a62c       0x24 .\CortexM3\ARM_GCC_541\Debug\Design01.a(I2C_1.o)
                0x0000a62c                I2C_1_Enable
 .text.I2C_1_Start
                0x0000a650       0x28 .\CortexM3\ARM_GCC_541\Debug\Design01.a(I2C_1.o)
                0x0000a650                I2C_1_Start
 .text.I2C_1_Stop
                0x0000a678       0xb4 .\CortexM3\ARM_GCC_541\Debug\Design01.a(I2C_1.o)
                0x0000a678                I2C_1_Stop
 .text.I2C_1_ISR
                0x0000a72c      0x2d0 .\CortexM3\ARM_GCC_541\Debug\Design01.a(I2C_1_INT.o)
                0x0000a72c                I2C_1_ISR
 .text.I2C_1_SaveConfig
                0x0000a9fc       0x3c .\CortexM3\ARM_GCC_541\Debug\Design01.a(I2C_1_PM.o)
                0x0000a9fc                I2C_1_SaveConfig
 .text.I2C_1_Sleep
                0x0000aa38       0x24 .\CortexM3\ARM_GCC_541\Debug\Design01.a(I2C_1_PM.o)
                0x0000aa38                I2C_1_Sleep
 .text.I2C_1_RestoreConfig
                0x0000aa5c       0x60 .\CortexM3\ARM_GCC_541\Debug\Design01.a(I2C_1_PM.o)
                0x0000aa5c                I2C_1_RestoreConfig
 .text.I2C_1_Wakeup
                0x0000aabc       0x24 .\CortexM3\ARM_GCC_541\Debug\Design01.a(I2C_1_PM.o)
                0x0000aabc                I2C_1_Wakeup
 .text.I2C_1_MasterSendStart
                0x0000aae0       0x80 .\CortexM3\ARM_GCC_541\Debug\Design01.a(I2C_1_MASTER.o)
                0x0000aae0                I2C_1_MasterSendStart
 .text.I2C_1_MasterSendRestart
                0x0000ab60       0x6c .\CortexM3\ARM_GCC_541\Debug\Design01.a(I2C_1_MASTER.o)
                0x0000ab60                I2C_1_MasterSendRestart
 .text.I2C_1_MasterSendStop
                0x0000abcc       0x38 .\CortexM3\ARM_GCC_541\Debug\Design01.a(I2C_1_MASTER.o)
                0x0000abcc                I2C_1_MasterSendStop
 .text.I2C_1_MasterWriteByte
                0x0000ac04       0x58 .\CortexM3\ARM_GCC_541\Debug\Design01.a(I2C_1_MASTER.o)
                0x0000ac04                I2C_1_MasterWriteByte
 .text.I2C_1_MasterReadByte
                0x0000ac5c       0x58 .\CortexM3\ARM_GCC_541\Debug\Design01.a(I2C_1_MASTER.o)
                0x0000ac5c                I2C_1_MasterReadByte
 .text.I2C_1_MasterStatus
                0x0000acb4       0x38 .\CortexM3\ARM_GCC_541\Debug\Design01.a(I2C_1_MASTER.o)
                0x0000acb4                I2C_1_MasterStatus
 .text.I2C_1_MasterClearStatus
                0x0000acec       0x24 .\CortexM3\ARM_GCC_541\Debug\Design01.a(I2C_1_MASTER.o)
                0x0000acec                I2C_1_MasterClearStatus
 .text.UART_1_Init
                0x0000ad10       0x24 .\CortexM3\ARM_GCC_541\Debug\Design01.a(UART_1.o)
                0x0000ad10                UART_1_Init
 .text.UART_1_Enable
                0x0000ad34       0x38 .\CortexM3\ARM_GCC_541\Debug\Design01.a(UART_1.o)
                0x0000ad34                UART_1_Enable
 .text.UART_1_Start
                0x0000ad6c       0x1c .\CortexM3\ARM_GCC_541\Debug\Design01.a(UART_1.o)
                0x0000ad6c                UART_1_Start
 .text.UART_1_Stop
                0x0000ad88       0x3c .\CortexM3\ARM_GCC_541\Debug\Design01.a(UART_1.o)
                0x0000ad88                UART_1_Stop
 .text.UART_1_ReadRxData
                0x0000adc4        0xc .\CortexM3\ARM_GCC_541\Debug\Design01.a(UART_1.o)
                0x0000adc4                UART_1_ReadRxData
 .text.UART_1_ReadRxStatus
                0x0000add0       0x10 .\CortexM3\ARM_GCC_541\Debug\Design01.a(UART_1.o)
                0x0000add0                UART_1_ReadRxStatus
 .text.UART_1_ClearRxBuffer
                0x0000ade0       0x24 .\CortexM3\ARM_GCC_541\Debug\Design01.a(UART_1.o)
                0x0000ade0                UART_1_ClearRxBuffer
 .text.UART_1_WriteTxData
                0x0000ae04       0x14 .\CortexM3\ARM_GCC_541\Debug\Design01.a(UART_1.o)
                0x0000ae04                UART_1_WriteTxData
 .text.UART_1_ReadTxStatus
                0x0000ae18        0xc .\CortexM3\ARM_GCC_541\Debug\Design01.a(UART_1.o)
                0x0000ae18                UART_1_ReadTxStatus
 .text.UART_1_ClearTxBuffer
                0x0000ae24       0x24 .\CortexM3\ARM_GCC_541\Debug\Design01.a(UART_1.o)
                0x0000ae24                UART_1_ClearTxBuffer
 .text.UART_1_Sleep
                0x0000ae48       0x28 .\CortexM3\ARM_GCC_541\Debug\Design01.a(UART_1_PM.o)
                0x0000ae48                UART_1_Sleep
 .text.UART_1_Wakeup
                0x0000ae70       0x1c .\CortexM3\ARM_GCC_541\Debug\Design01.a(UART_1_PM.o)
                0x0000ae70                UART_1_Wakeup
 .text.isr_UART_1_Tx_SetVector
                0x0000ae8c        0xc .\CortexM3\ARM_GCC_541\Debug\Design01.a(isr_UART_1_Tx.o)
                0x0000ae8c                isr_UART_1_Tx_SetVector
 .text.isr_UART_1_Tx_SetPriority
                0x0000ae98       0x10 .\CortexM3\ARM_GCC_541\Debug\Design01.a(isr_UART_1_Tx.o)
                0x0000ae98                isr_UART_1_Tx_SetPriority
 .text.isr_UART_1_Tx_Enable
                0x0000aea8       0x10 .\CortexM3\ARM_GCC_541\Debug\Design01.a(isr_UART_1_Tx.o)
                0x0000aea8                isr_UART_1_Tx_Enable
 .text.isr_UART_1_Tx_Disable
                0x0000aeb8       0x10 .\CortexM3\ARM_GCC_541\Debug\Design01.a(isr_UART_1_Tx.o)
                0x0000aeb8                isr_UART_1_Tx_Disable
 .text.isr_UART_1_Tx_StartEx
                0x0000aec8       0x1c .\CortexM3\ARM_GCC_541\Debug\Design01.a(isr_UART_1_Tx.o)
                0x0000aec8                isr_UART_1_Tx_StartEx
 .text.isr_UART_1_Rx_SetVector
                0x0000aee4        0xc .\CortexM3\ARM_GCC_541\Debug\Design01.a(isr_UART_1_Rx.o)
                0x0000aee4                isr_UART_1_Rx_SetVector
 .text.isr_UART_1_Rx_SetPriority
                0x0000aef0       0x10 .\CortexM3\ARM_GCC_541\Debug\Design01.a(isr_UART_1_Rx.o)
                0x0000aef0                isr_UART_1_Rx_SetPriority
 .text.isr_UART_1_Rx_Enable
                0x0000af00        0xc .\CortexM3\ARM_GCC_541\Debug\Design01.a(isr_UART_1_Rx.o)
                0x0000af00                isr_UART_1_Rx_Enable
 .text.isr_UART_1_Rx_Disable
                0x0000af0c        0xc .\CortexM3\ARM_GCC_541\Debug\Design01.a(isr_UART_1_Rx.o)
                0x0000af0c                isr_UART_1_Rx_Disable
 .text.isr_UART_1_Rx_StartEx
                0x0000af18       0x1c .\CortexM3\ARM_GCC_541\Debug\Design01.a(isr_UART_1_Rx.o)
                0x0000af18                isr_UART_1_Rx_StartEx
 .text.ADC_1_CalcGain
                0x0000af34       0x64 .\CortexM3\ARM_GCC_541\Debug\Design01.a(ADC_1.o)
 .text.ADC_1_Enable
                0x0000af98       0x94 .\CortexM3\ARM_GCC_541\Debug\Design01.a(ADC_1.o)
                0x0000af98                ADC_1_Enable
 .text.ADC_1_Stop
                0x0000b02c       0x48 .\CortexM3\ARM_GCC_541\Debug\Design01.a(ADC_1.o)
                0x0000b02c                ADC_1_Stop
 .text.ADC_1_SetResolution
                0x0000b074       0x38 .\CortexM3\ARM_GCC_541\Debug\Design01.a(ADC_1.o)
                0x0000b074                ADC_1_SetResolution
 .text.ADC_1_Init
                0x0000b0ac       0x3c .\CortexM3\ARM_GCC_541\Debug\Design01.a(ADC_1.o)
                0x0000b0ac                ADC_1_Init
 .text.ADC_1_Start
                0x0000b0e8       0x1c .\CortexM3\ARM_GCC_541\Debug\Design01.a(ADC_1.o)
                0x0000b0e8                ADC_1_Start
 .text.ADC_1_StartConvert
                0x0000b104       0x18 .\CortexM3\ARM_GCC_541\Debug\Design01.a(ADC_1.o)
                0x0000b104                ADC_1_StartConvert
 .text.ADC_1_IsEndConversion
                0x0000b11c       0x24 .\CortexM3\ARM_GCC_541\Debug\Design01.a(ADC_1.o)
                0x0000b11c                ADC_1_IsEndConversion
 .text.ADC_1_GetResult16
                0x0000b140       0x18 .\CortexM3\ARM_GCC_541\Debug\Design01.a(ADC_1.o)
                0x0000b140                ADC_1_GetResult16
 .text.ADC_1_ISR
                0x0000b158        0x4 .\CortexM3\ARM_GCC_541\Debug\Design01.a(ADC_1_INT.o)
                0x0000b158                ADC_1_ISR
 .text.ADC_1_Sleep
                0x0000b15c       0x40 .\CortexM3\ARM_GCC_541\Debug\Design01.a(ADC_1_PM.o)
                0x0000b15c                ADC_1_Sleep
 .text.ADC_1_Wakeup
                0x0000b19c       0x20 .\CortexM3\ARM_GCC_541\Debug\Design01.a(ADC_1_PM.o)
                0x0000b19c                ADC_1_Wakeup
 .text.ADC_2_CalcGain
                0x0000b1bc       0x64 .\CortexM3\ARM_GCC_541\Debug\Design01.a(ADC_2.o)
 .text.ADC_2_Enable
                0x0000b220       0x94 .\CortexM3\ARM_GCC_541\Debug\Design01.a(ADC_2.o)
                0x0000b220                ADC_2_Enable
 .text.ADC_2_Stop
                0x0000b2b4       0x48 .\CortexM3\ARM_GCC_541\Debug\Design01.a(ADC_2.o)
                0x0000b2b4                ADC_2_Stop
 .text.ADC_2_SetResolution
                0x0000b2fc       0x38 .\CortexM3\ARM_GCC_541\Debug\Design01.a(ADC_2.o)
                0x0000b2fc                ADC_2_SetResolution
 .text.ADC_2_Init
                0x0000b334       0x3c .\CortexM3\ARM_GCC_541\Debug\Design01.a(ADC_2.o)
                0x0000b334                ADC_2_Init
 .text.ADC_2_Start
                0x0000b370       0x1c .\CortexM3\ARM_GCC_541\Debug\Design01.a(ADC_2.o)
                0x0000b370                ADC_2_Start
 .text.ADC_2_StartConvert
                0x0000b38c       0x18 .\CortexM3\ARM_GCC_541\Debug\Design01.a(ADC_2.o)
                0x0000b38c                ADC_2_StartConvert
 .text.ADC_2_IsEndConversion
                0x0000b3a4       0x24 .\CortexM3\ARM_GCC_541\Debug\Design01.a(ADC_2.o)
                0x0000b3a4                ADC_2_IsEndConversion
 .text.ADC_2_GetResult16
                0x0000b3c8       0x18 .\CortexM3\ARM_GCC_541\Debug\Design01.a(ADC_2.o)
                0x0000b3c8                ADC_2_GetResult16
 .text.ADC_2_ISR
                0x0000b3e0        0x4 .\CortexM3\ARM_GCC_541\Debug\Design01.a(ADC_2_INT.o)
                0x0000b3e0                ADC_2_ISR
 .text.ADC_2_Sleep
                0x0000b3e4       0x40 .\CortexM3\ARM_GCC_541\Debug\Design01.a(ADC_2_PM.o)
                0x0000b3e4                ADC_2_Sleep
 .text.ADC_2_Wakeup
                0x0000b424       0x20 .\CortexM3\ARM_GCC_541\Debug\Design01.a(ADC_2_PM.o)
                0x0000b424                ADC_2_Wakeup
 .text.USBUART_Init
                0x0000b444      0x140 .\CortexM3\ARM_GCC_541\Debug\Design01.a(USBUART.o)
                0x0000b444                USBUART_Init
 .text.USBUART_InitComponent
                0x0000b584       0xb8 .\CortexM3\ARM_GCC_541\Debug\Design01.a(USBUART.o)
                0x0000b584                USBUART_InitComponent
 .text.USBUART_Start
                0x0000b63c       0x24 .\CortexM3\ARM_GCC_541\Debug\Design01.a(USBUART.o)
                0x0000b63c                USBUART_Start
 .text.USBUART_ReInitComponent
                0x0000b660       0x4c .\CortexM3\ARM_GCC_541\Debug\Design01.a(USBUART.o)
                0x0000b660                USBUART_ReInitComponent
 .text.USBUART_Stop
                0x0000b6ac       0xb8 .\CortexM3\ARM_GCC_541\Debug\Design01.a(USBUART.o)
                0x0000b6ac                USBUART_Stop
 .text.USBUART_GetConfiguration
                0x0000b764        0xc .\CortexM3\ARM_GCC_541\Debug\Design01.a(USBUART.o)
                0x0000b764                USBUART_GetConfiguration
 .text.USBUART_IsConfigurationChanged
                0x0000b770       0x20 .\CortexM3\ARM_GCC_541\Debug\Design01.a(USBUART.o)
                0x0000b770                USBUART_IsConfigurationChanged
 .text.USBUART_GetEPState
                0x0000b790       0x14 .\CortexM3\ARM_GCC_541\Debug\Design01.a(USBUART.o)
                0x0000b790                USBUART_GetEPState
 .text.USBUART_GetEPCount
                0x0000b7a4       0x28 .\CortexM3\ARM_GCC_541\Debug\Design01.a(USBUART.o)
                0x0000b7a4                USBUART_GetEPCount
 .text.USBUART_LoadInEP
                0x0000b7cc       0x94 .\CortexM3\ARM_GCC_541\Debug\Design01.a(USBUART.o)
                0x0000b7cc                USBUART_LoadInEP
 .text.USBUART_EnableOutEP
                0x0000b860       0x2c .\CortexM3\ARM_GCC_541\Debug\Design01.a(USBUART.o)
                0x0000b860                USBUART_EnableOutEP
 .text.USBUART_ReadOutEP
                0x0000b88c       0x50 .\CortexM3\ARM_GCC_541\Debug\Design01.a(USBUART.o)
                0x0000b88c                USBUART_ReadOutEP
 .text.USBUART_StrLen
                0x0000b8dc       0x14 .\CortexM3\ARM_GCC_541\Debug\Design01.a(USBUART_cdc.o)
 .text.USBUART_GetInterfaceComPort
                0x0000b8f0       0x38 .\CortexM3\ARM_GCC_541\Debug\Design01.a(USBUART_cdc.o)
                0x0000b8f0                USBUART_GetInterfaceComPort
 .text.USBUART_DispatchCDCClassRqst
                0x0000b928       0x98 .\CortexM3\ARM_GCC_541\Debug\Design01.a(USBUART_cdc.o)
                0x0000b928                USBUART_DispatchCDCClassRqst
 .text.USBUART_CDC_Init
                0x0000b9c0       0x98 .\CortexM3\ARM_GCC_541\Debug\Design01.a(USBUART_cdc.o)
                0x0000b9c0                USBUART_CDC_Init
 .text.USBUART_PutData
                0x0000ba58       0x50 .\CortexM3\ARM_GCC_541\Debug\Design01.a(USBUART_cdc.o)
                0x0000ba58                USBUART_PutData
 .text.USBUART_PutString
                0x0000baa8       0xa0 .\CortexM3\ARM_GCC_541\Debug\Design01.a(USBUART_cdc.o)
                0x0000baa8                USBUART_PutString
 .text.USBUART_GetCount
                0x0000bb48       0x34 .\CortexM3\ARM_GCC_541\Debug\Design01.a(USBUART_cdc.o)
                0x0000bb48                USBUART_GetCount
 .text.USBUART_DataIsReady
                0x0000bb7c       0x18 .\CortexM3\ARM_GCC_541\Debug\Design01.a(USBUART_cdc.o)
                0x0000bb7c                USBUART_DataIsReady
 .text.USBUART_CDCIsReady
                0x0000bb94       0x18 .\CortexM3\ARM_GCC_541\Debug\Design01.a(USBUART_cdc.o)
                0x0000bb94                USBUART_CDCIsReady
 .text.USBUART_GetData
                0x0000bbac       0x20 .\CortexM3\ARM_GCC_541\Debug\Design01.a(USBUART_cdc.o)
                0x0000bbac                USBUART_GetData
 .text.USBUART_Cdc_EpInit
                0x0000bbcc       0x50 .\CortexM3\ARM_GCC_541\Debug\Design01.a(USBUART_cdc.o)
                0x0000bbcc                USBUART_Cdc_EpInit
 .text.USBUART_LoadEP0
                0x0000bc1c       0x98 .\CortexM3\ARM_GCC_541\Debug\Design01.a(USBUART_drv.o)
                0x0000bc1c                USBUART_LoadEP0
 .text.USBUART_InitZeroLengthControlTransfer
                0x0000bcb4       0x34 .\CortexM3\ARM_GCC_541\Debug\Design01.a(USBUART_drv.o)
                0x0000bcb4                USBUART_InitZeroLengthControlTransfer
 .text.USBUART_ControlReadDataStage
                0x0000bce8        0x8 .\CortexM3\ARM_GCC_541\Debug\Design01.a(USBUART_drv.o)
                0x0000bce8                USBUART_ControlReadDataStage
 .text.USBUART_ControlWriteDataStage
                0x0000bcf0       0x84 .\CortexM3\ARM_GCC_541\Debug\Design01.a(USBUART_drv.o)
                0x0000bcf0                USBUART_ControlWriteDataStage
 .text.USBUART_InitNoDataControlTransfer
                0x0000bd74       0x2c .\CortexM3\ARM_GCC_541\Debug\Design01.a(USBUART_drv.o)
                0x0000bd74                USBUART_InitNoDataControlTransfer
 .text.USBUART_UpdateStatusBlock
                0x0000bda0       0x24 .\CortexM3\ARM_GCC_541\Debug\Design01.a(USBUART_drv.o)
                0x0000bda0                USBUART_UpdateStatusBlock
 .text.USBUART_HandleSetup
                0x0000bdc4       0x5c .\CortexM3\ARM_GCC_541\Debug\Design01.a(USBUART_drv.o)
                0x0000bdc4                USBUART_HandleSetup
 .text.USBUART_ControlReadStatusStage
                0x0000be20       0x38 .\CortexM3\ARM_GCC_541\Debug\Design01.a(USBUART_drv.o)
                0x0000be20                USBUART_ControlReadStatusStage
 .text.USBUART_HandleOUT
                0x0000be58       0x38 .\CortexM3\ARM_GCC_541\Debug\Design01.a(USBUART_drv.o)
                0x0000be58                USBUART_HandleOUT
 .text.USBUART_ControlWriteStatusStage
                0x0000be90       0x20 .\CortexM3\ARM_GCC_541\Debug\Design01.a(USBUART_drv.o)
                0x0000be90                USBUART_ControlWriteStatusStage
 .text.USBUART_NoDataControlStatusStage
                0x0000beb0       0x40 .\CortexM3\ARM_GCC_541\Debug\Design01.a(USBUART_drv.o)
                0x0000beb0                USBUART_NoDataControlStatusStage
 .text.USBUART_HandleIN
                0x0000bef0       0x2c .\CortexM3\ARM_GCC_541\Debug\Design01.a(USBUART_drv.o)
                0x0000bef0                USBUART_HandleIN
 .text.USBUART_EP_0_ISR
                0x0000bf1c       0xb8 .\CortexM3\ARM_GCC_541\Debug\Design01.a(USBUART_drv.o)
                0x0000bf1c                USBUART_EP_0_ISR
 .text.USBUART_InitializeStatusBlock
                0x0000bfd4       0x24 .\CortexM3\ARM_GCC_541\Debug\Design01.a(USBUART_drv.o)
                0x0000bfd4                USBUART_InitializeStatusBlock
 .text.USBUART_InitControlRead
                0x0000bff8       0x50 .\CortexM3\ARM_GCC_541\Debug\Design01.a(USBUART_drv.o)
                0x0000bff8                USBUART_InitControlRead
 .text.USBUART_InitControlWrite
                0x0000c048       0x48 .\CortexM3\ARM_GCC_541\Debug\Design01.a(USBUART_drv.o)
                0x0000c048                USBUART_InitControlWrite
 .text.USBUART_EP_1_ISR
                0x0000c090       0x30 .\CortexM3\ARM_GCC_541\Debug\Design01.a(USBUART_episr.o)
                0x0000c090                USBUART_EP_1_ISR
 .text.USBUART_EP_2_ISR
                0x0000c0c0       0x34 .\CortexM3\ARM_GCC_541\Debug\Design01.a(USBUART_episr.o)
                0x0000c0c0                USBUART_EP_2_ISR
 .text.USBUART_EP_3_ISR
                0x0000c0f4       0x3c .\CortexM3\ARM_GCC_541\Debug\Design01.a(USBUART_episr.o)
                0x0000c0f4                USBUART_EP_3_ISR
 .text.USBUART_SOF_ISR
                0x0000c130        0x4 .\CortexM3\ARM_GCC_541\Debug\Design01.a(USBUART_episr.o)
                0x0000c130                USBUART_SOF_ISR
 .text.USBUART_BUS_RESET_ISR
                0x0000c134        0x8 .\CortexM3\ARM_GCC_541\Debug\Design01.a(USBUART_episr.o)
                0x0000c134                USBUART_BUS_RESET_ISR
 .text.USBUART_DP_ISR
                0x0000c13c        0x8 .\CortexM3\ARM_GCC_541\Debug\Design01.a(USBUART_pm.o)
                0x0000c13c                USBUART_DP_ISR
 .text.USBUART_ReadDieID
                0x0000c144       0x6c .\CortexM3\ARM_GCC_541\Debug\Design01.a(USBUART_std.o)
                0x0000c144                USBUART_ReadDieID
 .text.USBUART_ConfigReg
                0x0000c1b0       0xa4 .\CortexM3\ARM_GCC_541\Debug\Design01.a(USBUART_std.o)
                0x0000c1b0                USBUART_ConfigReg
 .text.USBUART_GetConfigTablePtr
                0x0000c254       0x28 .\CortexM3\ARM_GCC_541\Debug\Design01.a(USBUART_std.o)
                0x0000c254                USBUART_GetConfigTablePtr
 .text.USBUART_ConfigAltChanged
                0x0000c27c      0x11c .\CortexM3\ARM_GCC_541\Debug\Design01.a(USBUART_std.o)
                0x0000c27c                USBUART_ConfigAltChanged
 .text.USBUART_GetDeviceTablePtr
                0x0000c398       0x18 .\CortexM3\ARM_GCC_541\Debug\Design01.a(USBUART_std.o)
                0x0000c398                USBUART_GetDeviceTablePtr
 .text.USBUART_GetInterfaceClassTablePtr
                0x0000c3b0       0x28 .\CortexM3\ARM_GCC_541\Debug\Design01.a(USBUART_std.o)
                0x0000c3b0                USBUART_GetInterfaceClassTablePtr
 .text.USBUART_Config
                0x0000c3d8      0x1ec .\CortexM3\ARM_GCC_541\Debug\Design01.a(USBUART_std.o)
                0x0000c3d8                USBUART_Config
 .text.USBUART_SetEndpointHalt
                0x0000c5c4       0x64 .\CortexM3\ARM_GCC_541\Debug\Design01.a(USBUART_std.o)
                0x0000c5c4                USBUART_SetEndpointHalt
 .text.USBUART_ClearEndpointHalt
                0x0000c628       0xac .\CortexM3\ARM_GCC_541\Debug\Design01.a(USBUART_std.o)
                0x0000c628                USBUART_ClearEndpointHalt
 .text.USBUART_ValidateAlternateSetting
                0x0000c6d4       0x4c .\CortexM3\ARM_GCC_541\Debug\Design01.a(USBUART_std.o)
                0x0000c6d4                USBUART_ValidateAlternateSetting
 .text.USBUART_HandleStandardRqst
                0x0000c720      0x354 .\CortexM3\ARM_GCC_541\Debug\Design01.a(USBUART_std.o)
                0x0000c720                USBUART_HandleStandardRqst
 .text.USBUART_HandleVendorRqst
                0x0000ca74       0x18 .\CortexM3\ARM_GCC_541\Debug\Design01.a(USBUART_vnd.o)
                0x0000ca74                USBUART_HandleVendorRqst
 .text.Em_EEPROM_Start
                0x0000ca8c        0x4 .\CortexM3\ARM_GCC_541\Debug\Design01.a(Em_EEPROM.o)
                0x0000ca8c                Em_EEPROM_Start
 .text.Em_EEPROM_Stop
                0x0000ca90        0x4 .\CortexM3\ARM_GCC_541\Debug\Design01.a(Em_EEPROM.o)
                0x0000ca90                Em_EEPROM_Stop
 .text.Em_EEPROM_Write
                0x0000ca94       0xa8 .\CortexM3\ARM_GCC_541\Debug\Design01.a(Em_EEPROM.o)
                0x0000ca94                Em_EEPROM_Write
 .text.isr_Tick_SetVector
                0x0000cb3c        0xc .\CortexM3\ARM_GCC_541\Debug\Design01.a(isr_Tick.o)
                0x0000cb3c                isr_Tick_SetVector
 .text.isr_Tick_SetPriority
                0x0000cb48       0x10 .\CortexM3\ARM_GCC_541\Debug\Design01.a(isr_Tick.o)
                0x0000cb48                isr_Tick_SetPriority
 .text.isr_Tick_Enable
                0x0000cb58        0xc .\CortexM3\ARM_GCC_541\Debug\Design01.a(isr_Tick.o)
                0x0000cb58                isr_Tick_Enable
 .text.isr_Tick_Disable
                0x0000cb64        0xc .\CortexM3\ARM_GCC_541\Debug\Design01.a(isr_Tick.o)
                0x0000cb64                isr_Tick_Disable
 .text.isr_Tick_StartEx
                0x0000cb70       0x1c .\CortexM3\ARM_GCC_541\Debug\Design01.a(isr_Tick.o)
                0x0000cb70                isr_Tick_StartEx
 .text.UART_1_IntClock_Start
                0x0000cb8c       0x1c .\CortexM3\ARM_GCC_541\Debug\Design01.a(UART_1_IntClock.o)
                0x0000cb8c                UART_1_IntClock_Start
 .text.UART_1_IntClock_Stop
                0x0000cba8       0x1c .\CortexM3\ARM_GCC_541\Debug\Design01.a(UART_1_IntClock.o)
                0x0000cba8                UART_1_IntClock_Stop
 .text.ADC_1_theACLK_SetModeRegister
                0x0000cbc4       0x14 .\CortexM3\ARM_GCC_541\Debug\Design01.a(ADC_1_theACLK.o)
                0x0000cbc4                ADC_1_theACLK_SetModeRegister
 .text.ADC_2_theACLK_SetModeRegister
                0x0000cbd8       0x14 .\CortexM3\ARM_GCC_541\Debug\Design01.a(ADC_2_theACLK.o)
                0x0000cbd8                ADC_2_theACLK_SetModeRegister
 .text.USBUART_Dp_ClearInterrupt
                0x0000cbec       0x10 .\CortexM3\ARM_GCC_541\Debug\Design01.a(USBUART_Dp.o)
                0x0000cbec                USBUART_Dp_ClearInterrupt
 .text.LED1_Write
                0x0000cbfc       0x18 .\CortexM3\ARM_GCC_541\Debug\Design01.a(LED1.o)
                0x0000cbfc                LED1_Write
 .text.SW1_Read
                0x0000cc14       0x10 .\CortexM3\ARM_GCC_541\Debug\Design01.a(SW1.o)
                0x0000cc14                SW1_Read
 .text.SleepTimer_Enable
                0x0000cc24       0x48 .\CortexM3\ARM_GCC_541\Debug\Design01.a(SleepTimer.o)
                0x0000cc24                SleepTimer_Enable
 .text.SleepTimer_Stop
                0x0000cc6c       0x1c .\CortexM3\ARM_GCC_541\Debug\Design01.a(SleepTimer.o)
                0x0000cc6c                SleepTimer_Stop
 .text.SleepTimer_EnableInt
                0x0000cc88       0x1c .\CortexM3\ARM_GCC_541\Debug\Design01.a(SleepTimer.o)
                0x0000cc88                SleepTimer_EnableInt
 .text.SleepTimer_SetInterval
                0x0000cca4       0x24 .\CortexM3\ARM_GCC_541\Debug\Design01.a(SleepTimer.o)
                0x0000cca4                SleepTimer_SetInterval
 .text.SleepTimer_Init
                0x0000ccc8       0x10 .\CortexM3\ARM_GCC_541\Debug\Design01.a(SleepTimer.o)
                0x0000ccc8                SleepTimer_Init
 .text.SleepTimer_Start
                0x0000ccd8       0x1c .\CortexM3\ARM_GCC_541\Debug\Design01.a(SleepTimer.o)
                0x0000ccd8                SleepTimer_Start
 .text.SleepTimer_GetStatus
                0x0000ccf4        0xc .\CortexM3\ARM_GCC_541\Debug\Design01.a(SleepTimer.o)
                0x0000ccf4                SleepTimer_GetStatus
 .text.isr_SleepTimer_SetVector
                0x0000cd00        0xc .\CortexM3\ARM_GCC_541\Debug\Design01.a(isr_SleepTimer.o)
                0x0000cd00                isr_SleepTimer_SetVector
 .text.isr_SleepTimer_SetPriority
                0x0000cd0c       0x10 .\CortexM3\ARM_GCC_541\Debug\Design01.a(isr_SleepTimer.o)
                0x0000cd0c                isr_SleepTimer_SetPriority
 .text.isr_SleepTimer_Enable
                0x0000cd1c        0xc .\CortexM3\ARM_GCC_541\Debug\Design01.a(isr_SleepTimer.o)
                0x0000cd1c                isr_SleepTimer_Enable
 .text.isr_SleepTimer_Disable
                0x0000cd28        0xc .\CortexM3\ARM_GCC_541\Debug\Design01.a(isr_SleepTimer.o)
                0x0000cd28                isr_SleepTimer_Disable
 .text.isr_SleepTimer_StartEx
                0x0000cd34       0x1c .\CortexM3\ARM_GCC_541\Debug\Design01.a(isr_SleepTimer.o)
                0x0000cd34                isr_SleepTimer_StartEx
 .text          0x0000cd50       0x20 .\CortexM3\ARM_GCC_541\Debug\Design01.a(CyBootAsmGnu.o)
                0x0000cd50                CyDelayCycles
                0x0000cd60                CyEnterCriticalSection
                0x0000cd68                CyExitCriticalSection
 .text.CySetTempInt
                0x0000cd70       0x60 .\CortexM3\ARM_GCC_541\Debug\Design01.a(CyFlash.o)
 .text.CyFlashGetSpcAlgorithm
                0x0000cdd0       0x4c .\CortexM3\ARM_GCC_541\Debug\Design01.a(CyFlash.o)
                0x0000cdd0                CyFlashGetSpcAlgorithm
 .text.CySetTemp
                0x0000ce1c       0x14 .\CortexM3\ARM_GCC_541\Debug\Design01.a(CyFlash.o)
                0x0000ce1c                CySetTemp
 .text.CySetFlashEEBuffer
                0x0000ce30       0x20 .\CortexM3\ARM_GCC_541\Debug\Design01.a(CyFlash.o)
                0x0000ce30                CySetFlashEEBuffer
 .text.CyWriteRowFull
                0x0000ce50       0xf8 .\CortexM3\ARM_GCC_541\Debug\Design01.a(CyFlash.o)
                0x0000ce50                CyWriteRowFull
 .text.CyWriteRowData
                0x0000cf48       0x14 .\CortexM3\ARM_GCC_541\Debug\Design01.a(CyFlash.o)
                0x0000cf48                CyWriteRowData
 .text.CyFlash_SetWaitCycles
                0x0000cf5c       0x7c .\CortexM3\ARM_GCC_541\Debug\Design01.a(CyFlash.o)
                0x0000cf5c                CyFlash_SetWaitCycles
 .text.CySpcStart
                0x0000cfd8       0x24 .\CortexM3\ARM_GCC_541\Debug\Design01.a(CySpc.o)
                0x0000cfd8                CySpcStart
 .text.CySpcReadData
                0x0000cffc       0x34 .\CortexM3\ARM_GCC_541\Debug\Design01.a(CySpc.o)
                0x0000cffc                CySpcReadData
 .text.CySpcLoadRowFull
                0x0000d030       0x80 .\CortexM3\ARM_GCC_541\Debug\Design01.a(CySpc.o)
                0x0000d030                CySpcLoadRowFull
 .text.CySpcWriteRow
                0x0000d0b0       0x4c .\CortexM3\ARM_GCC_541\Debug\Design01.a(CySpc.o)
                0x0000d0b0                CySpcWriteRow
 .text.CySpcGetTemp
                0x0000d0fc       0x3c .\CortexM3\ARM_GCC_541\Debug\Design01.a(CySpc.o)
                0x0000d0fc                CySpcGetTemp
 .text.CySpcLock
                0x0000d138       0x4c .\CortexM3\ARM_GCC_541\Debug\Design01.a(CySpc.o)
                0x0000d138                CySpcLock
 .text.CySpcUnlock
                0x0000d184       0x38 .\CortexM3\ARM_GCC_541\Debug\Design01.a(CySpc.o)
                0x0000d184                CySpcUnlock
 .text.CySpcGetAlgorithm
                0x0000d1bc       0x28 .\CortexM3\ARM_GCC_541\Debug\Design01.a(CySpc.o)
                0x0000d1bc                CySpcGetAlgorithm
 .text.USBUART_DispatchClassRqst
                0x0000d1e4       0x60 .\CortexM3\ARM_GCC_541\Debug\Design01.a(USBUART_cls.o)
                0x0000d1e4                USBUART_DispatchClassRqst
 .text.log      0x0000d244      0x100 c:/program files (x86)/cypress/psoc creator/4.2/psoc creator/import/gnu/arm/5.4.1/bin/../lib/gcc/arm-none-eabi/5.4.1/../../../../arm-none-eabi/lib/armv7-m\libm.a(lib_a-w_log.o)
                0x0000d244                log
 .text.pow      0x0000d344      0x330 c:/program files (x86)/cypress/psoc creator/4.2/psoc creator/import/gnu/arm/5.4.1/bin/../lib/gcc/arm-none-eabi/5.4.1/../../../../arm-none-eabi/lib/armv7-m\libm.a(lib_a-w_pow.o)
                0x0000d344                pow
 *fill*         0x0000d674        0x4 
 .text.__ieee754_log
                0x0000d678      0x3e8 c:/program files (x86)/cypress/psoc creator/4.2/psoc creator/import/gnu/arm/5.4.1/bin/../lib/gcc/arm-none-eabi/5.4.1/../../../../arm-none-eabi/lib/armv7-m\libm.a(lib_a-e_log.o)
                0x0000d678                __ieee754_log
 .text.__ieee754_pow
                0x0000da60      0xac4 c:/program files (x86)/cypress/psoc creator/4.2/psoc creator/import/gnu/arm/5.4.1/bin/../lib/gcc/arm-none-eabi/5.4.1/../../../../arm-none-eabi/lib/armv7-m\libm.a(lib_a-e_pow.o)
                0x0000da60                __ieee754_pow
 .text.__ieee754_sqrt
                0x0000e524      0x188 c:/program files (x86)/cypress/psoc creator/4.2/psoc creator/import/gnu/arm/5.4.1/bin/../lib/gcc/arm-none-eabi/5.4.1/../../../../arm-none-eabi/lib/armv7-m\libm.a(lib_a-e_sqrt.o)
                0x0000e524                __ieee754_sqrt
 .text.fabs     0x0000e6ac        0x8 c:/program files (x86)/cypress/psoc creator/4.2/psoc creator/import/gnu/arm/5.4.1/bin/../lib/gcc/arm-none-eabi/5.4.1/../../../../arm-none-eabi/lib/armv7-m\libm.a(lib_a-s_fabs.o)
                0x0000e6ac                fabs
 .text.finite   0x0000e6b4        0xc c:/program files (x86)/cypress/psoc creator/4.2/psoc creator/import/gnu/arm/5.4.1/bin/../lib/gcc/arm-none-eabi/5.4.1/../../../../arm-none-eabi/lib/armv7-m\libm.a(lib_a-s_finite.o)
                0x0000e6b4                finite
 .text.matherr  0x0000e6c0        0x4 c:/program files (x86)/cypress/psoc creator/4.2/psoc creator/import/gnu/arm/5.4.1/bin/../lib/gcc/arm-none-eabi/5.4.1/../../../../arm-none-eabi/lib/armv7-m\libm.a(lib_a-s_matherr.o)
                0x0000e6c0                matherr
 .text.nan      0x0000e6c4        0xc c:/program files (x86)/cypress/psoc creator/4.2/psoc creator/import/gnu/arm/5.4.1/bin/../lib/gcc/arm-none-eabi/5.4.1/../../../../arm-none-eabi/lib/armv7-m\libm.a(lib_a-s_nan.o)
                0x0000e6c4                nan
 .text.rint     0x0000e6d0      0x120 c:/program files (x86)/cypress/psoc creator/4.2/psoc creator/import/gnu/arm/5.4.1/bin/../lib/gcc/arm-none-eabi/5.4.1/../../../../arm-none-eabi/lib/armv7-m\libm.a(lib_a-s_rint.o)
                0x0000e6d0                rint
 .text.scalbn   0x0000e7f0       0xe4 c:/program files (x86)/cypress/psoc creator/4.2/psoc creator/import/gnu/arm/5.4.1/bin/../lib/gcc/arm-none-eabi/5.4.1/../../../../arm-none-eabi/lib/armv7-m\libm.a(lib_a-s_scalbn.o)