Archive member included to satisfy reference by file (symbol)

.\CortexM3\ARM_GCC_541\Debug\Design01.a(CyLib.o)
                              .\CortexM3\ARM_GCC_541\Debug\Cm3Start.o (CyHalt)
.\CortexM3\ARM_GCC_541\Debug\Design01.a(cyPm.o)
                              .\CortexM3\ARM_GCC_541\Debug\main.o (CyPmSaveClocks)
.\CortexM3\ARM_GCC_541\Debug\Design01.a(D1.o)
                              .\CortexM3\ARM_GCC_541\Debug\main.o (D1_ClearInterrupt)
.\CortexM3\ARM_GCC_541\Debug\Design01.a(isr_1.o)
                              .\CortexM3\ARM_GCC_541\Debug\main.o (isr_1_StartEx)
.\CortexM3\ARM_GCC_541\Debug\Design01.a(I2C_1.o)
                              .\CortexM3\ARM_GCC_541\Debug\main.o (I2C_1_Start)
.\CortexM3\ARM_GCC_541\Debug\Design01.a(I2C_1_INT.o)
                              .\CortexM3\ARM_GCC_541\Debug\Design01.a(I2C_1.o) (I2C_1_ISR)
.\CortexM3\ARM_GCC_541\Debug\Design01.a(I2C_1_PM.o)
                              .\CortexM3\ARM_GCC_541\Debug\main.o (I2C_1_Sleep)
.\CortexM3\ARM_GCC_541\Debug\Design01.a(I2C_1_MASTER.o)
                              .\CortexM3\ARM_GCC_541\Debug\Design01.a(I2C_1.o) (I2C_1_mstrStatus)
.\CortexM3\ARM_GCC_541\Debug\Design01.a(UART_1.o)
                              .\CortexM3\ARM_GCC_541\Debug\main.o (UART_1_Start)
.\CortexM3\ARM_GCC_541\Debug\Design01.a(UART_1_PM.o)
                              .\CortexM3\ARM_GCC_541\Debug\main.o (UART_1_Sleep)
.\CortexM3\ARM_GCC_541\Debug\Design01.a(isr_UART_1_Tx.o)
                              .\CortexM3\ARM_GCC_541\Debug\c_uart.o (isr_UART_1_Tx_StartEx)
.\CortexM3\ARM_GCC_541\Debug\Design01.a(isr_UART_1_Rx.o)
                              .\CortexM3\ARM_GCC_541\Debug\c_uart.o (isr_UART_1_Rx_StartEx)
.\CortexM3\ARM_GCC_541\Debug\Design01.a(ADC_1.o)
                              .\CortexM3\ARM_GCC_541\Debug\c_adc.o (ADC_1_Stop)
.\CortexM3\ARM_GCC_541\Debug\Design01.a(ADC_1_INT.o)
                              .\CortexM3\ARM_GCC_541\Debug\Design01.a(ADC_1.o) (ADC_1_ISR)
.\CortexM3\ARM_GCC_541\Debug\Design01.a(ADC_1_PM.o)
                              .\CortexM3\ARM_GCC_541\Debug\main.o (ADC_1_Sleep)
.\CortexM3\ARM_GCC_541\Debug\Design01.a(ADC_2.o)
                              .\CortexM3\ARM_GCC_541\Debug\c_adc.o (ADC_2_Stop)
.\CortexM3\ARM_GCC_541\Debug\Design01.a(ADC_2_INT.o)
                              .\CortexM3\ARM_GCC_541\Debug\Design01.a(ADC_2.o) (ADC_2_ISR)
.\CortexM3\ARM_GCC_541\Debug\Design01.a(ADC_2_PM.o)
                              .\CortexM3\ARM_GCC_541\Debug\main.o (ADC_2_Sleep)
.\CortexM3\ARM_GCC_541\Debug\Design01.a(USBUART.o)
                              .\CortexM3\ARM_GCC_541\Debug\main.o (USBUART_Start)
.\CortexM3\ARM_GCC_541\Debug\Design01.a(USBUART_cdc.o)
                              .\CortexM3\ARM_GCC_541\Debug\mrbc_firm.o (USBUART_CDC_Init)
.\CortexM3\ARM_GCC_541\Debug\Design01.a(USBUART_drv.o)
                              .\CortexM3\ARM_GCC_541\Debug\Design01.a(USBUART.o) (USBUART_lastPacketSize)
.\CortexM3\ARM_GCC_541\Debug\Design01.a(USBUART_episr.o)
                              .\CortexM3\ARM_GCC_541\Debug\Design01.a(USBUART.o) (USBUART_EP_1_ISR)
.\CortexM3\ARM_GCC_541\Debug\Design01.a(USBUART_pm.o)
                              .\CortexM3\ARM_GCC_541\Debug\Design01.a(USBUART.o) (USBUART_DP_ISR)
.\CortexM3\ARM_GCC_541\Debug\Design01.a(USBUART_std.o)
                              .\CortexM3\ARM_GCC_541\Debug\Design01.a(USBUART_pm.o) (USBUART_ConfigReg)
.\CortexM3\ARM_GCC_541\Debug\Design01.a(USBUART_vnd.o)
                              .\CortexM3\ARM_GCC_541\Debug\Design01.a(USBUART_drv.o) (USBUART_HandleVendorRqst)
.\CortexM3\ARM_GCC_541\Debug\Design01.a(Em_EEPROM.o)
                              .\CortexM3\ARM_GCC_541\Debug\main.o (Em_EEPROM_Start)
.\CortexM3\ARM_GCC_541\Debug\Design01.a(isr_Tick.o)
                              .\CortexM3\ARM_GCC_541\Debug\main.o (isr_Tick_StartEx)
.\CortexM3\ARM_GCC_541\Debug\Design01.a(UART_1_IntClock.o)
                              .\CortexM3\ARM_GCC_541\Debug\Design01.a(UART_1.o) (UART_1_IntClock_Start)
.\CortexM3\ARM_GCC_541\Debug\Design01.a(ADC_1_theACLK.o)
                              .\CortexM3\ARM_GCC_541\Debug\Design01.a(ADC_1.o) (ADC_1_theACLK_SetModeRegister)
.\CortexM3\ARM_GCC_541\Debug\Design01.a(ADC_2_theACLK.o)
                              .\CortexM3\ARM_GCC_541\Debug\Design01.a(ADC_2.o) (ADC_2_theACLK_SetModeRegister)
.\CortexM3\ARM_GCC_541\Debug\Design01.a(USBUART_Dp.o)
                              .\CortexM3\ARM_GCC_541\Debug\Design01.a(USBUART.o) (USBUART_Dp_ClearInterrupt)
.\CortexM3\ARM_GCC_541\Debug\Design01.a(LED1.o)
                              .\CortexM3\ARM_GCC_541\Debug\main.o (LED1_Write)
.\CortexM3\ARM_GCC_541\Debug\Design01.a(SW1.o)
                              .\CortexM3\ARM_GCC_541\Debug\standard_io.o (SW1_Read)
.\CortexM3\ARM_GCC_541\Debug\Design01.a(SleepTimer.o)
                              .\CortexM3\ARM_GCC_541\Debug\main.o (SleepTimer_Stop)
[...]
Memory Configuration

Name             Origin             Length             Attributes
rom              0x00000000         0x00040000         xr
ram              0x1fff8000         0x00010000         xrw
*default*        0x00000000         0xffffffff

Linker script and memory map

LOAD c:/program files (x86)/cypress/psoc creator/4.2/psoc creator/import/gnu/arm/5.4.1/bin/../lib/gcc/arm-none-eabi/5.4.1/armv7-m/crti.o
LOAD c:/program files (x86)/cypress/psoc creator/4.2/psoc creator/import/gnu/arm/5.4.1/bin/../lib/gcc/arm-none-eabi/5.4.1/armv7-m/crtbegin.o
LOAD c:/program files (x86)/cypress/psoc creator/4.2/psoc creator/import/gnu/arm/5.4.1/bin/../lib/gcc/arm-none-eabi/5.4.1/../../../../arm-none-eabi/lib/armv7-m/crt0.o
START GROUP
LOAD .\CortexM3\ARM_GCC_541\Debug\main.o
LOAD .\CortexM3\ARM_GCC_541\Debug\c_adc.o
LOAD .\CortexM3\ARM_GCC_541\Debug\standard_io.o
LOAD .\CortexM3\ARM_GCC_541\Debug\alloc.o
LOAD .\CortexM3\ARM_GCC_541\Debug\c_array.o
LOAD .\CortexM3\ARM_GCC_541\Debug\c_hash.o
LOAD .\CortexM3\ARM_GCC_541\Debug\c_i2c.o
LOAD .\CortexM3\ARM_GCC_541\Debug\c_math.o
LOAD .\CortexM3\ARM_GCC_541\Debug\c_numeric.o
LOAD .\CortexM3\ARM_GCC_541\Debug\c_range.o
LOAD .\CortexM3\ARM_GCC_541\Debug\c_string.o
LOAD .\CortexM3\ARM_GCC_541\Debug\c_uart.o
LOAD .\CortexM3\ARM_GCC_541\Debug\class.o
LOAD .\CortexM3\ARM_GCC_541\Debug\console.o
LOAD .\CortexM3\ARM_GCC_541\Debug\global.o
LOAD .\CortexM3\ARM_GCC_541\Debug\keyvalue.o
LOAD .\CortexM3\ARM_GCC_541\Debug\load.o
LOAD .\CortexM3\ARM_GCC_541\Debug\mrbc_firm.o
LOAD .\CortexM3\ARM_GCC_541\Debug\mrblib.o
LOAD .\CortexM3\ARM_GCC_541\Debug\rrt0.o
LOAD .\CortexM3\ARM_GCC_541\Debug\static.o
LOAD .\CortexM3\ARM_GCC_541\Debug\symbol.o
LOAD .\CortexM3\ARM_GCC_541\Debug\uart2.o
LOAD .\CortexM3\ARM_GCC_541\Debug\value.o
LOAD .\CortexM3\ARM_GCC_541\Debug\vm.o
LOAD .\CortexM3\ARM_GCC_541\Debug\cyfitter_cfg.o
LOAD .\CortexM3\ARM_GCC_541\Debug\cymetadata.o
LOAD .\CortexM3\ARM_GCC_541\Debug\Cm3Start.o
LOAD .\CortexM3\ARM_GCC_541\Debug\Design01.a
LOAD C:\Program Files (x86)\Cypress\PSoC Creator\4.2\PSoC Creator\psoc\content\cycomponentlibrary\CyComponentLibrary.cylib\CortexM3\ARM_GCC_541\Debug\CyComponentLibrary.a
LOAD c:/program files (x86)/cypress/psoc creator/4.2/psoc creator/import/gnu/arm/5.4.1/bin/../lib/gcc/arm-none-eabi/5.4.1/../../../../arm-none-eabi/lib/armv7-m\libm.a
END GROUP
START GROUP
LOAD c:/program files (x86)/cypress/psoc creator/4.2/psoc creator/import/gnu/arm/5.4.1/bin/../lib/gcc/arm-none-eabi/5.4.1/armv7-m\libgcc.a
LOAD c:/program files (x86)/cypress/psoc creator/4.2/psoc creator/import/gnu/arm/5.4.1/bin/../lib/gcc/arm-none-eabi/5.4.1/../../../../arm-none-eabi/lib/armv7-m\libg_nano.a
LOAD c:/program files (x86)/cypress/psoc creator/4.2/psoc creator/import/gnu/arm/5.4.1/bin/../lib/gcc/arm-none-eabi/5.4.1/../../../../arm-none-eabi/lib/armv7-m\libc_nano.a
END GROUP
START GROUP
LOAD c:/program files (x86)/cypress/psoc creator/4.2/psoc creator/import/gnu/arm/5.4.1/bin/../lib/gcc/arm-none-eabi/5.4.1/armv7-m\libgcc.a
LOAD c:/program files (x86)/cypress/psoc creator/4.2/psoc creator/import/gnu/arm/5.4.1/bin/../lib/gcc/arm-none-eabi/5.4.1/../../../../arm-none-eabi/lib/armv7-m\libc_nano.a
END GROUP
LOAD c:/program files (x86)/cypress/psoc creator/4.2/psoc creator/import/gnu/arm/5.4.1/bin/../lib/gcc/arm-none-eabi/5.4.1/armv7-m/crtend.o
LOAD c:/program files (x86)/cypress/psoc creator/4.2/psoc creator/import/gnu/arm/5.4.1/bin/../lib/gcc/arm-none-eabi/5.4.1/armv7-m/crtn.o
START GROUP
LOAD c:/program files (x86)/cypress/psoc creator/4.2/psoc creator/import/gnu/arm/5.4.1/bin/../lib/gcc/arm-none-eabi/5.4.1/armv7-m\libgcc.a
LOAD c:/program files (x86)/cypress/psoc creator/4.2/psoc creator/import/gnu/arm/5.4.1/bin/../lib/gcc/arm-none-eabi/5.4.1/../../../../arm-none-eabi/lib/armv7-m\libc.a
LOAD c:/program files (x86)/cypress/psoc creator/4.2/psoc creator/import/gnu/arm/5.4.1/bin/../lib/gcc/arm-none-eabi/5.4.1/../../../../arm-none-eabi/lib/armv7-m\libnosys.a
END GROUP
                0x00000000                CY_APPL_ORIGIN = 0x0
                0x00000100                CY_FLASH_ROW_SIZE = 0x100
                0x00000020                CY_ECC_ROW_SIZE = 0x20
                0x00000000                CY_EE_IN_BTLDR = 0x0
                0x00000000                CY_APPL_LOADABLE = 0x0
                0x00000800                CY_EE_SIZE = 0x800
                0x00000001                CY_APPL_NUM = 0x1
                0x00000001                CY_APPL_MAX = 0x1
                0x00000040                CY_METADATA_SIZE = 0x40
                0x00000000                CY_APPL_LOADABLE = 0x0
                0x00000000                CY_CHECKSUM_EXCLUDE_SIZE = ALIGN (0x0, CY_FLASH_ROW_SIZE)
                [!provide]                PROVIDE (__cy_heap_start, _end)
                0x00000001                PROVIDE (__cy_region_num, ((__cy_regions_end - __cy_regions) / 0x10))
                0x20008000                PROVIDE (__cy_stack, (ORIGIN (ram) + LENGTH (ram)))
                [!provide]                PROVIDE (__cy_heap_end, (__cy_stack - 0x800))

.cybootloader   0x00000000        0x0
 *(.cybootloader)
                0x00000000                appl1_start = CY_APPL_ORIGIN?CY_APPL_ORIGIN:ALIGN (CY_FLASH_ROW_SIZE)
                0x0001ff00                appl2_start = (appl1_start + ALIGN ((((LENGTH (rom) - appl1_start) - (0x2 * CY_FLASH_ROW_SIZE)) / 0x2), CY_FLASH_ROW_SIZE))
                0x00000000                appl_start = (CY_APPL_NUM == 0x1)?appl1_start:appl2_start
                0x00000000                ecc_offset = ((appl_start / CY_FLASH_ROW_SIZE) * CY_ECC_ROW_SIZE)
                0x00000000                ee_offset = (CY_APPL_LOADABLE && ! (CY_EE_IN_BTLDR))?((CY_EE_SIZE / CY_APPL_MAX) * (CY_APPL_NUM - 0x1)):0x0
                0x00000800                ee_size = (CY_APPL_LOADABLE && ! (CY_EE_IN_BTLDR))?(CY_EE_SIZE / CY_APPL_MAX):CY_EE_SIZE
                [!provide]                PROVIDE (CY_ECC_OFFSET, ecc_offset)

.text           0x00000000    0x13494
 CREATE_OBJECT_SYMBOLS
                0x00000000                PROVIDE (__cy_interrupt_vector, RomVectors)
 *(.romvectors)
 .romvectors    0x00000000       0x10 .\CortexM3\ARM_GCC_541\Debug\Cm3Start.o
                0x00000000                RomVectors
                0x00000001                ASSERT ((. != __cy_interrupt_vector), No interrupt vector)
                0x00000001                ASSERT (CY_APPL_ORIGIN?(SIZEOF (.cybootloader) <= CY_APPL_ORIGIN):0x1, Wrong image location)
                0x00000010                PROVIDE (__cy_reset, Reset)
 *(.text.Reset)
 .text.Reset    0x00000010       0x18 .\CortexM3\ARM_GCC_541\Debug\Cm3Start.o
                0x00000010                Reset
                0x00000001                ASSERT ((. != __cy_reset), No reset code)
 *(.dma_init)
                0x00000001                ASSERT ((((appl_start + .) <= 0x10000) || 0x1), DMA Init must be within the first 64k of flash)
 *(.text .text.* .gnu.linkonce.t.*)
 .text          0x00000028       0x5c c:/program files (x86)/cypress/psoc creator/4.2/psoc creator/import/gnu/arm/5.4.1/bin/../lib/gcc/arm-none-eabi/5.4.1/armv7-m/crtbegin.o
 .text.io_new   0x00000084       0x24 .\CortexM3\ARM_GCC_541\Debug\main.o
 .text.p2_new   0x000000a8       0x1c .\CortexM3\ARM_GCC_541\Debug\main.o
 .text.P_byte_Write
                0x000000c4       0x10 .\CortexM3\ARM_GCC_541\Debug\main.o
 .text.P_nibble_Write
                0x000000d4       0x24 .\CortexM3\ARM_GCC_541\Debug\main.o
 .text.isr_Tick
                0x000000f8        0x8 .\CortexM3\ARM_GCC_541\Debug\main.o
                0x000000f8                isr_Tick
 .text.isr_D1   0x00000100        0x8 .\CortexM3\ARM_GCC_541\Debug\main.o
                0x00000100                isr_D1
 .text.isr_SleepTimer
                0x00000108       0x14 .\CortexM3\ARM_GCC_541\Debug\main.o
                0x00000108                isr_SleepTimer
 .text.c_sleep_until_nexttime
                0x0000011c       0x58 .\CortexM3\ARM_GCC_541\Debug\main.o
 .text.c_sleep_set_interval
                0x00000174       0x38 .\CortexM3\ARM_GCC_541\Debug\main.o
 .text.c_hibernate
                0x000001ac       0x34 .\CortexM3\ARM_GCC_541\Debug\main.o
 .text.c_log    0x000001e0       0x20 .\CortexM3\ARM_GCC_541\Debug\main.o
 .text.P_byte_read
                0x00000200       0x1c .\CortexM3\ARM_GCC_541\Debug\main.o
 .text.P_read   0x0000021c       0x3c .\CortexM3\ARM_GCC_541\Debug\main.o
 .text.P_Write  0x00000258       0x38 .\CortexM3\ARM_GCC_541\Debug\main.o
 .text.digital_in
                0x00000290       0x40 .\CortexM3\ARM_GCC_541\Debug\main.o
 .text.digital_out
                0x000002d0       0x40 .\CortexM3\ARM_GCC_541\Debug\main.o
 .text.digital_interrupt
                0x00000310       0x14 .\CortexM3\ARM_GCC_541\Debug\main.o
 .text.hal_write
                0x00000324       0x10 .\CortexM3\ARM_GCC_541\Debug\main.o
                0x00000324                hal_write
 .text._write   0x00000334       0x10 .\CortexM3\ARM_GCC_541\Debug\main.o
                0x00000334                _write
 .text.check_timeout
                0x00000344       0x34 .\CortexM3\ARM_GCC_541\Debug\main.o
                0x00000344                check_timeout
 .text.mrubyc   0x00000378      0x188 .\CortexM3\ARM_GCC_541\Debug\main.o
                0x00000378                mrubyc
 .text.main     0x00000500       0x64 .\CortexM3\ARM_GCC_541\Debug\main.o
                0x00000500                main
 .text.adc_start
                0x00000564        0xc .\CortexM3\ARM_GCC_541\Debug\c_adc.o
 .text.ADC_1_GetResult
                0x00000570       0x18 .\CortexM3\ARM_GCC_541\Debug\c_adc.o
                0x00000570                ADC_1_GetResult
 .text.ADC_2_GetResult
                0x00000588       0x18 .\CortexM3\ARM_GCC_541\Debug\c_adc.o
                0x00000588                ADC_2_GetResult
 .text.adc_get  0x000005a0       0x1c .\CortexM3\ARM_GCC_541\Debug\c_adc.o
 .text.adc_new  0x000005bc       0x30 .\CortexM3\ARM_GCC_541\Debug\c_adc.o
 .text.adc_init_m
                0x000005ec        0x8 .\CortexM3\ARM_GCC_541\Debug\c_adc.o
                0x000005ec                adc_init_m
 .text.mrbc_init_class_adc
                0x000005f4       0x90 .\CortexM3\ARM_GCC_541\Debug\c_adc.o
                0x000005f4                mrbc_init_class_adc
 .text.led_new  0x00000684       0x10 .\CortexM3\ARM_GCC_541\Debug\standard_io.o
 .text.decimal_led_write
                0x00000694       0x14 .\CortexM3\ARM_GCC_541\Debug\standard_io.o
 .text.sw       0x000006a8       0x18 .\CortexM3\ARM_GCC_541\Debug\standard_io.o
 .text.led_write
                0x000006c0       0x60 .\CortexM3\ARM_GCC_541\Debug\standard_io.o
 .text.mrbc_init_class_standard_io
                0x00000720       0x6c .\CortexM3\ARM_GCC_541\Debug\standard_io.o
                0x00000720                mrbc_init_class_standard_io
 .text.merge_block
                0x0000078c       0x44 .\CortexM3\ARM_GCC_541\Debug\alloc.o
 .text.calc_index
                0x000007d0       0x84 .\CortexM3\ARM_GCC_541\Debug\alloc.o
 .text.add_free_block
                0x00000854       0x58 .\CortexM3\ARM_GCC_541\Debug\alloc.o
 .text.remove_index
                0x000008ac       0x64 .\CortexM3\ARM_GCC_541\Debug\alloc.o
 .text.mrbc_init_alloc
                0x00000910       0x54 .\CortexM3\ARM_GCC_541\Debug\alloc.o
                0x00000910                mrbc_init_alloc
 .text.mrbc_raw_alloc
                0x00000964      0x234 .\CortexM3\ARM_GCC_541\Debug\alloc.o
                0x00000964                mrbc_raw_alloc
 .text.mrbc_raw_free
                0x00000b98       0x58 .\CortexM3\ARM_GCC_541\Debug\alloc.o
                0x00000b98                mrbc_raw_free
 .text.mrbc_raw_realloc
                0x00000bf0      0x10c .\CortexM3\ARM_GCC_541\Debug\alloc.o
                0x00000bf0                mrbc_raw_realloc
 .text.mrbc_alloc
                0x00000cfc       0x1c .\CortexM3\ARM_GCC_541\Debug\alloc.o
                0x00000cfc                mrbc_alloc
 .text.mrbc_realloc
                0x00000d18        0xc .\CortexM3\ARM_GCC_541\Debug\alloc.o
                0x00000d18                mrbc_realloc
 .text.mrbc_free
                0x00000d24        0xc .\CortexM3\ARM_GCC_541\Debug\alloc.o
                0x00000d24                mrbc_free
 .text.mrbc_free_all
                0x00000d30       0x44 .\CortexM3\ARM_GCC_541\Debug\alloc.o
                0x00000d30                mrbc_free_all
 .text.mrbc_set_vm_id
                0x00000d74        0x8 .\CortexM3\ARM_GCC_541\Debug\alloc.o
                0x00000d74                mrbc_set_vm_id
 .text.c_array_size
                0x00000d7c       0x18 .\CortexM3\ARM_GCC_541\Debug\c_array.o
 .text.c_array_empty
                0x00000d94       0x24 .\CortexM3\ARM_GCC_541\Debug\c_array.o
 .text.c_array_index
                0x00000db8       0x50 .\CortexM3\ARM_GCC_541\Debug\c_array.o
 .text.c_array_join_1
                0x00000e08       0x8c .\CortexM3\ARM_GCC_541\Debug\c_array.o
 .text.c_array_join
                0x00000e94       0x94 .\CortexM3\ARM_GCC_541\Debug\c_array.o
 .text.mrbc_array_new
                0x00000f28       0x4c .\CortexM3\ARM_GCC_541\Debug\c_array.o
                0x00000f28                mrbc_array_new
 .text.c_array_dup
                0x00000f74       0x58 .\CortexM3\ARM_GCC_541\Debug\c_array.o
 .text.c_array_add
                0x00000fcc       0x98 .\CortexM3\ARM_GCC_541\Debug\c_array.o
 .text.mrbc_array_delete
                0x00001064       0x2c .\CortexM3\ARM_GCC_541\Debug\c_array.o
                0x00001064                mrbc_array_delete
 .text.mrbc_array_clear_vm_id
                0x00001090       0x28 .\CortexM3\ARM_GCC_541\Debug\c_array.o
                0x00001090                mrbc_array_clear_vm_id
 .text.mrbc_array_resize
                0x000010b8       0x1c .\CortexM3\ARM_GCC_541\Debug\c_array.o
                0x000010b8                mrbc_array_resize
 .text.mrbc_array_set
                0x000010d4       0x68 .\CortexM3\ARM_GCC_541\Debug\c_array.o
                0x000010d4                mrbc_array_set
 .text.c_array_set
                0x0000113c       0x34 .\CortexM3\ARM_GCC_541\Debug\c_array.o
 .text.c_array_new
                0x00001170       0xf8 .\CortexM3\ARM_GCC_541\Debug\c_array.o
 .text.mrbc_array_get
                0x00001268       0x3c .\CortexM3\ARM_GCC_541\Debug\c_array.o
                0x00001268                mrbc_array_get
 .text.c_array_inspect
                0x000012a4       0xa8 .\CortexM3\ARM_GCC_541\Debug\c_array.o
 .text.c_array_last
                0x0000134c       0x34 .\CortexM3\ARM_GCC_541\Debug\c_array.o
 .text.c_array_first
                0x00001380       0x30 .\CortexM3\ARM_GCC_541\Debug\c_array.o
 .text.mrbc_array_push
                0x000013b0       0x34 .\CortexM3\ARM_GCC_541\Debug\c_array.o
                0x000013b0                mrbc_array_push
 .text.c_array_push
                0x000013e4       0x14 .\CortexM3\ARM_GCC_541\Debug\c_array.o
 .text.c_array_get
                0x000013f8       0xd8 .\CortexM3\ARM_GCC_541\Debug\c_array.o
 .text.mrbc_array_pop
                0x000014d0       0x30 .\CortexM3\ARM_GCC_541\Debug\c_array.o
                0x000014d0                mrbc_array_pop
 .text.c_array_pop
                0x00001500       0x3c .\CortexM3\ARM_GCC_541\Debug\c_array.o
 .text.mrbc_array_shift
                0x0000153c       0x48 .\CortexM3\ARM_GCC_541\Debug\c_array.o
                0x0000153c                mrbc_array_shift
 .text.c_array_shift
                0x00001584       0x3c .\CortexM3\ARM_GCC_541\Debug\c_array.o
 .text.mrbc_array_insert
                0x000015c0       0x98 .\CortexM3\ARM_GCC_541\Debug\c_array.o
                0x000015c0                mrbc_array_insert
 .text.mrbc_array_unshift
                0x00001658        0xc .\CortexM3\ARM_GCC_541\Debug\c_array.o
                0x00001658                mrbc_array_unshift
 .text.c_array_unshift
                0x00001664       0x14 .\CortexM3\ARM_GCC_541\Debug\c_array.o
 .text.mrbc_array_remove
                0x00001678       0x6c .\CortexM3\ARM_GCC_541\Debug\c_array.o
                0x00001678                mrbc_array_remove
 .text.c_array_delete_at
                0x000016e4       0x2c .\CortexM3\ARM_GCC_541\Debug\c_array.o
 .text.mrbc_array_clear
                0x00001710       0x24 .\CortexM3\ARM_GCC_541\Debug\c_array.o
                0x00001710                mrbc_array_clear
 .text.c_array_clear
                0x00001734        0xc .\CortexM3\ARM_GCC_541\Debug\c_array.o
 .text.mrbc_array_compare
                0x00001740       0x38 .\CortexM3\ARM_GCC_541\Debug\c_array.o
                0x00001740                mrbc_array_compare
 .text.mrbc_array_minmax
                0x00001778       0x5c .\CortexM3\ARM_GCC_541\Debug\c_array.o
                0x00001778                mrbc_array_minmax
 .text.c_array_minmax
                0x000017d4       0x78 .\CortexM3\ARM_GCC_541\Debug\c_array.o
 .text.c_array_max
                0x0000184c       0x40 .\CortexM3\ARM_GCC_541\Debug\c_array.o
 .text.c_array_min
                0x0000188c       0x40 .\CortexM3\ARM_GCC_541\Debug\c_array.o
 .text.mrbc_init_class_array
                0x000018cc      0x21c .\CortexM3\ARM_GCC_541\Debug\c_array.o
                0x000018cc                mrbc_init_class_array
 .text.c_hash_size
                0x00001ae8       0x18 .\CortexM3\ARM_GCC_541\Debug\c_hash.o
 .text.c_hash_has_value
                0x00001b00       0x5c .\CortexM3\ARM_GCC_541\Debug\c_hash.o
 .text.c_hash_empty
                0x00001b5c       0x24 .\CortexM3\ARM_GCC_541\Debug\c_hash.o
 .text.c_hash_key
                0x00001b80       0x70 .\CortexM3\ARM_GCC_541\Debug\c_hash.o
 .text.c_hash_inspect
                0x00001bf0       0xfc .\CortexM3\ARM_GCC_541\Debug\c_hash.o
 .text.c_hash_values
                0x00001cec       0x6c .\CortexM3\ARM_GCC_541\Debug\c_hash.o
 .text.c_hash_keys
                0x00001d58       0x68 .\CortexM3\ARM_GCC_541\Debug\c_hash.o
 .text.mrbc_hash_new
                0x00001dc0       0x4c .\CortexM3\ARM_GCC_541\Debug\c_hash.o
                0x00001dc0                mrbc_hash_new
 .text.c_hash_new
                0x00001e0c       0x2c .\CortexM3\ARM_GCC_541\Debug\c_hash.o
 .text.mrbc_hash_delete
                0x00001e38        0x8 .\CortexM3\ARM_GCC_541\Debug\c_hash.o
                0x00001e38                mrbc_hash_delete
 .text.mrbc_hash_search
                0x00001e40       0x28 .\CortexM3\ARM_GCC_541\Debug\c_hash.o
                0x00001e40                mrbc_hash_search
 .text.c_hash_has_key
                0x00001e68       0x28 .\CortexM3\ARM_GCC_541\Debug\c_hash.o
 .text.mrbc_hash_set
                0x00001e90       0x4c .\CortexM3\ARM_GCC_541\Debug\c_hash.o
                0x00001e90                mrbc_hash_set
 .text.c_hash_merge_self
                0x00001edc       0x4c .\CortexM3\ARM_GCC_541\Debug\c_hash.o
 .text.c_hash_set
                0x00001f28       0x20 .\CortexM3\ARM_GCC_541\Debug\c_hash.o
 .text.mrbc_hash_get
                0x00001f48       0x2c .\CortexM3\ARM_GCC_541\Debug\c_hash.o
                0x00001f48                mrbc_hash_get
 .text.c_hash_get
                0x00001f74       0x38 .\CortexM3\ARM_GCC_541\Debug\c_hash.o
 .text.mrbc_hash_remove
                0x00001fac       0x5c .\CortexM3\ARM_GCC_541\Debug\c_hash.o
                0x00001fac                mrbc_hash_remove
 .text.c_hash_delete
                0x00002008       0x2c .\CortexM3\ARM_GCC_541\Debug\c_hash.o
 .text.mrbc_hash_clear
                0x00002034        0x8 .\CortexM3\ARM_GCC_541\Debug\c_hash.o
                0x00002034                mrbc_hash_clear
 .text.c_hash_clear
                0x0000203c        0xc .\CortexM3\ARM_GCC_541\Debug\c_hash.o
 .text.mrbc_hash_compare
                0x00002048       0x50 .\CortexM3\ARM_GCC_541\Debug\c_hash.o
                0x00002048                mrbc_hash_compare
 .text.mrbc_hash_dup
                0x00002098       0x44 .\CortexM3\ARM_GCC_541\Debug\c_hash.o
                0x00002098                mrbc_hash_dup
 .text.c_hash_merge
                0x000020dc       0x70 .\CortexM3\ARM_GCC_541\Debug\c_hash.o
 .text.c_hash_dup
                0x0000214c       0x2c .\CortexM3\ARM_GCC_541\Debug\c_hash.o
 .text.mrbc_init_class_hash
                0x00002178      0x1a8 .\CortexM3\ARM_GCC_541\Debug\c_hash.o
                0x00002178                mrbc_init_class_hash
 .text.c_i2c_clear_status
                0x00002320       0x10 .\CortexM3\ARM_GCC_541\Debug\c_i2c.o
 .text.c_i2c_status
                0x00002330       0x1c .\CortexM3\ARM_GCC_541\Debug\c_i2c.o
 .text.c_i2c_write
                0x0000234c       0xfc .\CortexM3\ARM_GCC_541\Debug\c_i2c.o
 .text.c_i2c_read
                0x00002448      0x168 .\CortexM3\ARM_GCC_541\Debug\c_i2c.o
 .text.c_i2c_new
                0x000025b0       0x24 .\CortexM3\ARM_GCC_541\Debug\c_i2c.o
 .text.mrbc_init_class_i2c
                0x000025d4       0x84 .\CortexM3\ARM_GCC_541\Debug\c_i2c.o
                0x000025d4                mrbc_init_class_i2c
 .text.shift    0x00002658       0x20 .\CortexM3\ARM_GCC_541\Debug\c_numeric.o
 .text.c_fixnum_abs
                0x00002678        0xc .\CortexM3\ARM_GCC_541\Debug\c_numeric.o
 .text.c_float_abs
                0x00002684       0x24 .\CortexM3\ARM_GCC_541\Debug\c_numeric.o
 .text.c_fixnum_to_s
                0x000026a8       0x68 .\CortexM3\ARM_GCC_541\Debug\c_numeric.o
 .text.c_fixnum_to_f
                0x00002710       0x20 .\CortexM3\ARM_GCC_541\Debug\c_numeric.o
 .text.c_fixnum_rshift
                0x00002730       0x20 .\CortexM3\ARM_GCC_541\Debug\c_numeric.o
 .text.c_fixnum_lshift
                0x00002750       0x1c .\CortexM3\ARM_GCC_541\Debug\c_numeric.o
 .text.c_fixnum_not
                0x0000276c       0x18 .\CortexM3\ARM_GCC_541\Debug\c_numeric.o
 .text.c_fixnum_xor
                0x00002784       0x18 .\CortexM3\ARM_GCC_541\Debug\c_numeric.o
 .text.c_fixnum_or
                0x0000279c       0x18 .\CortexM3\ARM_GCC_541\Debug\c_numeric.o
 .text.c_fixnum_and
                0x000027b4       0x18 .\CortexM3\ARM_GCC_541\Debug\c_numeric.o
 .text.c_fixnum_mod
                0x000027cc       0x20 .\CortexM3\ARM_GCC_541\Debug\c_numeric.o
 .text.c_fixnum_power
                0x000027ec       0x38 .\CortexM3\ARM_GCC_541\Debug\c_numeric.o
 .text.c_fixnum_negative
                0x00002824       0x18 .\CortexM3\ARM_GCC_541\Debug\c_numeric.o
 .text.c_fixnum_bitref
                0x0000283c       0x38 .\CortexM3\ARM_GCC_541\Debug\c_numeric.o
 .text.c_float_to_i
                0x00002874       0x1c .\CortexM3\ARM_GCC_541\Debug\c_numeric.o
 .text.c_float_negative
                0x00002890       0x20 .\CortexM3\ARM_GCC_541\Debug\c_numeric.o
 .text.c_fixnum_chr
                0x000028b0       0x3c .\CortexM3\ARM_GCC_541\Debug\c_numeric.o
 .text.c_float_to_s
                0x000028ec       0x48 .\CortexM3\ARM_GCC_541\Debug\c_numeric.o
 .text.mrbc_init_class_fixnum
                0x00002934      0x160 .\CortexM3\ARM_GCC_541\Debug\c_numeric.o
                0x00002934                mrbc_init_class_fixnum
 .text.mrbc_init_class_float
                0x00002a94       0x98 .\CortexM3\ARM_GCC_541\Debug\c_numeric.o
                0x00002a94                mrbc_init_class_float
 .text.c_range_inspect
                0x00002b2c       0xa8 .\CortexM3\ARM_GCC_541\Debug\c_range.o
 .text.c_range_exclude_end
                0x00002bd4       0x1c .\CortexM3\ARM_GCC_541\Debug\c_range.o
 .text.c_range_last
                0x00002bf0       0x28 .\CortexM3\ARM_GCC_541\Debug\c_range.o
 .text.c_range_first
                0x00002c18       0x28 .\CortexM3\ARM_GCC_541\Debug\c_range.o
 .text.c_range_equal3
                0x00002c40       0x94 .\CortexM3\ARM_GCC_541\Debug\c_range.o
 .text.mrbc_range_new
                0x00002cd4       0x4c .\CortexM3\ARM_GCC_541\Debug\c_range.o
                0x00002cd4                mrbc_range_new
 .text.mrbc_range_delete
                0x00002d20       0x1c .\CortexM3\ARM_GCC_541\Debug\c_range.o
                0x00002d20                mrbc_range_delete
 .text.mrbc_range_clear_vm_id
                0x00002d3c       0x20 .\CortexM3\ARM_GCC_541\Debug\c_range.o
                0x00002d3c                mrbc_range_clear_vm_id
 .text.mrbc_range_compare
                0x00002d5c       0x34 .\CortexM3\ARM_GCC_541\Debug\c_range.o
                0x00002d5c                mrbc_range_compare
 .text.mrbc_init_class_range
                0x00002d90       0x98 .\CortexM3\ARM_GCC_541\Debug\c_range.o
                0x00002d90                mrbc_init_class_range
 .text.is_space
                0x00002e28       0x20 .\CortexM3\ARM_GCC_541\Debug\c_string.o
 .text.tr_find_character
                0x00002e48       0x68 .\CortexM3\ARM_GCC_541\Debug\c_string.o
 .text.tr_get_character
                0x00002eb0       0x4c .\CortexM3\ARM_GCC_541\Debug\c_string.o
 .text.tr_free_pattern
                0x00002efc       0x14 .\CortexM3\ARM_GCC_541\Debug\c_string.o
 .text.tr_parse_pattern
                0x00002f10       0xe0 .\CortexM3\ARM_GCC_541\Debug\c_string.o
 .text.c_string_ord
                0x00002ff0       0x18 .\CortexM3\ARM_GCC_541\Debug\c_string.o
 .text.c_string_size
                0x00003008       0x18 .\CortexM3\ARM_GCC_541\Debug\c_string.o
 .text.c_string_to_f
                0x00003020       0x20 .\CortexM3\ARM_GCC_541\Debug\c_string.o
 .text.c_string_to_sym
                0x00003040       0x30 .\CortexM3\ARM_GCC_541\Debug\c_string.o
 .text.c_string_to_i
                0x00003070       0x2c .\CortexM3\ARM_GCC_541\Debug\c_string.o
 .text.c_string_start_with
                0x0000309c       0x50 .\CortexM3\ARM_GCC_541\Debug\c_string.o
 .text.c_string_end_with
                0x000030ec       0x54 .\CortexM3\ARM_GCC_541\Debug\c_string.o
 .text.tr_main  0x00003140       0xc0 .\CortexM3\ARM_GCC_541\Debug\c_string.o
 .text.c_string_tr_self
                0x00003200       0x18 .\CortexM3\ARM_GCC_541\Debug\c_string.o
 .text.c_string_insert
                0x00003218       0xe0 .\CortexM3\ARM_GCC_541\Debug\c_string.o
 .text.mrbc_string_new
                0x000032f8       0x68 .\CortexM3\ARM_GCC_541\Debug\c_string.o
                0x000032f8                mrbc_string_new
 .text.c_string_slice
                0x00003360       0xf0 .\CortexM3\ARM_GCC_541\Debug\c_string.o
 .text.c_string_mul
                0x00003450       0x88 .\CortexM3\ARM_GCC_541\Debug\c_string.o
 .text.mrbc_string_new_cstr
                0x000034d8       0x24 .\CortexM3\ARM_GCC_541\Debug\c_string.o
                0x000034d8                mrbc_string_new_cstr
 .text.mrbc_string_new_alloc
                0x000034fc       0x34 .\CortexM3\ARM_GCC_541\Debug\c_string.o
                0x000034fc                mrbc_string_new_alloc
 .text.c_object_sprintf
                0x00003530      0x244 .\CortexM3\ARM_GCC_541\Debug\c_string.o
 .text.c_object_printf
                0x00003774       0x20 .\CortexM3\ARM_GCC_541\Debug\c_string.o
 .text.mrbc_string_delete
                0x00003794       0x14 .\CortexM3\ARM_GCC_541\Debug\c_string.o
                0x00003794                mrbc_string_delete
 .text.mrbc_string_clear_vm_id
                0x000037a8       0x18 .\CortexM3\ARM_GCC_541\Debug\c_string.o
                0x000037a8                mrbc_string_clear_vm_id
 .text.mrbc_string_dup
                0x000037c0       0x24 .\CortexM3\ARM_GCC_541\Debug\c_string.o
                0x000037c0                mrbc_string_dup
 .text.c_string_tr
                0x000037e4       0x40 .\CortexM3\ARM_GCC_541\Debug\c_string.o
 .text.c_string_dup
                0x00003824       0x2c .\CortexM3\ARM_GCC_541\Debug\c_string.o
 .text.mrbc_string_add
                0x00003850       0x38 .\CortexM3\ARM_GCC_541\Debug\c_string.o
                0x00003850                mrbc_string_add
 .text.c_string_add
                0x00003888       0x48 .\CortexM3\ARM_GCC_541\Debug\c_string.o
 .text.mrbc_string_append
                0x000038d0       0x68 .\CortexM3\ARM_GCC_541\Debug\c_string.o
                0x000038d0                mrbc_string_append
 .text.c_string_append
                0x00003938        0xc .\CortexM3\ARM_GCC_541\Debug\c_string.o
 .text.mrbc_string_append_cstr
                0x00003944       0x44 .\CortexM3\ARM_GCC_541\Debug\c_string.o
                0x00003944                mrbc_string_append_cstr
 .text.c_string_inspect
                0x00003988       0x94 .\CortexM3\ARM_GCC_541\Debug\c_string.o
 .text.mrbc_string_index
                0x00003a1c       0x40 .\CortexM3\ARM_GCC_541\Debug\c_string.o
                0x00003a1c                mrbc_string_index
 .text.c_string_include
                0x00003a5c       0x40 .\CortexM3\ARM_GCC_541\Debug\c_string.o
 .text.c_string_split
                0x00003a9c      0x1f8 .\CortexM3\ARM_GCC_541\Debug\c_string.o
 .text.c_string_index
                0x00003c94       0x50 .\CortexM3\ARM_GCC_541\Debug\c_string.o
 .text.mrbc_string_strip
                0x00003ce4       0x80 .\CortexM3\ARM_GCC_541\Debug\c_string.o
                0x00003ce4                mrbc_string_strip
 .text.c_string_strip_self
                0x00003d64       0x34 .\CortexM3\ARM_GCC_541\Debug\c_string.o
 .text.c_string_strip
                0x00003d98       0x34 .\CortexM3\ARM_GCC_541\Debug\c_string.o
 .text.c_string_rstrip_self
                0x00003dcc       0x34 .\CortexM3\ARM_GCC_541\Debug\c_string.o
 .text.c_string_rstrip
                0x00003e00       0x34 .\CortexM3\ARM_GCC_541\Debug\c_string.o
 .text.c_string_lstrip_self
                0x00003e34       0x34 .\CortexM3\ARM_GCC_541\Debug\c_string.o
 .text.c_string_lstrip
                0x00003e68       0x34 .\CortexM3\ARM_GCC_541\Debug\c_string.o
 .text.mrbc_string_chomp
                0x00003e9c       0x38 .\CortexM3\ARM_GCC_541\Debug\c_string.o
                0x00003e9c                mrbc_string_chomp
 .text.c_string_chomp_self
                0x00003ed4       0x30 .\CortexM3\ARM_GCC_541\Debug\c_string.o
 .text.c_string_chomp
                0x00003f04       0x34 .\CortexM3\ARM_GCC_541\Debug\c_string.o
 .text.mrbc_init_class_string
                0x00003f38      0x29c .\CortexM3\ARM_GCC_541\Debug\c_string.o
                0x00003f38                mrbc_init_class_string
 .text.isr_UART_1_Tx
                0x000041d4       0x10 .\CortexM3\ARM_GCC_541\Debug\c_uart.o
                0x000041d4                isr_UART_1_Tx
 .text.isr_UART_1_Rx
                0x000041e4       0x10 .\CortexM3\ARM_GCC_541\Debug\c_uart.o
                0x000041e4                isr_UART_1_Rx
 .text.c_uart_clear_rx_buffer
                0x000041f4        0xc .\CortexM3\ARM_GCC_541\Debug\c_uart.o
 .text.c_uart_clear_tx_buffer
                0x00004200        0xc .\CortexM3\ARM_GCC_541\Debug\c_uart.o
 .text.c_uart_puts
                0x0000420c       0x20 .\CortexM3\ARM_GCC_541\Debug\c_uart.o
 .text.c_uart_gets
                0x0000422c       0x94 .\CortexM3\ARM_GCC_541\Debug\c_uart.o
 .text.c_uart_write
                0x000042c0       0x38 .\CortexM3\ARM_GCC_541\Debug\c_uart.o
 .text.c_uart_read
                0x000042f8       0x80 .\CortexM3\ARM_GCC_541\Debug\c_uart.o
 .text.c_uart_new
                0x00004378       0x60 .\CortexM3\ARM_GCC_541\Debug\c_uart.o
 .text.mrbc_init_class_uart
                0x000043d8      0x10c .\CortexM3\ARM_GCC_541\Debug\c_uart.o
                0x000043d8                mrbc_init_class_uart
 .text.c_nil_false_not
                0x000044e4        0x8 .\CortexM3\ARM_GCC_541\Debug\class.o
 .text.c_ineffect
                0x000044ec        0x4 .\CortexM3\ARM_GCC_541\Debug\class.o
                0x000044ec                c_ineffect
 .text.c_proc_call
                0x000044f0       0x1c .\CortexM3\ARM_GCC_541\Debug\class.o
                0x000044f0                c_proc_call
 .text.c_nil_inspect
                0x0000450c       0x20 .\CortexM3\ARM_GCC_541\Debug\class.o
 .text.c_false_to_s
                0x0000452c       0x20 .\CortexM3\ARM_GCC_541\Debug\class.o
 .text.c_true_to_s
                0x0000454c       0x20 .\CortexM3\ARM_GCC_541\Debug\class.o
 .text.c_object_not
                0x0000456c       0x10 .\CortexM3\ARM_GCC_541\Debug\class.o
 .text.c_proc_to_s
                0x0000457c       0x5c .\CortexM3\ARM_GCC_541\Debug\class.o
 .text.c_object_to_s
                0x000045d8       0xb0 .\CortexM3\ARM_GCC_541\Debug\class.o
 .text.c_object_kind_of
                0x00004688       0x2c .\CortexM3\ARM_GCC_541\Debug\class.o
 .text.c_object_setiv
                0x000046b4       0x48 .\CortexM3\ARM_GCC_541\Debug\class.o
 .text.c_object_getiv
                0x000046fc       0x34 .\CortexM3\ARM_GCC_541\Debug\class.o
 .text.c_object_new
                0x00004730       0xe8 .\CortexM3\ARM_GCC_541\Debug\class.o
 .text.c_object_equal3
                0x00004818       0x3c .\CortexM3\ARM_GCC_541\Debug\class.o
 .text.c_object_compare
                0x00004854       0x1c .\CortexM3\ARM_GCC_541\Debug\class.o
 .text.c_object_neq
                0x00004870       0x20 .\CortexM3\ARM_GCC_541\Debug\class.o
 .text.c_object_alias_method
                0x00004890       0x60 .\CortexM3\ARM_GCC_541\Debug\class.o
 .text.c_nil_to_s
                0x000048f0       0x20 .\CortexM3\ARM_GCC_541\Debug\class.o
 .text.mrbc_run_mrblib
                0x00004910       0x34 .\CortexM3\ARM_GCC_541\Debug\class.o
 .text.find_class_by_object
                0x00004944       0xac .\CortexM3\ARM_GCC_541\Debug\class.o
                0x00004944                find_class_by_object
 .text.c_object_class
                0x000049f0       0x38 .\CortexM3\ARM_GCC_541\Debug\class.o
 .text.mrbc_print_sub
                0x00004a28      0x264 .\CortexM3\ARM_GCC_541\Debug\class.o
 .text.c_object_print
                0x00004c8c       0x1c .\CortexM3\ARM_GCC_541\Debug\class.o
 .text.mrbc_p_sub
                0x00004ca8      0x11c .\CortexM3\ARM_GCC_541\Debug\class.o
 .text.mrbc_puts_sub
                0x00004dc4       0x4c .\CortexM3\ARM_GCC_541\Debug\class.o
 .text.c_object_puts
                0x00004e10       0x48 .\CortexM3\ARM_GCC_541\Debug\class.o
 .text.find_method
                0x00004e58       0x28 .\CortexM3\ARM_GCC_541\Debug\class.o
                0x00004e58                find_method
 .text.mrbc_define_class
                0x00004e80       0x7c .\CortexM3\ARM_GCC_541\Debug\class.o
                0x00004e80                mrbc_define_class
 .text.mrbc_define_method
                0x00004efc       0x28 .\CortexM3\ARM_GCC_541\Debug\class.o
                0x00004efc                mrbc_define_method
 .text.mrbc_init_class_object
                0x00004f24      0x158 .\CortexM3\ARM_GCC_541\Debug\class.o
 .text.c_object_attr_accessor
                0x0000507c       0x88 .\CortexM3\ARM_GCC_541\Debug\class.o
 .text.c_object_attr_reader
                0x00005104       0x38 .\CortexM3\ARM_GCC_541\Debug\class.o
 .text.mrbc_init_class_nil
                0x0000513c       0x5c .\CortexM3\ARM_GCC_541\Debug\class.o
 .text.mrbc_init_class_proc
                0x00005198       0x5c .\CortexM3\ARM_GCC_541\Debug\class.o
 .text.mrbc_init_class_false
                0x000051f4       0x5c .\CortexM3\ARM_GCC_541\Debug\class.o
 .text.mrbc_init_class_true
                0x00005250       0x48 .\CortexM3\ARM_GCC_541\Debug\class.o
 .text.mrbc_send
                0x00005298       0xfc .\CortexM3\ARM_GCC_541\Debug\class.o
                0x00005298                mrbc_send
 .text.mrbc_init_class
                0x00005394       0x50 .\CortexM3\ARM_GCC_541\Debug\class.o
                0x00005394                mrbc_init_class
 .text.mrbc_printf_main
                0x000053e4       0xec .\CortexM3\ARM_GCC_541\Debug\console.o
                0x000053e4                mrbc_printf_main
 .text.mrbc_printf_char
                0x000054d0       0x64 .\CortexM3\ARM_GCC_541\Debug\console.o
                0x000054d0                mrbc_printf_char
 .text.mrbc_printf_bstr
                0x00005534       0x8c .\CortexM3\ARM_GCC_541\Debug\console.o
                0x00005534                mrbc_printf_bstr
 .text.mrbc_printf_int
                0x000055c0       0xd8 .\CortexM3\ARM_GCC_541\Debug\console.o
                0x000055c0                mrbc_printf_int
 .text.mrbc_printf_float
                0x00005698       0x50 .\CortexM3\ARM_GCC_541\Debug\console.o
                0x00005698                mrbc_printf_float
 .text.console_printf
                0x000056e8      0x128 .\CortexM3\ARM_GCC_541\Debug\console.o
                0x000056e8                console_printf
 .text.mrbc_printf_replace_buffer
                0x00005810       0x18 .\CortexM3\ARM_GCC_541\Debug\console.o
                0x00005810                mrbc_printf_replace_buffer
 .text.search_global_object
                0x00005828       0x44 .\CortexM3\ARM_GCC_541\Debug\global.o
 .text.mrbc_init_global
                0x0000586c       0x10 .\CortexM3\ARM_GCC_541\Debug\global.o
                0x0000586c                mrbc_init_global
 .text.global_object_add
                0x0000587c       0x80 .\CortexM3\ARM_GCC_541\Debug\global.o
                0x0000587c                global_object_add
 .text.const_object_add
                0x000058fc       0x74 .\CortexM3\ARM_GCC_541\Debug\global.o
                0x000058fc                const_object_add
 .text.global_object_get
                0x00005970       0x48 .\CortexM3\ARM_GCC_541\Debug\global.o
                0x00005970                global_object_get
 .text.const_object_get
                0x000059b8       0x54 .\CortexM3\ARM_GCC_541\Debug\global.o
                0x000059b8                const_object_get
 .text.mrbc_global_clear_vm_id
                0x00005a0c       0x28 .\CortexM3\ARM_GCC_541\Debug\global.o
                0x00005a0c                mrbc_global_clear_vm_id
 .text.binary_search
                0x00005a34       0x3c .\CortexM3\ARM_GCC_541\Debug\keyvalue.o
 .text.mrbc_kv_new
                0x00005a70       0x38 .\CortexM3\ARM_GCC_541\Debug\keyvalue.o
                0x00005a70                mrbc_kv_new
 .text.mrbc_kv_resize
                0x00005aa8       0x20 .\CortexM3\ARM_GCC_541\Debug\keyvalue.o
                0x00005aa8                mrbc_kv_resize
 .text.mrbc_kv_set
                0x00005ac8       0xac .\CortexM3\ARM_GCC_541\Debug\keyvalue.o
                0x00005ac8                mrbc_kv_set
 .text.mrbc_kv_get
                0x00005b74       0x2c .\CortexM3\ARM_GCC_541\Debug\keyvalue.o
                0x00005b74                mrbc_kv_get
 .text.mrbc_kv_clear
                0x00005ba0       0x28 .\CortexM3\ARM_GCC_541\Debug\keyvalue.o
                0x00005ba0                mrbc_kv_clear
 .text.mrbc_kv_delete
                0x00005bc8       0x18 .\CortexM3\ARM_GCC_541\Debug\keyvalue.o
                0x00005bc8                mrbc_kv_delete
 .text.load_lvar
                0x00005be0       0x28 .\CortexM3\ARM_GCC_541\Debug\load.o
 .text.load_header
                0x00005c08       0x74 .\CortexM3\ARM_GCC_541\Debug\load.o
 .text.load_irep_1
                0x00005c7c      0x1cc .\CortexM3\ARM_GCC_541\Debug\load.o
 .text.load_irep_0
                0x00005e48       0x38 .\CortexM3\ARM_GCC_541\Debug\load.o
 .text.load_irep
                0x00005e80       0x78 .\CortexM3\ARM_GCC_541\Debug\load.o
 .text.mrbc_load_mrb
                0x00005ef8       0x6c .\CortexM3\ARM_GCC_541\Debug\load.o
                0x00005ef8                mrbc_load_mrb
 .text.usbuart_clear
                0x00005f64       0x14 .\CortexM3\ARM_GCC_541\Debug\mrbc_firm.o
                0x00005f64                usbuart_clear
 .text.usbuart_can_read_line
                0x00005f78        0xc .\CortexM3\ARM_GCC_541\Debug\mrbc_firm.o
                0x00005f78                usbuart_can_read_line
 .text.usbuart_size
                0x00005f84       0x10 .\CortexM3\ARM_GCC_541\Debug\mrbc_firm.o
                0x00005f84                usbuart_size
 .text.usbuart_cstr
                0x00005f94        0x8 .\CortexM3\ARM_GCC_541\Debug\mrbc_firm.o
                0x00005f94                usbuart_cstr
 .text.usbuart_put_string
                0x00005f9c       0x14 .\CortexM3\ARM_GCC_541\Debug\mrbc_firm.o
                0x00005f9c                usbuart_put_string
 .text.usbuart_write
                0x00005fb0       0x3c .\CortexM3\ARM_GCC_541\Debug\mrbc_firm.o
                0x00005fb0                usbuart_write
 .text.usbuart_event
                0x00005fec       0x84 .\CortexM3\ARM_GCC_541\Debug\mrbc_firm.o
                0x00005fec                usbuart_event
 .text.usbuart_read
                0x00006070       0x6c .\CortexM3\ARM_GCC_541\Debug\mrbc_firm.o
                0x00006070                usbuart_read
 .text.write_bytecode
                0x000060dc       0xa4 .\CortexM3\ARM_GCC_541\Debug\mrbc_firm.o
 .text.mode_monitor
                0x00006180      0x134 .\CortexM3\ARM_GCC_541\Debug\mrbc_firm.o
                0x00006180                mode_monitor
 .text.q_delete_task
                0x000062b4       0x78 .\CortexM3\ARM_GCC_541\Debug\rrt0.o
 .text.q_insert_task
                0x0000632c       0x98 .\CortexM3\ARM_GCC_541\Debug\rrt0.o
 .text.c_vm_tick
                0x000063c4       0x1c .\CortexM3\ARM_GCC_541\Debug\rrt0.o
 .text.c_get_tcb
                0x000063e0       0x34 .\CortexM3\ARM_GCC_541\Debug\rrt0.o
 .text.mrbc_tick
                0x00006414       0x7c .\CortexM3\ARM_GCC_541\Debug\rrt0.o
                0x00006414                mrbc_tick
 .text.mrbc_init
                0x00006490      0x120 .\CortexM3\ARM_GCC_541\Debug\rrt0.o
                0x00006490                mrbc_init
 .text.mrbc_init_tcb
                0x000065b0       0x1c .\CortexM3\ARM_GCC_541\Debug\rrt0.o
                0x000065b0                mrbc_init_tcb
 .text.mrbc_create_task
                0x000065cc       0x74 .\CortexM3\ARM_GCC_541\Debug\rrt0.o
                0x000065cc                mrbc_create_task
 .text.mrbc_run
                0x00006640       0x70 .\CortexM3\ARM_GCC_541\Debug\rrt0.o
                0x00006640                mrbc_run
 .text.mrbc_sleep_ms
                0x000066b0       0x34 .\CortexM3\ARM_GCC_541\Debug\rrt0.o
                0x000066b0                mrbc_sleep_ms
 .text.c_sleep_ms
                0x000066e4        0xc .\CortexM3\ARM_GCC_541\Debug\rrt0.o
 .text.mrbc_relinquish
                0x000066f0        0xc .\CortexM3\ARM_GCC_541\Debug\rrt0.o
                0x000066f0                mrbc_relinquish
 .text.c_relinquish
                0x000066fc        0xc .\CortexM3\ARM_GCC_541\Debug\rrt0.o
 .text.mrbc_change_priority
                0x00006708       0x14 .\CortexM3\ARM_GCC_541\Debug\rrt0.o
                0x00006708                mrbc_change_priority
 .text.c_change_priority
                0x0000671c        0xc .\CortexM3\ARM_GCC_541\Debug\rrt0.o
 .text.mrbc_suspend_task
                0x00006728       0x20 .\CortexM3\ARM_GCC_541\Debug\rrt0.o
                0x00006728                mrbc_suspend_task
 .text.c_suspend_task
                0x00006748       0x20 .\CortexM3\ARM_GCC_541\Debug\rrt0.o
 .text.c_sleep  0x00006768       0x50 .\CortexM3\ARM_GCC_541\Debug\rrt0.o
 .text.mrbc_resume_task
                0x000067b8       0x38 .\CortexM3\ARM_GCC_541\Debug\rrt0.o
                0x000067b8                mrbc_resume_task
 .text.c_resume_task
                0x000067f0       0x14 .\CortexM3\ARM_GCC_541\Debug\rrt0.o
 .text.mrbc_mutex_init
                0x00006804       0x20 .\CortexM3\ARM_GCC_541\Debug\rrt0.o
                0x00006804                mrbc_mutex_init
 .text.c_mutex_new
                0x00006824       0x28 .\CortexM3\ARM_GCC_541\Debug\rrt0.o
 .text.mrbc_mutex_lock
                0x0000684c       0x44 .\CortexM3\ARM_GCC_541\Debug\rrt0.o
                0x0000684c                mrbc_mutex_lock
 .text.c_mutex_lock
                0x00006890       0x30 .\CortexM3\ARM_GCC_541\Debug\rrt0.o
 .text.mrbc_mutex_unlock
                0x000068c0       0x74 .\CortexM3\ARM_GCC_541\Debug\rrt0.o
                0x000068c0                mrbc_mutex_unlock
 .text.c_mutex_unlock
                0x00006934       0x30 .\CortexM3\ARM_GCC_541\Debug\rrt0.o
 .text.mrbc_mutex_trylock
                0x00006964       0x18 .\CortexM3\ARM_GCC_541\Debug\rrt0.o
                0x00006964                mrbc_mutex_trylock
 .text.c_mutex_trylock
                0x0000697c       0x2c .\CortexM3\ARM_GCC_541\Debug\rrt0.o
 .text.init_static
                0x000069a8        0xc .\CortexM3\ARM_GCC_541\Debug\static.o
                0x000069a8                init_static
 .text.search_index
                0x000069b4       0x54 .\CortexM3\ARM_GCC_541\Debug\symbol.o
 .text.add_index
                0x00006a08       0x90 .\CortexM3\ARM_GCC_541\Debug\symbol.o
 .text.c_all_symbols
                0x00006a98       0x5c .\CortexM3\ARM_GCC_541\Debug\symbol.o
 .text.calc_hash
                0x00006af4       0x20 .\CortexM3\ARM_GCC_541\Debug\symbol.o
                0x00006af4                calc_hash
 .text.mrbc_symbol_new
                0x00006b14       0x58 .\CortexM3\ARM_GCC_541\Debug\symbol.o
                0x00006b14                mrbc_symbol_new
 .text.str_to_symid
                0x00006b6c       0x24 .\CortexM3\ARM_GCC_541\Debug\symbol.o
                0x00006b6c                str_to_symid
 .text.symid_to_str
                0x00006b90       0x28 .\CortexM3\ARM_GCC_541\Debug\symbol.o
                0x00006b90                symid_to_str
 .text.c_to_s   0x00006bb8       0x28 .\CortexM3\ARM_GCC_541\Debug\symbol.o
 .text.c_inspect
                0x00006be0       0x34 .\CortexM3\ARM_GCC_541\Debug\symbol.o
 .text.mrbc_init_class_symbol
                0x00006c14       0x84 .\CortexM3\ARM_GCC_541\Debug\symbol.o
                0x00006c14                mrbc_init_class_symbol
 .text.uart_isr_tx
                0x00006c98       0x40 .\CortexM3\ARM_GCC_541\Debug\uart2.o
                0x00006c98                uart_isr_tx
 .text.uart_isr_rx
                0x00006cd8       0x6c .\CortexM3\ARM_GCC_541\Debug\uart2.o
                0x00006cd8                uart_isr_rx
 .text.uart_init_m
                0x00006d44       0x60 .\CortexM3\ARM_GCC_541\Debug\uart2.o
                0x00006d44                uart_init_m
 .text.uart_clear_tx_buffer
                0x00006da4        0xc .\CortexM3\ARM_GCC_541\Debug\uart2.o
                0x00006da4                uart_clear_tx_buffer
 .text.uart_clear_rx_buffer
                0x00006db0       0x14 .\CortexM3\ARM_GCC_541\Debug\uart2.o
                0x00006db0                uart_clear_rx_buffer
 .text.uart_write
                0x00006dc4       0x4c .\CortexM3\ARM_GCC_541\Debug\uart2.o
                0x00006dc4                uart_write
 .text.uart_read
                0x00006e10       0x4c .\CortexM3\ARM_GCC_541\Debug\uart2.o
                0x00006e10                uart_read
 .text.uart_puts
                0x00006e5c       0x18 .\CortexM3\ARM_GCC_541\Debug\uart2.o
                0x00006e5c                uart_puts
 .text.uart_gets
                0x00006e74       0x5c .\CortexM3\ARM_GCC_541\Debug\uart2.o
                0x00006e74                uart_gets
 .text.uart_bytes_available
                0x00006ed0       0x28 .\CortexM3\ARM_GCC_541\Debug\uart2.o
                0x00006ed0                uart_bytes_available
 .text.uart_can_read_line
                0x00006ef8       0x30 .\CortexM3\ARM_GCC_541\Debug\uart2.o
                0x00006ef8                uart_can_read_line
 .text.mrbc_obj_alloc
                0x00006f28       0x14 .\CortexM3\ARM_GCC_541\Debug\value.o
                0x00006f28                mrbc_obj_alloc
 .text.mrbc_rproc_alloc
                0x00006f3c       0x24 .\CortexM3\ARM_GCC_541\Debug\value.o
                0x00006f3c                mrbc_rproc_alloc
 .text.mrbc_compare
                0x00006f60      0x138 .\CortexM3\ARM_GCC_541\Debug\value.o
                0x00006f60                mrbc_compare
 .text.mrbc_obj_is_kind_of
                0x00007098       0x20 .\CortexM3\ARM_GCC_541\Debug\value.o
                0x00007098                mrbc_obj_is_kind_of
 .text.mrbc_dup
                0x000070b8       0x44 .\CortexM3\ARM_GCC_541\Debug\value.o
                0x000070b8                mrbc_dup
 .text.mrbc_clear_vm_id
                0x000070fc       0x2c .\CortexM3\ARM_GCC_541\Debug\value.o
                0x000070fc                mrbc_clear_vm_id
 .text.mrbc_atoi
                0x00007128       0x5c .\CortexM3\ARM_GCC_541\Debug\value.o
                0x00007128                mrbc_atoi
 .text.mrbc_irep_alloc
                0x00007184       0x20 .\CortexM3\ARM_GCC_541\Debug\value.o
                0x00007184                mrbc_irep_alloc
 .text.mrbc_irep_free
                0x000071a4       0x48 .\CortexM3\ARM_GCC_541\Debug\value.o
                0x000071a4                mrbc_irep_free
 .text.mrbc_instance_new
                0x000071ec       0x4c .\CortexM3\ARM_GCC_541\Debug\value.o
                0x000071ec                mrbc_instance_new
 .text.mrbc_instance_delete
                0x00007238       0x14 .\CortexM3\ARM_GCC_541\Debug\value.o
                0x00007238                mrbc_instance_delete
 .text.mrbc_dec_ref_counter
                0x0000724c       0x70 .\CortexM3\ARM_GCC_541\Debug\value.o
                0x0000724c                mrbc_dec_ref_counter
 .text.mrbc_release
                0x000072bc       0x10 .\CortexM3\ARM_GCC_541\Debug\value.o
                0x000072bc                mrbc_release
 .text.mrbc_instance_setiv
                0x000072cc       0x1c .\CortexM3\ARM_GCC_541\Debug\value.o
                0x000072cc                mrbc_instance_setiv
 .text.mrbc_instance_getiv
                0x000072e8       0x34 .\CortexM3\ARM_GCC_541\Debug\value.o
                0x000072e8                mrbc_instance_getiv
 .text.not_supported
                0x0000731c       0x10 .\CortexM3\ARM_GCC_541\Debug\vm.o
 .text.mrbc_get_irep_symbol
                0x0000732c       0x40 .\CortexM3\ARM_GCC_541\Debug\vm.o
                0x0000732c                mrbc_get_irep_symbol
 .text.mrbc_get_callee_name
                0x0000736c       0x2c .\CortexM3\ARM_GCC_541\Debug\vm.o
                0x0000736c                mrbc_get_callee_name
 .text.mrbc_push_callinfo
                0x00007398       0x30 .\CortexM3\ARM_GCC_541\Debug\vm.o
                0x00007398                mrbc_push_callinfo
 .text.mrbc_vm_open
                0x000073c8       0xa8 .\CortexM3\ARM_GCC_541\Debug\vm.o
                0x000073c8                mrbc_vm_open
 .text.mrbc_vm_close
                0x00007470       0x74 .\CortexM3\ARM_GCC_541\Debug\vm.o
                0x00007470                mrbc_vm_close
 .text.mrbc_vm_begin
                0x000074e4       0x50 .\CortexM3\ARM_GCC_541\Debug\vm.o
                0x000074e4                mrbc_vm_begin
 .text.mrbc_vm_end
                0x00007534       0x10 .\CortexM3\ARM_GCC_541\Debug\vm.o
                0x00007534                mrbc_vm_end
 .text.mrbc_vm_run
                0x00007544     0x170c .\CortexM3\ARM_GCC_541\Debug\vm.o
                0x00007544                mrbc_vm_run
 .text.CyClockStartupError
                0x00008c50        0x4 .\CortexM3\ARM_GCC_541\Debug\cyfitter_cfg.o
 .text.cfg_write_bytes32
                0x00008c54       0x34 .\CortexM3\ARM_GCC_541\Debug\cyfitter_cfg.o
 .text.CYMEMZERO
                0x00008c88        0xc .\CortexM3\ARM_GCC_541\Debug\cyfitter_cfg.o
 .text.AnalogSetDefault
                0x00008c94       0x9c .\CortexM3\ARM_GCC_541\Debug\cyfitter_cfg.o
 .text.CYCONFIGCPY
                0x00008d30        0x8 .\CortexM3\ARM_GCC_541\Debug\cyfitter_cfg.o
 .text.ClockSetup
                0x00008d38       0xf8 .\CortexM3\ARM_GCC_541\Debug\cyfitter_cfg.o
 .text.cyfitter_cfg
                0x00008e30      0x14c .\CortexM3\ARM_GCC_541\Debug\cyfitter_cfg.o
                0x00008e30                cyfitter_cfg
 .text.IntDefaultHandler
                0x00008f7c       0x10 .\CortexM3\ARM_GCC_541\Debug\Cm3Start.o
                0x00008f7c                IntDefaultHandler
 .text._exit    0x00008f8c        0xc .\CortexM3\ARM_GCC_541\Debug\Cm3Start.o
                0x00008f8c                _exit
 .text._sbrk    0x00008f98       0x30 .\CortexM3\ARM_GCC_541\Debug\Cm3Start.o
                0x00008f98                _sbrk
 .text.Start_c  0x00008fc8       0x4c .\CortexM3\ARM_GCC_541\Debug\Cm3Start.o
                0x00008fc8                Start_c
 .text.initialize_psoc
                0x00009014       0x68 .\CortexM3\ARM_GCC_541\Debug\Cm3Start.o
                0x00009014                initialize_psoc
 .text.CyUSB_PowerOnCheck
                0x0000907c       0x48 .\CortexM3\ARM_GCC_541\Debug\Design01.a(CyLib.o)
 .text.CyBusClk_Internal_SetDivider
                0x000090c4       0x48 .\CortexM3\ARM_GCC_541\Debug\Design01.a(CyLib.o)
 .text.CyPLL_OUT_Stop
                0x0000910c       0x10 .\CortexM3\ARM_GCC_541\Debug\Design01.a(CyLib.o)
                0x0000910c                CyPLL_OUT_Stop
 .text.CyIMO_Stop
                0x0000911c       0x1c .\CortexM3\ARM_GCC_541\Debug\Design01.a(CyLib.o)
                0x0000911c                CyIMO_Stop
 .text.CyIMO_EnableDoubler
                0x00009138       0x10 .\CortexM3\ARM_GCC_541\Debug\Design01.a(CyLib.o)
                0x00009138                CyIMO_EnableDoubler
 .text.CyIMO_DisableDoubler
                0x00009148       0x10 .\CortexM3\ARM_GCC_541\Debug\Design01.a(CyLib.o)
                0x00009148                CyIMO_DisableDoubler
 .text.CyMasterClk_SetSource
                0x00009158       0x18 .\CortexM3\ARM_GCC_541\Debug\Design01.a(CyLib.o)
                0x00009158                CyMasterClk_SetSource
 .text.CyMasterClk_SetDivider
                0x00009170        0xc .\CortexM3\ARM_GCC_541\Debug\Design01.a(CyLib.o)
                0x00009170                CyMasterClk_SetDivider
 .text.CyBusClk_SetDivider
                0x0000917c       0x70 .\CortexM3\ARM_GCC_541\Debug\Design01.a(CyLib.o)
                0x0000917c                CyBusClk_SetDivider
 .text.CyILO_Start1K
                0x000091ec       0x10 .\CortexM3\ARM_GCC_541\Debug\Design01.a(CyLib.o)
                0x000091ec                CyILO_Start1K
 .text.CyILO_Start100K
                0x000091fc       0x10 .\CortexM3\ARM_GCC_541\Debug\Design01.a(CyLib.o)
                0x000091fc                CyILO_Start100K
 .text.CyILO_Stop100K
                0x0000920c       0x10 .\CortexM3\ARM_GCC_541\Debug\Design01.a(CyLib.o)
                0x0000920c                CyILO_Stop100K
 .text.CyPLL_OUT_Start
                0x0000921c       0x78 .\CortexM3\ARM_GCC_541\Debug\Design01.a(CyLib.o)
                0x0000921c                CyPLL_OUT_Start
 .text.CyIMO_Start
                0x00009294       0x60 .\CortexM3\ARM_GCC_541\Debug\Design01.a(CyLib.o)
                0x00009294                CyIMO_Start
 .text.CyILO_SetPowerMode
                0x000092f4       0x24 .\CortexM3\ARM_GCC_541\Debug\Design01.a(CyLib.o)
                0x000092f4                CyILO_SetPowerMode
 .text.CyXTAL_Start
                0x00009318       0xac .\CortexM3\ARM_GCC_541\Debug\Design01.a(CyLib.o)
                0x00009318                CyXTAL_Start
 .text.CyXTAL_Stop
                0x000093c4       0x10 .\CortexM3\ARM_GCC_541\Debug\Design01.a(CyLib.o)
                0x000093c4                CyXTAL_Stop
 .text.CyHalt   0x000093d4        0x4 .\CortexM3\ARM_GCC_541\Debug\Design01.a(CyLib.o)
                0x000093d4                CyHalt
 .text.CyIMO_SetTrimValue
                0x000093d8       0xcc .\CortexM3\ARM_GCC_541\Debug\Design01.a(CyLib.o)
 .text.CyIMO_SetFreq
                0x000094a4       0xf4 .\CortexM3\ARM_GCC_541\Debug\Design01.a(CyLib.o)
                0x000094a4                CyIMO_SetFreq
 .text.CyIMO_SetSource
                0x00009598       0x58 .\CortexM3\ARM_GCC_541\Debug\Design01.a(CyLib.o)
                0x00009598                CyIMO_SetSource
 .text.CySoftwareReset
                0x000095f0       0x10 .\CortexM3\ARM_GCC_541\Debug\Design01.a(CyLib.o)
                0x000095f0                CySoftwareReset
 .text.CyDelay  0x00009600       0x2c .\CortexM3\ARM_GCC_541\Debug\Design01.a(CyLib.o)
                0x00009600                CyDelay
 .text.CyDelayUs
                0x0000962c       0x14 .\CortexM3\ARM_GCC_541\Debug\Design01.a(CyLib.o)
                0x0000962c                CyDelayUs
 .text.CyVdStickyStatus
                0x00009640       0x2c .\CortexM3\ARM_GCC_541\Debug\Design01.a(CyLib.o)
                0x00009640                CyVdStickyStatus
 .text.CyVdLvDigitEnable
                0x0000966c       0x84 .\CortexM3\ARM_GCC_541\Debug\Design01.a(CyLib.o)
                0x0000966c                CyVdLvDigitEnable
 .text.CyVdLvAnalogEnable
                0x000096f0       0x80 .\CortexM3\ARM_GCC_541\Debug\Design01.a(CyLib.o)
                0x000096f0                CyVdLvAnalogEnable
 .text.CyVdLvDigitDisable
                0x00009770       0x30 .\CortexM3\ARM_GCC_541\Debug\Design01.a(CyLib.o)
                0x00009770                CyVdLvDigitDisable
 .text.CyVdLvAnalogDisable
                0x000097a0       0x28 .\CortexM3\ARM_GCC_541\Debug\Design01.a(CyLib.o)
                0x000097a0                CyVdLvAnalogDisable
 .text.CyVdHvAnalogEnable
                0x000097c8       0x54 .\CortexM3\ARM_GCC_541\Debug\Design01.a(CyLib.o)
                0x000097c8                CyVdHvAnalogEnable
 .text.CyVdHvAnalogDisable
                0x0000981c       0x20 .\CortexM3\ARM_GCC_541\Debug\Design01.a(CyLib.o)
                0x0000981c                CyVdHvAnalogDisable
 .text.CyFlushCache
                0x0000983c       0x44 .\CortexM3\ARM_GCC_541\Debug\Design01.a(CyLib.o)
                0x0000983c                CyFlushCache
 .text.CyIntSetVector
                0x00009880       0x28 .\CortexM3\ARM_GCC_541\Debug\Design01.a(CyLib.o)
                0x00009880                CyIntSetVector
 .text.CyIntSetPriority
                0x000098a8       0x30 .\CortexM3\ARM_GCC_541\Debug\Design01.a(CyLib.o)
                0x000098a8                CyIntSetPriority
 .text.CyGetUniqueId
                0x000098d8       0x70 .\CortexM3\ARM_GCC_541\Debug\Design01.a(CyLib.o)
                0x000098d8                CyGetUniqueId
 .text.CyPmHibSlpSaveSet
                0x00009948      0x1dc .\CortexM3\ARM_GCC_541\Debug\Design01.a(cyPm.o)
 .text.CyPmHibSlpRestore
                0x00009b24       0xd8 .\CortexM3\ARM_GCC_541\Debug\Design01.a(cyPm.o)
 .text.CyPmHviLviSaveDisable
                0x00009bfc       0xa0 .\CortexM3\ARM_GCC_541\Debug\Design01.a(cyPm.o)
 .text.CyPmHibSaveSet
                0x00009c9c       0x98 .\CortexM3\ARM_GCC_541\Debug\Design01.a(cyPm.o)
 .text.CyPmHviLviRestore
                0x00009d34       0x48 .\CortexM3\ARM_GCC_541\Debug\Design01.a(cyPm.o)
 .text.CyPmHibRestore
                0x00009d7c       0x60 .\CortexM3\ARM_GCC_541\Debug\Design01.a(cyPm.o)
 .text.CyPmSaveClocks
                0x00009ddc      0x218 .\CortexM3\ARM_GCC_541\Debug\Design01.a(cyPm.o)
                0x00009ddc                CyPmSaveClocks
 .text.CyPmRestoreClocks
                0x00009ff4      0x24c .\CortexM3\ARM_GCC_541\Debug\Design01.a(cyPm.o)
                0x00009ff4                CyPmRestoreClocks
 .text.CyPmAltAct
                0x0000a240       0x6c .\CortexM3\ARM_GCC_541\Debug\Design01.a(cyPm.o)
                0x0000a240                CyPmAltAct
 .text.CyPmSleep
                0x0000a2ac       0xf4 .\CortexM3\ARM_GCC_541\Debug\Design01.a(cyPm.o)
                0x0000a2ac                CyPmSleep
 .text.CyPmHibernateEx
                0x0000a3a0       0xf4 .\CortexM3\ARM_GCC_541\Debug\Design01.a(cyPm.o)
                0x0000a3a0                CyPmHibernateEx
 .text.CyPmHibernate
                0x0000a494        0xc .\CortexM3\ARM_GCC_541\Debug\Design01.a(cyPm.o)
                0x0000a494                CyPmHibernate
 .text.CyPmReadStatus
                0x0000a4a0       0x30 .\CortexM3\ARM_GCC_541\Debug\Design01.a(cyPm.o)
                0x0000a4a0                CyPmReadStatus
 .text.CyPmFtwSetInterval
                0x0000a4d0       0x5c .\CortexM3\ARM_GCC_541\Debug\Design01.a(cyPm.o)
                0x0000a4d0                CyPmFtwSetInterval
 .text.D1_ClearInterrupt
                0x0000a52c       0x10 .\CortexM3\ARM_GCC_541\Debug\Design01.a(D1.o)
                0x0000a52c                D1_ClearInterrupt
 .text.isr_1_SetVector
                0x0000a53c        0xc .\CortexM3\ARM_GCC_541\Debug\Design01.a(isr_1.o)
                0x0000a53c                isr_1_SetVector
 .text.isr_1_SetPriority
                0x0000a548       0x10 .\CortexM3\ARM_GCC_541\Debug\Design01.a(isr_1.o)
                0x0000a548                isr_1_SetPriority
 .text.isr_1_Enable
                0x0000a558       0x10 .\CortexM3\ARM_GCC_541\Debug\Design01.a(isr_1.o)
                0x0000a558                isr_1_Enable
 .text.isr_1_Disable
                0x0000a568       0x10 .\CortexM3\ARM_GCC_541\Debug\Design01.a(isr_1.o)
                0x0000a568                isr_1_Disable
 .text.isr_1_StartEx
                0x0000a578       0x1c .\CortexM3\ARM_GCC_541\Debug\Design01.a(isr_1.o)
                0x0000a578                isr_1_StartEx
 .text.I2C_1_Init
                0x0000a594       0x68 .\CortexM3\ARM_GCC_541\Debug\Design01.a(I2C_1.o)
                0x0000a594                I2C_1_Init
 .text.I2C_1_Enable
                0x0000a5fc       0x24 .\CortexM3\ARM_GCC_541\Debug\Design01.a(I2C_1.o)
                0x0000a5fc                I2C_1_Enable
 .text.I2C_1_Start
                0x0000a620       0x28 .\CortexM3\ARM_GCC_541\Debug\Design01.a(I2C_1.o)
                0x0000a620                I2C_1_Start
 .text.I2C_1_Stop
                0x0000a648       0xb4 .\CortexM3\ARM_GCC_541\Debug\Design01.a(I2C_1.o)
                0x0000a648                I2C_1_Stop
 .text.I2C_1_ISR
                0x0000a6fc      0x2d0 .\CortexM3\ARM_GCC_541\Debug\Design01.a(I2C_1_INT.o)
                0x0000a6fc                I2C_1_ISR
 .text.I2C_1_SaveConfig
                0x0000a9cc       0x3c .\CortexM3\ARM_GCC_541\Debug\Design01.a(I2C_1_PM.o)
                0x0000a9cc                I2C_1_SaveConfig
 .text.I2C_1_Sleep
                0x0000aa08       0x24 .\CortexM3\ARM_GCC_541\Debug\Design01.a(I2C_1_PM.o)
                0x0000aa08                I2C_1_Sleep
 .text.I2C_1_RestoreConfig
                0x0000aa2c       0x60 .\CortexM3\ARM_GCC_541\Debug\Design01.a(I2C_1_PM.o)
                0x0000aa2c                I2C_1_RestoreConfig
 .text.I2C_1_Wakeup
                0x0000aa8c       0x24 .\CortexM3\ARM_GCC_541\Debug\Design01.a(I2C_1_PM.o)
                0x0000aa8c                I2C_1_Wakeup
 .text.I2C_1_MasterSendStart
                0x0000aab0       0x80 .\CortexM3\ARM_GCC_541\Debug\Design01.a(I2C_1_MASTER.o)
                0x0000aab0                I2C_1_MasterSendStart
 .text.I2C_1_MasterSendRestart
                0x0000ab30       0x6c .\CortexM3\ARM_GCC_541\Debug\Design01.a(I2C_1_MASTER.o)
                0x0000ab30                I2C_1_MasterSendRestart
 .text.I2C_1_MasterSendStop
                0x0000ab9c       0x38 .\CortexM3\ARM_GCC_541\Debug\Design01.a(I2C_1_MASTER.o)
                0x0000ab9c                I2C_1_MasterSendStop
 .text.I2C_1_MasterWriteByte
                0x0000abd4       0x58 .\CortexM3\ARM_GCC_541\Debug\Design01.a(I2C_1_MASTER.o)
                0x0000abd4                I2C_1_MasterWriteByte
 .text.I2C_1_MasterReadByte
                0x0000ac2c       0x58 .\CortexM3\ARM_GCC_541\Debug\Design01.a(I2C_1_MASTER.o)
                0x0000ac2c                I2C_1_MasterReadByte
 .text.I2C_1_MasterStatus
                0x0000ac84       0x38 .\CortexM3\ARM_GCC_541\Debug\Design01.a(I2C_1_MASTER.o)
                0x0000ac84                I2C_1_MasterStatus
 .text.I2C_1_MasterClearStatus
                0x0000acbc       0x24 .\CortexM3\ARM_GCC_541\Debug\Design01.a(I2C_1_MASTER.o)
                0x0000acbc                I2C_1_MasterClearStatus
 .text.UART_1_Init
                0x0000ace0       0x24 .\CortexM3\ARM_GCC_541\Debug\Design01.a(UART_1.o)
                0x0000ace0                UART_1_Init
 .text.UART_1_Enable
                0x0000ad04       0x38 .\CortexM3\ARM_GCC_541\Debug\Design01.a(UART_1.o)
                0x0000ad04                UART_1_Enable
 .text.UART_1_Start
                0x0000ad3c       0x1c .\CortexM3\ARM_GCC_541\Debug\Design01.a(UART_1.o)
                0x0000ad3c                UART_1_Start
 .text.UART_1_Stop
                0x0000ad58       0x3c .\CortexM3\ARM_GCC_541\Debug\Design01.a(UART_1.o)
                0x0000ad58                UART_1_Stop
 .text.UART_1_ReadRxData
                0x0000ad94        0xc .\CortexM3\ARM_GCC_541\Debug\Design01.a(UART_1.o)
                0x0000ad94                UART_1_ReadRxData
 .text.UART_1_ReadRxStatus
                0x0000ada0       0x10 .\CortexM3\ARM_GCC_541\Debug\Design01.a(UART_1.o)
                0x0000ada0                UART_1_ReadRxStatus
 .text.UART_1_ClearRxBuffer
                0x0000adb0       0x24 .\CortexM3\ARM_GCC_541\Debug\Design01.a(UART_1.o)
                0x0000adb0                UART_1_ClearRxBuffer
 .text.UART_1_WriteTxData
                0x0000add4       0x14 .\CortexM3\ARM_GCC_541\Debug\Design01.a(UART_1.o)
                0x0000add4                UART_1_WriteTxData
 .text.UART_1_ReadTxStatus
                0x0000ade8        0xc .\CortexM3\ARM_GCC_541\Debug\Design01.a(UART_1.o)
                0x0000ade8                UART_1_ReadTxStatus
 .text.UART_1_ClearTxBuffer
                0x0000adf4       0x24 .\CortexM3\ARM_GCC_541\Debug\Design01.a(UART_1.o)
                0x0000adf4                UART_1_ClearTxBuffer
 .text.UART_1_Sleep
                0x0000ae18       0x28 .\CortexM3\ARM_GCC_541\Debug\Design01.a(UART_1_PM.o)
                0x0000ae18                UART_1_Sleep
 .text.UART_1_Wakeup
                0x0000ae40       0x1c .\CortexM3\ARM_GCC_541\Debug\Design01.a(UART_1_PM.o)
                0x0000ae40                UART_1_Wakeup
 .text.isr_UART_1_Tx_SetVector
                0x0000ae5c        0xc .\CortexM3\ARM_GCC_541\Debug\Design01.a(isr_UART_1_Tx.o)
                0x0000ae5c                isr_UART_1_Tx_SetVector
 .text.isr_UART_1_Tx_SetPriority
                0x0000ae68       0x10 .\CortexM3\ARM_GCC_541\Debug\Design01.a(isr_UART_1_Tx.o)
                0x0000ae68                isr_UART_1_Tx_SetPriority
 .text.isr_UART_1_Tx_Enable
                0x0000ae78       0x10 .\CortexM3\ARM_GCC_541\Debug\Design01.a(isr_UART_1_Tx.o)
                0x0000ae78                isr_UART_1_Tx_Enable
 .text.isr_UART_1_Tx_Disable
                0x0000ae88       0x10 .\CortexM3\ARM_GCC_541\Debug\Design01.a(isr_UART_1_Tx.o)
                0x0000ae88                isr_UART_1_Tx_Disable
 .text.isr_UART_1_Tx_StartEx
                0x0000ae98       0x1c .\CortexM3\ARM_GCC_541\Debug\Design01.a(isr_UART_1_Tx.o)
                0x0000ae98                isr_UART_1_Tx_StartEx
 .text.isr_UART_1_Rx_SetVector
                0x0000aeb4        0xc .\CortexM3\ARM_GCC_541\Debug\Design01.a(isr_UART_1_Rx.o)
                0x0000aeb4                isr_UART_1_Rx_SetVector
 .text.isr_UART_1_Rx_SetPriority
                0x0000aec0       0x10 .\CortexM3\ARM_GCC_541\Debug\Design01.a(isr_UART_1_Rx.o)
                0x0000aec0                isr_UART_1_Rx_SetPriority
 .text.isr_UART_1_Rx_Enable
                0x0000aed0        0xc .\CortexM3\ARM_GCC_541\Debug\Design01.a(isr_UART_1_Rx.o)
                0x0000aed0                isr_UART_1_Rx_Enable
 .text.isr_UART_1_Rx_Disable
                0x0000aedc        0xc .\CortexM3\ARM_GCC_541\Debug\Design01.a(isr_UART_1_Rx.o)
                0x0000aedc                isr_UART_1_Rx_Disable
 .text.isr_UART_1_Rx_StartEx
                0x0000aee8       0x1c .\CortexM3\ARM_GCC_541\Debug\Design01.a(isr_UART_1_Rx.o)
                0x0000aee8                isr_UART_1_Rx_StartEx
 .text.ADC_1_CalcGain
                0x0000af04       0x64 .\CortexM3\ARM_GCC_541\Debug\Design01.a(ADC_1.o)
 .text.ADC_1_Enable
                0x0000af68       0x94 .\CortexM3\ARM_GCC_541\Debug\Design01.a(ADC_1.o)
                0x0000af68                ADC_1_Enable
 .text.ADC_1_Stop
                0x0000affc       0x48 .\CortexM3\ARM_GCC_541\Debug\Design01.a(ADC_1.o)
                0x0000affc                ADC_1_Stop
 .text.ADC_1_SetResolution
                0x0000b044       0x38 .\CortexM3\ARM_GCC_541\Debug\Design01.a(ADC_1.o)
                0x0000b044                ADC_1_SetResolution
 .text.ADC_1_Init
                0x0000b07c       0x3c .\CortexM3\ARM_GCC_541\Debug\Design01.a(ADC_1.o)
                0x0000b07c                ADC_1_Init
 .text.ADC_1_Start
                0x0000b0b8       0x1c .\CortexM3\ARM_GCC_541\Debug\Design01.a(ADC_1.o)
                0x0000b0b8                ADC_1_Start
 .text.ADC_1_StartConvert
                0x0000b0d4       0x18 .\CortexM3\ARM_GCC_541\Debug\Design01.a(ADC_1.o)
                0x0000b0d4                ADC_1_StartConvert
 .text.ADC_1_IsEndConversion
                0x0000b0ec       0x24 .\CortexM3\ARM_GCC_541\Debug\Design01.a(ADC_1.o)
                0x0000b0ec                ADC_1_IsEndConversion
 .text.ADC_1_GetResult16
                0x0000b110       0x18 .\CortexM3\ARM_GCC_541\Debug\Design01.a(ADC_1.o)
                0x0000b110                ADC_1_GetResult16
 .text.ADC_1_ISR
                0x0000b128        0x4 .\CortexM3\ARM_GCC_541\Debug\Design01.a(ADC_1_INT.o)
                0x0000b128                ADC_1_ISR
 .text.ADC_1_Sleep
                0x0000b12c       0x40 .\CortexM3\ARM_GCC_541\Debug\Design01.a(ADC_1_PM.o)
                0x0000b12c                ADC_1_Sleep
 .text.ADC_1_Wakeup
                0x0000b16c       0x20 .\CortexM3\ARM_GCC_541\Debug\Design01.a(ADC_1_PM.o)
                0x0000b16c                ADC_1_Wakeup
 .text.ADC_2_CalcGain
                0x0000b18c       0x64 .\CortexM3\ARM_GCC_541\Debug\Design01.a(ADC_2.o)
 .text.ADC_2_Enable
                0x0000b1f0       0x94 .\CortexM3\ARM_GCC_541\Debug\Design01.a(ADC_2.o)
                0x0000b1f0                ADC_2_Enable
 .text.ADC_2_Stop
                0x0000b284       0x48 .\CortexM3\ARM_GCC_541\Debug\Design01.a(ADC_2.o)
                0x0000b284                ADC_2_Stop
 .text.ADC_2_SetResolution
                0x0000b2cc       0x38 .\CortexM3\ARM_GCC_541\Debug\Design01.a(ADC_2.o)
                0x0000b2cc                ADC_2_SetResolution
 .text.ADC_2_Init
                0x0000b304       0x3c .\CortexM3\ARM_GCC_541\Debug\Design01.a(ADC_2.o)
                0x0000b304                ADC_2_Init
 .text.ADC_2_Start
                0x0000b340       0x1c .\CortexM3\ARM_GCC_541\Debug\Design01.a(ADC_2.o)
                0x0000b340                ADC_2_Start
 .text.ADC_2_StartConvert
                0x0000b35c       0x18 .\CortexM3\ARM_GCC_541\Debug\Design01.a(ADC_2.o)
                0x0000b35c                ADC_2_StartConvert
 .text.ADC_2_IsEndConversion
                0x0000b374       0x24 .\CortexM3\ARM_GCC_541\Debug\Design01.a(ADC_2.o)
                0x0000b374                ADC_2_IsEndConversion
 .text.ADC_2_GetResult16
                0x0000b398       0x18 .\CortexM3\ARM_GCC_541\Debug\Design01.a(ADC_2.o)
                0x0000b398                ADC_2_GetResult16
 .text.ADC_2_ISR
                0x0000b3b0        0x4 .\CortexM3\ARM_GCC_541\Debug\Design01.a(ADC_2_INT.o)
                0x0000b3b0                ADC_2_ISR
 .text.ADC_2_Sleep
                0x0000b3b4       0x40 .\CortexM3\ARM_GCC_541\Debug\Design01.a(ADC_2_PM.o)
                0x0000b3b4                ADC_2_Sleep
 .text.ADC_2_Wakeup
                0x0000b3f4       0x20 .\CortexM3\ARM_GCC_541\Debug\Design01.a(ADC_2_PM.o)
                0x0000b3f4                ADC_2_Wakeup
 .text.USBUART_Init
                0x0000b414      0x140 .\CortexM3\ARM_GCC_541\Debug\Design01.a(USBUART.o)
                0x0000b414                USBUART_Init
 .text.USBUART_InitComponent
                0x0000b554       0xb8 .\CortexM3\ARM_GCC_541\Debug\Design01.a(USBUART.o)
                0x0000b554                USBUART_InitComponent
 .text.USBUART_Start
                0x0000b60c       0x24 .\CortexM3\ARM_GCC_541\Debug\Design01.a(USBUART.o)
                0x0000b60c                USBUART_Start
 .text.USBUART_ReInitComponent
                0x0000b630       0x4c .\CortexM3\ARM_GCC_541\Debug\Design01.a(USBUART.o)
                0x0000b630                USBUART_ReInitComponent
 .text.USBUART_Stop
                0x0000b67c       0xb8 .\CortexM3\ARM_GCC_541\Debug\Design01.a(USBUART.o)
                0x0000b67c                USBUART_Stop
 .text.USBUART_GetConfiguration
                0x0000b734        0xc .\CortexM3\ARM_GCC_541\Debug\Design01.a(USBUART.o)
                0x0000b734                USBUART_GetConfiguration
 .text.USBUART_IsConfigurationChanged
                0x0000b740       0x20 .\CortexM3\ARM_GCC_541\Debug\Design01.a(USBUART.o)
                0x0000b740                USBUART_IsConfigurationChanged
 .text.USBUART_GetEPState
                0x0000b760       0x14 .\CortexM3\ARM_GCC_541\Debug\Design01.a(USBUART.o)
                0x0000b760                USBUART_GetEPState
 .text.USBUART_GetEPCount
                0x0000b774       0x28 .\CortexM3\ARM_GCC_541\Debug\Design01.a(USBUART.o)
                0x0000b774                USBUART_GetEPCount
 .text.USBUART_LoadInEP
                0x0000b79c       0x94 .\CortexM3\ARM_GCC_541\Debug\Design01.a(USBUART.o)
                0x0000b79c                USBUART_LoadInEP
 .text.USBUART_EnableOutEP
                0x0000b830       0x2c .\CortexM3\ARM_GCC_541\Debug\Design01.a(USBUART.o)
                0x0000b830                USBUART_EnableOutEP
 .text.USBUART_ReadOutEP
                0x0000b85c       0x50 .\CortexM3\ARM_GCC_541\Debug\Design01.a(USBUART.o)
                0x0000b85c                USBUART_ReadOutEP
 .text.USBUART_StrLen
                0x0000b8ac       0x14 .\CortexM3\ARM_GCC_541\Debug\Design01.a(USBUART_cdc.o)
 .text.USBUART_GetInterfaceComPort
                0x0000b8c0       0x38 .\CortexM3\ARM_GCC_541\Debug\Design01.a(USBUART_cdc.o)
                0x0000b8c0                USBUART_GetInterfaceComPort
 .text.USBUART_DispatchCDCClassRqst
                0x0000b8f8       0x98 .\CortexM3\ARM_GCC_541\Debug\Design01.a(USBUART_cdc.o)
                0x0000b8f8                USBUART_DispatchCDCClassRqst
 .text.USBUART_CDC_Init
                0x0000b990       0x98 .\CortexM3\ARM_GCC_541\Debug\Design01.a(USBUART_cdc.o)
                0x0000b990                USBUART_CDC_Init
 .text.USBUART_PutData
                0x0000ba28       0x50 .\CortexM3\ARM_GCC_541\Debug\Design01.a(USBUART_cdc.o)
                0x0000ba28                USBUART_PutData
 .text.USBUART_PutString
                0x0000ba78       0xa0 .\CortexM3\ARM_GCC_541\Debug\Design01.a(USBUART_cdc.o)
                0x0000ba78                USBUART_PutString
 .text.USBUART_GetCount
                0x0000bb18       0x34 .\CortexM3\ARM_GCC_541\Debug\Design01.a(USBUART_cdc.o)
                0x0000bb18                USBUART_GetCount
 .text.USBUART_DataIsReady
                0x0000bb4c       0x18 .\CortexM3\ARM_GCC_541\Debug\Design01.a(USBUART_cdc.o)
                0x0000bb4c                USBUART_DataIsReady
 .text.USBUART_CDCIsReady
                0x0000bb64       0x18 .\CortexM3\ARM_GCC_541\Debug\Design01.a(USBUART_cdc.o)
                0x0000bb64                USBUART_CDCIsReady
 .text.USBUART_GetData
                0x0000bb7c       0x20 .\CortexM3\ARM_GCC_541\Debug\Design01.a(USBUART_cdc.o)
                0x0000bb7c                USBUART_GetData
 .text.USBUART_Cdc_EpInit
                0x0000bb9c       0x50 .\CortexM3\ARM_GCC_541\Debug\Design01.a(USBUART_cdc.o)
                0x0000bb9c                USBUART_Cdc_EpInit
 .text.USBUART_LoadEP0
                0x0000bbec       0x98 .\CortexM3\ARM_GCC_541\Debug\Design01.a(USBUART_drv.o)
                0x0000bbec                USBUART_LoadEP0
 .text.USBUART_InitZeroLengthControlTransfer
                0x0000bc84       0x34 .\CortexM3\ARM_GCC_541\Debug\Design01.a(USBUART_drv.o)
                0x0000bc84                USBUART_InitZeroLengthControlTransfer
 .text.USBUART_ControlReadDataStage
                0x0000bcb8        0x8 .\CortexM3\ARM_GCC_541\Debug\Design01.a(USBUART_drv.o)
                0x0000bcb8                USBUART_ControlReadDataStage
 .text.USBUART_ControlWriteDataStage
                0x0000bcc0       0x84 .\CortexM3\ARM_GCC_541\Debug\Design01.a(USBUART_drv.o)
                0x0000bcc0                USBUART_ControlWriteDataStage
 .text.USBUART_InitNoDataControlTransfer
                0x0000bd44       0x2c .\CortexM3\ARM_GCC_541\Debug\Design01.a(USBUART_drv.o)
                0x0000bd44                USBUART_InitNoDataControlTransfer
 .text.USBUART_UpdateStatusBlock
                0x0000bd70       0x24 .\CortexM3\ARM_GCC_541\Debug\Design01.a(USBUART_drv.o)
                0x0000bd70                USBUART_UpdateStatusBlock
 .text.USBUART_HandleSetup
                0x0000bd94       0x5c .\CortexM3\ARM_GCC_541\Debug\Design01.a(USBUART_drv.o)
                0x0000bd94                USBUART_HandleSetup
 .text.USBUART_ControlReadStatusStage
                0x0000bdf0       0x38 .\CortexM3\ARM_GCC_541\Debug\Design01.a(USBUART_drv.o)
                0x0000bdf0                USBUART_ControlReadStatusStage
 .text.USBUART_HandleOUT
                0x0000be28       0x38 .\CortexM3\ARM_GCC_541\Debug\Design01.a(USBUART_drv.o)
                0x0000be28                USBUART_HandleOUT
 .text.USBUART_ControlWriteStatusStage
                0x0000be60       0x20 .\CortexM3\ARM_GCC_541\Debug\Design01.a(USBUART_drv.o)
                0x0000be60                USBUART_ControlWriteStatusStage
 .text.USBUART_NoDataControlStatusStage
                0x0000be80       0x40 .\CortexM3\ARM_GCC_541\Debug\Design01.a(USBUART_drv.o)
                0x0000be80                USBUART_NoDataControlStatusStage
 .text.USBUART_HandleIN
                0x0000bec0       0x2c .\CortexM3\ARM_GCC_541\Debug\Design01.a(USBUART_drv.o)
                0x0000bec0                USBUART_HandleIN
 .text.USBUART_EP_0_ISR
                0x0000beec       0xb8 .\CortexM3\ARM_GCC_541\Debug\Design01.a(USBUART_drv.o)
                0x0000beec                USBUART_EP_0_ISR
 .text.USBUART_InitializeStatusBlock
                0x0000bfa4       0x24 .\CortexM3\ARM_GCC_541\Debug\Design01.a(USBUART_drv.o)
                0x0000bfa4                USBUART_InitializeStatusBlock
 .text.USBUART_InitControlRead
                0x0000bfc8       0x50 .\CortexM3\ARM_GCC_541\Debug\Design01.a(USBUART_drv.o)
                0x0000bfc8                USBUART_InitControlRead
 .text.USBUART_InitControlWrite
                0x0000c018       0x48 .\CortexM3\ARM_GCC_541\Debug\Design01.a(USBUART_drv.o)
                0x0000c018                USBUART_InitControlWrite
 .text.USBUART_EP_1_ISR
                0x0000c060       0x30 .\CortexM3\ARM_GCC_541\Debug\Design01.a(USBUART_episr.o)
                0x0000c060                USBUART_EP_1_ISR
 .text.USBUART_EP_2_ISR
                0x0000c090       0x34 .\CortexM3\ARM_GCC_541\Debug\Design01.a(USBUART_episr.o)
                0x0000c090                USBUART_EP_2_ISR
 .text.USBUART_EP_3_ISR
                0x0000c0c4       0x3c .\CortexM3\ARM_GCC_541\Debug\Design01.a(USBUART_episr.o)
                0x0000c0c4                USBUART_EP_3_ISR
 .text.USBUART_SOF_ISR
                0x0000c100        0x4 .\CortexM3\ARM_GCC_541\Debug\Design01.a(USBUART_episr.o)
                0x0000c100                USBUART_SOF_ISR
 .text.USBUART_BUS_RESET_ISR
                0x0000c104        0x8 .\CortexM3\ARM_GCC_541\Debug\Design01.a(USBUART_episr.o)
                0x0000c104                USBUART_BUS_RESET_ISR
 .text.USBUART_DP_ISR
                0x0000c10c        0x8 .\CortexM3\ARM_GCC_541\Debug\Design01.a(USBUART_pm.o)
                0x0000c10c                USBUART_DP_ISR
 .text.USBUART_ReadDieID
                0x0000c114       0x6c .\CortexM3\ARM_GCC_541\Debug\Design01.a(USBUART_std.o)
                0x0000c114                USBUART_ReadDieID
 .text.USBUART_ConfigReg
                0x0000c180       0xa4 .\CortexM3\ARM_GCC_541\Debug\Design01.a(USBUART_std.o)
                0x0000c180                USBUART_ConfigReg
 .text.USBUART_GetConfigTablePtr
                0x0000c224       0x28 .\CortexM3\ARM_GCC_541\Debug\Design01.a(USBUART_std.o)
                0x0000c224                USBUART_GetConfigTablePtr
 .text.USBUART_ConfigAltChanged
                0x0000c24c      0x11c .\CortexM3\ARM_GCC_541\Debug\Design01.a(USBUART_std.o)
                0x0000c24c                USBUART_ConfigAltChanged
 .text.USBUART_GetDeviceTablePtr
                0x0000c368       0x18 .\CortexM3\ARM_GCC_541\Debug\Design01.a(USBUART_std.o)
                0x0000c368                USBUART_GetDeviceTablePtr
 .text.USBUART_GetInterfaceClassTablePtr
                0x0000c380       0x28 .\CortexM3\ARM_GCC_541\Debug\Design01.a(USBUART_std.o)
                0x0000c380                USBUART_GetInterfaceClassTablePtr
 .text.USBUART_Config
                0x0000c3a8      0x1ec .\CortexM3\ARM_GCC_541\Debug\Design01.a(USBUART_std.o)
                0x0000c3a8                USBUART_Config
 .text.USBUART_SetEndpointHalt
                0x0000c594       0x64 .\CortexM3\ARM_GCC_541\Debug\Design01.a(USBUART_std.o)
                0x0000c594                USBUART_SetEndpointHalt
 .text.USBUART_ClearEndpointHalt
                0x0000c5f8       0xac .\CortexM3\ARM_GCC_541\Debug\Design01.a(USBUART_std.o)
                0x0000c5f8                USBUART_ClearEndpointHalt
 .text.USBUART_ValidateAlternateSetting
                0x0000c6a4       0x4c .\CortexM3\ARM_GCC_541\Debug\Design01.a(USBUART_std.o)
                0x0000c6a4                USBUART_ValidateAlternateSetting
 .text.USBUART_HandleStandardRqst
                0x0000c6f0      0x354 .\CortexM3\ARM_GCC_541\Debug\Design01.a(USBUART_std.o)
                0x0000c6f0                USBUART_HandleStandardRqst
 .text.USBUART_HandleVendorRqst
                0x0000ca44       0x18 .\CortexM3\ARM_GCC_541\Debug\Design01.a(USBUART_vnd.o)
                0x0000ca44                USBUART_HandleVendorRqst
 .text.Em_EEPROM_Start
                0x0000ca5c        0x4 .\CortexM3\ARM_GCC_541\Debug\Design01.a(Em_EEPROM.o)
                0x0000ca5c                Em_EEPROM_Start
 .text.Em_EEPROM_Stop
                0x0000ca60        0x4 .\CortexM3\ARM_GCC_541\Debug\Design01.a(Em_EEPROM.o)
                0x0000ca60                Em_EEPROM_Stop
 .text.Em_EEPROM_Write
                0x0000ca64       0xa8 .\CortexM3\ARM_GCC_541\Debug\Design01.a(Em_EEPROM.o)
                0x0000ca64                Em_EEPROM_Write
 .text.isr_Tick_SetVector
                0x0000cb0c        0xc .\CortexM3\ARM_GCC_541\Debug\Design01.a(isr_Tick.o)
                0x0000cb0c                isr_Tick_SetVector
 .text.isr_Tick_SetPriority
                0x0000cb18       0x10 .\CortexM3\ARM_GCC_541\Debug\Design01.a(isr_Tick.o)
                0x0000cb18                isr_Tick_SetPriority
 .text.isr_Tick_Enable
                0x0000cb28        0xc .\CortexM3\ARM_GCC_541\Debug\Design01.a(isr_Tick.o)
                0x0000cb28                isr_Tick_Enable
 .text.isr_Tick_Disable
                0x0000cb34        0xc .\CortexM3\ARM_GCC_541\Debug\Design01.a(isr_Tick.o)
                0x0000cb34                isr_Tick_Disable
 .text.isr_Tick_StartEx
                0x0000cb40       0x1c .\CortexM3\ARM_GCC_541\Debug\Design01.a(isr_Tick.o)
                0x0000cb40                isr_Tick_StartEx
 .text.UART_1_IntClock_Start
                0x0000cb5c       0x1c .\CortexM3\ARM_GCC_541\Debug\Design01.a(UART_1_IntClock.o)
                0x0000cb5c                UART_1_IntClock_Start
 .text.UART_1_IntClock_Stop
                0x0000cb78       0x1c .\CortexM3\ARM_GCC_541\Debug\Design01.a(UART_1_IntClock.o)
                0x0000cb78                UART_1_IntClock_Stop
 .text.ADC_1_theACLK_SetModeRegister
                0x0000cb94       0x14 .\CortexM3\ARM_GCC_541\Debug\Design01.a(ADC_1_theACLK.o)
                0x0000cb94                ADC_1_theACLK_SetModeRegister
 .text.ADC_2_theACLK_SetModeRegister
                0x0000cba8       0x14 .\CortexM3\ARM_GCC_541\Debug\Design01.a(ADC_2_theACLK.o)
                0x0000cba8                ADC_2_theACLK_SetModeRegister
 .text.USBUART_Dp_ClearInterrupt
                0x0000cbbc       0x10 .\CortexM3\ARM_GCC_541\Debug\Design01.a(USBUART_Dp.o)
                0x0000cbbc                USBUART_Dp_ClearInterrupt
 .text.LED1_Write
                0x0000cbcc       0x18 .\CortexM3\ARM_GCC_541\Debug\Design01.a(LED1.o)
                0x0000cbcc                LED1_Write
 .text.SW1_Read
                0x0000cbe4       0x10 .\CortexM3\ARM_GCC_541\Debug\Design01.a(SW1.o)
                0x0000cbe4                SW1_Read
 .text.SleepTimer_Enable
                0x0000cbf4       0x48 .\CortexM3\ARM_GCC_541\Debug\Design01.a(SleepTimer.o)
                0x0000cbf4                SleepTimer_Enable
 .text.SleepTimer_Stop
                0x0000cc3c       0x1c .\CortexM3\ARM_GCC_541\Debug\Design01.a(SleepTimer.o)
                0x0000cc3c                SleepTimer_Stop
 .text.SleepTimer_EnableInt
                0x0000cc58       0x1c .\CortexM3\ARM_GCC_541\Debug\Design01.a(SleepTimer.o)
                0x0000cc58                SleepTimer_EnableInt
 .text.SleepTimer_SetInterval
                0x0000cc74       0x24 .\CortexM3\ARM_GCC_541\Debug\Design01.a(SleepTimer.o)
                0x0000cc74                SleepTimer_SetInterval
 .text.SleepTimer_Init
                0x0000cc98       0x10 .\CortexM3\ARM_GCC_541\Debug\Design01.a(SleepTimer.o)
                0x0000cc98                SleepTimer_Init
 .text.SleepTimer_Start
                0x0000cca8       0x1c .\CortexM3\ARM_GCC_541\Debug\Design01.a(SleepTimer.o)
                0x0000cca8                SleepTimer_Start
 .text.SleepTimer_GetStatus
                0x0000ccc4        0xc .\CortexM3\ARM_GCC_541\Debug\Design01.a(SleepTimer.o)
                0x0000ccc4                SleepTimer_GetStatus
 .text.isr_SleepTimer_SetVector
                0x0000ccd0        0xc .\CortexM3\ARM_GCC_541\Debug\Design01.a(isr_SleepTimer.o)
                0x0000ccd0                isr_SleepTimer_SetVector
 .text.isr_SleepTimer_SetPriority
                0x0000ccdc       0x10 .\CortexM3\ARM_GCC_541\Debug\Design01.a(isr_SleepTimer.o)
                0x0000ccdc                isr_SleepTimer_SetPriority
 .text.isr_SleepTimer_Enable
                0x0000ccec        0xc .\CortexM3\ARM_GCC_541\Debug\Design01.a(isr_SleepTimer.o)
                0x0000ccec                isr_SleepTimer_Enable
 .text.isr_SleepTimer_Disable
                0x0000ccf8        0xc .\CortexM3\ARM_GCC_541\Debug\Design01.a(isr_SleepTimer.o)
                0x0000ccf8                isr_SleepTimer_Disable
 .text.isr_SleepTimer_StartEx
                0x0000cd04       0x1c .\CortexM3\ARM_GCC_541\Debug\Design01.a(isr_SleepTimer.o)
                0x0000cd04                isr_SleepTimer_StartEx
 .text          0x0000cd20       0x20 .\CortexM3\ARM_GCC_541\Debug\Design01.a(CyBootAsmGnu.o)
                0x0000cd20                CyDelayCycles
                0x0000cd30                CyEnterCriticalSection
                0x0000cd38                CyExitCriticalSection
 .text.CySetTempInt
                0x0000cd40       0x60 .\CortexM3\ARM_GCC_541\Debug\Design01.a(CyFlash.o)
 .text.CyFlashGetSpcAlgorithm
                0x0000cda0       0x4c .\CortexM3\ARM_GCC_541\Debug\Design01.a(CyFlash.o)
                0x0000cda0                CyFlashGetSpcAlgorithm
 .text.CySetTemp
                0x0000cdec       0x14 .\CortexM3\ARM_GCC_541\Debug\Design01.a(CyFlash.o)
                0x0000cdec                CySetTemp
 .text.CySetFlashEEBuffer
                0x0000ce00       0x20 .\CortexM3\ARM_GCC_541\Debug\Design01.a(CyFlash.o)
                0x0000ce00                CySetFlashEEBuffer
 .text.CyWriteRowFull
                0x0000ce20       0xf8 .\CortexM3\ARM_GCC_541\Debug\Design01.a(CyFlash.o)
                0x0000ce20                CyWriteRowFull
 .text.CyWriteRowData
                0x0000cf18       0x14 .\CortexM3\ARM_GCC_541\Debug\Design01.a(CyFlash.o)
                0x0000cf18                CyWriteRowData
 .text.CyFlash_SetWaitCycles
                0x0000cf2c       0x7c .\CortexM3\ARM_GCC_541\Debug\Design01.a(CyFlash.o)
                0x0000cf2c                CyFlash_SetWaitCycles
 .text.CySpcStart
                0x0000cfa8       0x24 .\CortexM3\ARM_GCC_541\Debug\Design01.a(CySpc.o)
                0x0000cfa8                CySpcStart
 .text.CySpcReadData
                0x0000cfcc       0x34 .\CortexM3\ARM_GCC_541\Debug\Design01.a(CySpc.o)
                0x0000cfcc                CySpcReadData
 .text.CySpcLoadRowFull
                0x0000d000       0x80 .\CortexM3\ARM_GCC_541\Debug\Design01.a(CySpc.o)
                0x0000d000                CySpcLoadRowFull
 .text.CySpcWriteRow
                0x0000d080       0x4c .\CortexM3\ARM_GCC_541\Debug\Design01.a(CySpc.o)
                0x0000d080                CySpcWriteRow
 .text.CySpcGetTemp
                0x0000d0cc       0x3c .\CortexM3\ARM_GCC_541\Debug\Design01.a(CySpc.o)
                0x0000d0cc                CySpcGetTemp
 .text.CySpcLock
                0x0000d108       0x4c .\CortexM3\ARM_GCC_541\Debug\Design01.a(CySpc.o)
                0x0000d108                CySpcLock
 .text.CySpcUnlock
                0x0000d154       0x38 .\CortexM3\ARM_GCC_541\Debug\Design01.a(CySpc.o)
                0x0000d154                CySpcUnlock
 .text.CySpcGetAlgorithm
                0x0000d18c       0x28 .\CortexM3\ARM_GCC_541\Debug\Design01.a(CySpc.o)
                0x0000d18c                CySpcGetAlgorithm
 .text.USBUART_DispatchClassRqst
                0x0000d1b4       0x60 .\CortexM3\ARM_GCC_541\Debug\Design01.a(USBUART_cls.o)
                0x0000d1b4                USBUART_DispatchClassRqst
 .text.log      0x0000d214      0x100 c:/program files (x86)/cypress/psoc creator/4.2/psoc creator/import/gnu/arm/5.4.1/bin/../lib/gcc/arm-none-eabi/5.4.1/../../../../arm-none-eabi/lib/armv7-m\libm.a(lib_a-w_log.o)
                0x0000d214                log
 .text.pow      0x0000d314      0x330 c:/program files (x86)/cypress/psoc creator/4.2/psoc creator/import/gnu/arm/5.4.1/bin/../lib/gcc/arm-none-eabi/5.4.1/../../../../arm-none-eabi/lib/armv7-m\libm.a(lib_a-w_pow.o)
                0x0000d314                pow
 *fill*         0x0000d644        0x4 
 .text.__ieee754_log
                0x0000d648      0x3e8 c:/program files (x86)/cypress/psoc creator/4.2/psoc creator/import/gnu/arm/5.4.1/bin/../lib/gcc/arm-none-eabi/5.4.1/../../../../arm-none-eabi/lib/armv7-m\libm.a(lib_a-e_log.o)
                0x0000d648                __ieee754_log
 .text.__ieee754_pow
                0x0000da30      0xac4 c:/program files (x86)/cypress/psoc creator/4.2/psoc creator/import/gnu/arm/5.4.1/bin/../lib/gcc/arm-none-eabi/5.4.1/../../../../arm-none-eabi/lib/armv7-m\libm.a(lib_a-e_pow.o)
                0x0000da30                __ieee754_pow
 .text.__ieee754_sqrt
                0x0000e4f4      0x188 c:/program files (x86)/cypress/psoc creator/4.2/psoc creator/import/gnu/arm/5.4.1/bin/../lib/gcc/arm-none-eabi/5.4.1/../../../../arm-none-eabi/lib/armv7-m\libm.a(lib_a-e_sqrt.o)
                0x0000e4f4                __ieee754_sqrt
 .text.fabs     0x0000e67c        0x8 c:/program files (x86)/cypress/psoc creator/4.2/psoc creator/import/gnu/arm/5.4.1/bin/../lib/gcc/arm-none-eabi/5.4.1/../../../../arm-none-eabi/lib/armv7-m\libm.a(lib_a-s_fabs.o)
                0x0000e67c                fabs
 .text.finite   0x0000e684        0xc c:/program files (x86)/cypress/psoc creator/4.2/psoc creator/import/gnu/arm/5.4.1/bin/../lib/gcc/arm-none-eabi/5.4.1/../../../../arm-none-eabi/lib/armv7-m\libm.a(lib_a-s_finite.o)
                0x0000e684                finite
 .text.matherr  0x0000e690        0x4 c:/program files (x86)/cypress/psoc creator/4.2/psoc creator/import/gnu/arm/5.4.1/bin/../lib/gcc/arm-none-eabi/5.4.1/../../../../arm-none-eabi/lib/armv7-m\libm.a(lib_a-s_matherr.o)
                0x0000e690                matherr
 .text.nan      0x0000e694        0xc c:/program files (x86)/cypress/psoc creator/4.2/psoc creator/import/gnu/arm/5.4.1/bin/../lib/gcc/arm-none-eabi/5.4.1/../../../../arm-none-eabi/lib/armv7-m\libm.a(lib_a-s_nan.o)
                0x0000e694                nan
 .text.rint     0x0000e6a0      0x120 c:/program files (x86)/cypress/psoc creator/4.2/psoc creator/import/gnu/arm/5.4.1/bin/../lib/gcc/arm-none-eabi/5.4.1/../../../../arm-none-eabi/lib/armv7-m\libm.a(lib_a-s_rint.o)
                0x0000e6a0                rint
 .text.scalbn   0x0000e7c0       0xe4 c:/program files (x86)/cypress/psoc creator/4.2/psoc creator/import/gnu/arm/5.4.1/bin/../lib/gcc/arm-none-eabi/5.4.1/../../../../arm-none-eabi/lib/armv7-m\libm.a(lib_a-s_scalbn.o)